--- Starting SLURM Job ---
Job ID: 66572582 | Array Task ID: 21 / 100
Running on host: della-i14g10
Allocated CPUs: 16
-----------------------------------------------------
⚠️ Warning: SAM2 library not found. The 'sam2' model type will not be available.
TASK 21/100: 🔍 Scanning for all models in '/scratch/gpfs/ZHUANGL/bz1474/Objaverse/dataset/Trellis500K'...
TASK 21/100: Found 235767 total models in source.
TASK 21/100: This task is responsible for 2358 models.
TASK 21/100: Skipping 0 completed models.
TASK 21/100: ➡️ Found 2358 new models to process.

--- 🧠 TASK 21: Loading DINOv2 model into VRAM... ---
Loading DinoV2 model...
✅ DinoV2 model loaded on cuda.
--- ✅ TASK 21: DINOv2 model loaded. ---

────────────────────────────────────────────────────────────────────────────────
📦 TASK 21: Processing Batch 1 / 3
--- 🚀 TASK 21: Starting Rendering with 8 workers... ---
✅ Generated 50 camera views for Blender.
--- ✅ TASK 21: Rendering for batch complete in 312.89s. ---
--- ⚙️ TASK 21: Encoding rendered images for the batch... ---
--- ✅ TASK 21: Batch 1 complete. Processed 1000 models. ---
────────────────────────────────────────────────────────────────────────────────
📦 TASK 21: Processing Batch 2 / 3
--- 🚀 TASK 21: Starting Rendering with 8 workers... ---
✅ Generated 50 camera views for Blender.
❌ Failed to load mesh /scratch/gpfs/ZHUANGL/bz1474/Objaverse/dataset/Trellis500K/dbb294c7a3b138d39cfd59277ba40a29334e1058c53d7b2eab905ddb8f008654/model_normalized.glb: index 0 is out of bounds for axis 0 with size 0
❌ Failed to load mesh /scratch/gpfs/ZHUANGL/bz1474/Objaverse/dataset/Trellis500K/278369dfd943624ac8e2a01b64a081ddf4f9914ab6198d9093daff68a4162d1e/model_normalized.glb: index 0 is out of bounds for axis 0 with size 0
--- ✅ TASK 21: Rendering for batch complete in 313.31s. ---
--- ⚙️ TASK 21: Encoding rendered images for the batch... ---
--- ✅ TASK 21: Batch 2 complete. Processed 998 models. ---
────────────────────────────────────────────────────────────────────────────────
📦 TASK 21: Processing Batch 3 / 3
--- 🚀 TASK 21: Starting Rendering with 8 workers... ---
✅ Generated 50 camera views for Blender.
--- ✅ TASK 21: Rendering for batch complete in 114.42s. ---
--- ⚙️ TASK 21: Encoding rendered images for the batch... ---
--- ✅ TASK 21: Batch 3 complete. Processed 358 models. ---

✨✨✨✨✨✨✨✨✨✨✨✨✨✨✨✨✨✨✨✨
✨ TASK 21: All Batches Complete! ✨
Successfully processed 2356 models in this task.
Total time elapsed for this task: 6564.76 seconds.
--- Task 21 Finished ---
