--- Starting SLURM Job ---
Job ID: 66579798 | Array Task ID: 85 / 100
Running on host: della-i14g4
Allocated CPUs: 16
-----------------------------------------------------
⚠️ Warning: SAM2 library not found. The 'sam2' model type will not be available.
TASK 85/100: 🔍 Scanning for all models in '/scratch/gpfs/ZHUANGL/bz1474/Objaverse/dataset/Trellis500K'...
TASK 85/100: Found 235767 total models in source.
TASK 85/100: This task is responsible for 2357 models.
TASK 85/100: Skipping 0 completed models.
TASK 85/100: ➡️ Found 2357 new models to process.

--- 🧠 TASK 85: Loading DINOv2 model into VRAM... ---
Loading DinoV2 model...
✅ DinoV2 model loaded on cuda.
--- ✅ TASK 85: DINOv2 model loaded. ---

────────────────────────────────────────────────────────────────────────────────
📦 TASK 85: Processing Batch 1 / 3
--- 🚀 TASK 85: Starting Rendering with 8 workers... ---
✅ Generated 50 camera views for Blender.
❌ Failed to load mesh /scratch/gpfs/ZHUANGL/bz1474/Objaverse/dataset/Trellis500K/481f967580a69df598a3f2b42be648dc35c9f9550c7f882002d5dd438eaa6929/model_normalized.glb: index 0 is out of bounds for axis 0 with size 0
❌ Failed to load mesh /scratch/gpfs/ZHUANGL/bz1474/Objaverse/dataset/Trellis500K/044e08ea7dcb342a8aba5045234ba69671ddfdc96c5124b3de3c2d67e895d9c5/model_normalized.glb: index 0 is out of bounds for axis 0 with size 0
--- ✅ TASK 85: Rendering for batch complete in 311.06s. ---
--- ⚙️ TASK 85: Encoding rendered images for the batch... ---
--- ✅ TASK 85: Batch 1 complete. Processed 998 models. ---
────────────────────────────────────────────────────────────────────────────────
📦 TASK 85: Processing Batch 2 / 3
--- 🚀 TASK 85: Starting Rendering with 8 workers... ---
✅ Generated 50 camera views for Blender.
❌ Failed to load mesh /scratch/gpfs/ZHUANGL/bz1474/Objaverse/dataset/Trellis500K/fc8b61c0d1b4a8dd96cd79aec627f75ca344fd289159f37fea695d67ffa1ae1d/model_normalized.glb: index 0 is out of bounds for axis 0 with size 0
--- ✅ TASK 85: Rendering for batch complete in 306.02s. ---
--- ⚙️ TASK 85: Encoding rendered images for the batch... ---
--- ✅ TASK 85: Batch 2 complete. Processed 999 models. ---
────────────────────────────────────────────────────────────────────────────────
📦 TASK 85: Processing Batch 3 / 3
--- 🚀 TASK 85: Starting Rendering with 8 workers... ---
✅ Generated 50 camera views for Blender.
--- ✅ TASK 85: Rendering for batch complete in 115.27s. ---
--- ⚙️ TASK 85: Encoding rendered images for the batch... ---
--- ✅ TASK 85: Batch 3 complete. Processed 357 models. ---

✨✨✨✨✨✨✨✨✨✨✨✨✨✨✨✨✨✨✨✨
✨ TASK 85: All Batches Complete! ✨
Successfully processed 2354 models in this task.
Total time elapsed for this task: 6466.57 seconds.
--- Task 85 Finished ---
