--- Starting SLURM Job ---
Job ID: 66575201 | Array Task ID: 48 / 100
Running on host: della-i14g9
Allocated CPUs: 16
-----------------------------------------------------
⚠️ Warning: SAM2 library not found. The 'sam2' model type will not be available.
TASK 48/100: 🔍 Scanning for all models in '/scratch/gpfs/ZHUANGL/bz1474/Objaverse/dataset/Trellis500K'...
TASK 48/100: Found 235767 total models in source.
TASK 48/100: This task is responsible for 2358 models.
TASK 48/100: Skipping 0 completed models.
TASK 48/100: ➡️ Found 2358 new models to process.

--- 🧠 TASK 48: Loading DINOv2 model into VRAM... ---
Loading DinoV2 model...
✅ DinoV2 model loaded on cuda.
--- ✅ TASK 48: DINOv2 model loaded. ---

────────────────────────────────────────────────────────────────────────────────
📦 TASK 48: Processing Batch 1 / 3
--- 🚀 TASK 48: Starting Rendering with 8 workers... ---
✅ Generated 50 camera views for Blender.
❌ Failed to load mesh /scratch/gpfs/ZHUANGL/bz1474/Objaverse/dataset/Trellis500K/22765b69f0ebd38497e0152ec35ffa75208a444ed4ffd5fec6965bb9ff49214d/model_normalized.glb: index 0 is out of bounds for axis 0 with size 0
❌ Failed to load mesh /scratch/gpfs/ZHUANGL/bz1474/Objaverse/dataset/Trellis500K/1834bbab0156397bc25b102b05405d8e4345a2eb169362b509dca53055656e0d/model_normalized.glb: index 0 is out of bounds for axis 0 with size 0
--- ✅ TASK 48: Rendering for batch complete in 305.56s. ---
--- ⚙️ TASK 48: Encoding rendered images for the batch... ---
--- ✅ TASK 48: Batch 1 complete. Processed 998 models. ---
────────────────────────────────────────────────────────────────────────────────
📦 TASK 48: Processing Batch 2 / 3
--- 🚀 TASK 48: Starting Rendering with 8 workers... ---
✅ Generated 50 camera views for Blender.
--- ✅ TASK 48: Rendering for batch complete in 312.37s. ---
--- ⚙️ TASK 48: Encoding rendered images for the batch... ---
--- ✅ TASK 48: Batch 2 complete. Processed 1000 models. ---
────────────────────────────────────────────────────────────────────────────────
📦 TASK 48: Processing Batch 3 / 3
--- 🚀 TASK 48: Starting Rendering with 8 workers... ---
✅ Generated 50 camera views for Blender.
--- ✅ TASK 48: Rendering for batch complete in 113.36s. ---
--- ⚙️ TASK 48: Encoding rendered images for the batch... ---
--- ✅ TASK 48: Batch 3 complete. Processed 358 models. ---

✨✨✨✨✨✨✨✨✨✨✨✨✨✨✨✨✨✨✨✨
✨ TASK 48: All Batches Complete! ✨
Successfully processed 2356 models in this task.
Total time elapsed for this task: 6614.19 seconds.
--- Task 48 Finished ---
