--- Starting SLURM Job ---
Job ID: 66567123 | Array Task ID: 4 / 100
Running on host: della-l01g11
Allocated CPUs: 16
-----------------------------------------------------
⚠️ Warning: SAM2 library not found. The 'sam2' model type will not be available.
TASK 4/100: 🔍 Scanning for all models in '/scratch/gpfs/ZHUANGL/bz1474/Objaverse/dataset/Trellis500K'...
TASK 4/100: Found 235767 total models in source.
TASK 4/100: This task is responsible for 2358 models.
TASK 4/100: Skipping 0 completed models.
TASK 4/100: ➡️ Found 2358 new models to process.

--- 🧠 TASK 4: Loading DINOv2 model into VRAM... ---
Loading DinoV2 model...
✅ DinoV2 model loaded on cuda.
--- ✅ TASK 4: DINOv2 model loaded. ---

────────────────────────────────────────────────────────────────────────────────
📦 TASK 4: Processing Batch 1 / 3
--- 🚀 TASK 4: Starting Rendering with 8 workers... ---
✅ Generated 50 camera views for Blender.
❌ Failed to load mesh /scratch/gpfs/ZHUANGL/bz1474/Objaverse/dataset/Trellis500K/42dc9cae7672e0b3e121e6cf14bc6f9d892b2516db155dd687e8f8085742948f/model_normalized.glb: index 0 is out of bounds for axis 0 with size 0
❌ Failed to load mesh /scratch/gpfs/ZHUANGL/bz1474/Objaverse/dataset/Trellis500K/9d338c68d6b7a300add038d024bfb3a012167ecc46094023c6ebce7bff53eee9/model_normalized.glb: index 0 is out of bounds for axis 0 with size 0
❌ Failed to load mesh /scratch/gpfs/ZHUANGL/bz1474/Objaverse/dataset/Trellis500K/d4cce8512365f4fbd977c634d3153e1b375b5ca9d2cf5ce09fb80ee20a7a5f50/model_normalized.glb: index 0 is out of bounds for axis 0 with size 0
--- ✅ TASK 4: Rendering for batch complete in 973.59s. ---
--- ⚙️ TASK 4: Encoding rendered images for the batch... ---
--- ✅ TASK 4: Batch 1 complete. Processed 997 models. ---
────────────────────────────────────────────────────────────────────────────────
📦 TASK 4: Processing Batch 2 / 3
--- 🚀 TASK 4: Starting Rendering with 8 workers... ---
✅ Generated 50 camera views for Blender.
--- ✅ TASK 4: Rendering for batch complete in 999.56s. ---
--- ⚙️ TASK 4: Encoding rendered images for the batch... ---
--- ✅ TASK 4: Batch 2 complete. Processed 1000 models. ---
────────────────────────────────────────────────────────────────────────────────
📦 TASK 4: Processing Batch 3 / 3
--- 🚀 TASK 4: Starting Rendering with 8 workers... ---
✅ Generated 50 camera views for Blender.
--- ✅ TASK 4: Rendering for batch complete in 373.17s. ---
--- ⚙️ TASK 4: Encoding rendered images for the batch... ---
--- ✅ TASK 4: Batch 3 complete. Processed 358 models. ---

✨✨✨✨✨✨✨✨✨✨✨✨✨✨✨✨✨✨✨✨
✨ TASK 4: All Batches Complete! ✨
Successfully processed 2355 models in this task.
Total time elapsed for this task: 13981.29 seconds.
--- Task 4 Finished ---
