--- Starting SLURM Job ---
Job ID: 66571202 | Array Task ID: 11 / 100
Running on host: della-l01g9
Allocated CPUs: 16
-----------------------------------------------------
⚠️ Warning: SAM2 library not found. The 'sam2' model type will not be available.
TASK 11/100: 🔍 Scanning for all models in '/scratch/gpfs/ZHUANGL/bz1474/Objaverse/dataset/Trellis500K'...
TASK 11/100: Found 235767 total models in source.
TASK 11/100: This task is responsible for 2358 models.
TASK 11/100: Skipping 0 completed models.
TASK 11/100: ➡️ Found 2358 new models to process.

--- 🧠 TASK 11: Loading DINOv2 model into VRAM... ---
Loading DinoV2 model...
✅ DinoV2 model loaded on cuda.
--- ✅ TASK 11: DINOv2 model loaded. ---

────────────────────────────────────────────────────────────────────────────────
📦 TASK 11: Processing Batch 1 / 3
--- 🚀 TASK 11: Starting Rendering with 8 workers... ---
✅ Generated 50 camera views for Blender.
--- ✅ TASK 11: Rendering for batch complete in 932.39s. ---
--- ⚙️ TASK 11: Encoding rendered images for the batch... ---
--- ✅ TASK 11: Batch 1 complete. Processed 1000 models. ---
────────────────────────────────────────────────────────────────────────────────
📦 TASK 11: Processing Batch 2 / 3
--- 🚀 TASK 11: Starting Rendering with 8 workers... ---
✅ Generated 50 camera views for Blender.
--- ✅ TASK 11: Rendering for batch complete in 1006.47s. ---
--- ⚙️ TASK 11: Encoding rendered images for the batch... ---
--- ✅ TASK 11: Batch 2 complete. Processed 1000 models. ---
────────────────────────────────────────────────────────────────────────────────
📦 TASK 11: Processing Batch 3 / 3
--- 🚀 TASK 11: Starting Rendering with 8 workers... ---
✅ Generated 50 camera views for Blender.
--- ✅ TASK 11: Rendering for batch complete in 374.02s. ---
--- ⚙️ TASK 11: Encoding rendered images for the batch... ---
--- ✅ TASK 11: Batch 3 complete. Processed 358 models. ---

✨✨✨✨✨✨✨✨✨✨✨✨✨✨✨✨✨✨✨✨
✨ TASK 11: All Batches Complete! ✨
Successfully processed 2358 models in this task.
Total time elapsed for this task: 13928.36 seconds.
--- Task 11 Finished ---
