--- Starting SLURM Job ---
Job ID: 66579186 | Array Task ID: 83 / 100
Running on host: della-i14g19
Allocated CPUs: 16
-----------------------------------------------------
⚠️ Warning: SAM2 library not found. The 'sam2' model type will not be available.
TASK 83/100: 🔍 Scanning for all models in '/scratch/gpfs/ZHUANGL/bz1474/Objaverse/dataset/Trellis500K'...
TASK 83/100: Found 235767 total models in source.
TASK 83/100: This task is responsible for 2357 models.
TASK 83/100: Skipping 0 completed models.
TASK 83/100: ➡️ Found 2357 new models to process.

--- 🧠 TASK 83: Loading DINOv2 model into VRAM... ---
Loading DinoV2 model...
✅ DinoV2 model loaded on cuda.
--- ✅ TASK 83: DINOv2 model loaded. ---

────────────────────────────────────────────────────────────────────────────────
📦 TASK 83: Processing Batch 1 / 3
--- 🚀 TASK 83: Starting Rendering with 8 workers... ---
✅ Generated 50 camera views for Blender.
❌ Failed to load mesh /scratch/gpfs/ZHUANGL/bz1474/Objaverse/dataset/Trellis500K/85aa4c2001af01762a44bce80b698c1d8c9b7e182965c21bb880cb78d9a505af/model_normalized.glb: index 0 is out of bounds for axis 0 with size 0
❌ Failed to load mesh /scratch/gpfs/ZHUANGL/bz1474/Objaverse/dataset/Trellis500K/0d1417bea380371a0ed68948e31bcaa8da0b968c5aea064004d5f30b252e89fe/model_normalized.glb: index 0 is out of bounds for axis 0 with size 0
--- ✅ TASK 83: Rendering for batch complete in 303.29s. ---
--- ⚙️ TASK 83: Encoding rendered images for the batch... ---
--- ✅ TASK 83: Batch 1 complete. Processed 998 models. ---
────────────────────────────────────────────────────────────────────────────────
📦 TASK 83: Processing Batch 2 / 3
--- 🚀 TASK 83: Starting Rendering with 8 workers... ---
✅ Generated 50 camera views for Blender.
--- ✅ TASK 83: Rendering for batch complete in 310.86s. ---
--- ⚙️ TASK 83: Encoding rendered images for the batch... ---
--- ✅ TASK 83: Batch 2 complete. Processed 1000 models. ---
────────────────────────────────────────────────────────────────────────────────
📦 TASK 83: Processing Batch 3 / 3
--- 🚀 TASK 83: Starting Rendering with 8 workers... ---
✅ Generated 50 camera views for Blender.
--- ✅ TASK 83: Rendering for batch complete in 111.69s. ---
--- ⚙️ TASK 83: Encoding rendered images for the batch... ---
--- ✅ TASK 83: Batch 3 complete. Processed 357 models. ---

✨✨✨✨✨✨✨✨✨✨✨✨✨✨✨✨✨✨✨✨
✨ TASK 83: All Batches Complete! ✨
Successfully processed 2355 models in this task.
Total time elapsed for this task: 6552.18 seconds.
--- Task 83 Finished ---
