--- Starting SLURM Job ---
Job ID: 66567239 | Array Task ID: 5 / 100
Running on host: della-l01g12
Allocated CPUs: 16
-----------------------------------------------------
⚠️ Warning: SAM2 library not found. The 'sam2' model type will not be available.
TASK 5/100: 🔍 Scanning for all models in '/scratch/gpfs/ZHUANGL/bz1474/Objaverse/dataset/Trellis500K'...
TASK 5/100: Found 235767 total models in source.
TASK 5/100: This task is responsible for 2358 models.
TASK 5/100: Skipping 0 completed models.
TASK 5/100: ➡️ Found 2358 new models to process.

--- 🧠 TASK 5: Loading DINOv2 model into VRAM... ---
Loading DinoV2 model...
✅ DinoV2 model loaded on cuda.
--- ✅ TASK 5: DINOv2 model loaded. ---

────────────────────────────────────────────────────────────────────────────────
📦 TASK 5: Processing Batch 1 / 3
--- 🚀 TASK 5: Starting Rendering with 8 workers... ---
✅ Generated 50 camera views for Blender.
❌ Failed to load mesh /scratch/gpfs/ZHUANGL/bz1474/Objaverse/dataset/Trellis500K/6b2ba4612ba8ee66bcf094ef1f16ff22d9ced1dd41dccae8a9e9f71a687b12c5/model_normalized.glb: index 0 is out of bounds for axis 0 with size 0
--- ✅ TASK 5: Rendering for batch complete in 926.22s. ---
--- ⚙️ TASK 5: Encoding rendered images for the batch... ---
--- ✅ TASK 5: Batch 1 complete. Processed 999 models. ---
────────────────────────────────────────────────────────────────────────────────
📦 TASK 5: Processing Batch 2 / 3
--- 🚀 TASK 5: Starting Rendering with 8 workers... ---
✅ Generated 50 camera views for Blender.
--- ✅ TASK 5: Rendering for batch complete in 963.93s. ---
--- ⚙️ TASK 5: Encoding rendered images for the batch... ---
--- ✅ TASK 5: Batch 2 complete. Processed 1000 models. ---
────────────────────────────────────────────────────────────────────────────────
📦 TASK 5: Processing Batch 3 / 3
--- 🚀 TASK 5: Starting Rendering with 8 workers... ---
✅ Generated 50 camera views for Blender.
--- ✅ TASK 5: Rendering for batch complete in 357.17s. ---
--- ⚙️ TASK 5: Encoding rendered images for the batch... ---
--- ✅ TASK 5: Batch 3 complete. Processed 358 models. ---

✨✨✨✨✨✨✨✨✨✨✨✨✨✨✨✨✨✨✨✨
✨ TASK 5: All Batches Complete! ✨
Successfully processed 2357 models in this task.
Total time elapsed for this task: 13907.35 seconds.
--- Task 5 Finished ---
