--- Starting SLURM Job ---
Job ID: 66580307 | Array Task ID: 93 / 100
Running on host: della-i14g10
Allocated CPUs: 16
-----------------------------------------------------
⚠️ Warning: SAM2 library not found. The 'sam2' model type will not be available.
TASK 93/100: 🔍 Scanning for all models in '/scratch/gpfs/ZHUANGL/bz1474/Objaverse/dataset/Trellis500K'...
TASK 93/100: Found 235767 total models in source.
TASK 93/100: This task is responsible for 2357 models.
TASK 93/100: Skipping 0 completed models.
TASK 93/100: ➡️ Found 2357 new models to process.

--- 🧠 TASK 93: Loading DINOv2 model into VRAM... ---
Loading DinoV2 model...
✅ DinoV2 model loaded on cuda.
--- ✅ TASK 93: DINOv2 model loaded. ---

────────────────────────────────────────────────────────────────────────────────
📦 TASK 93: Processing Batch 1 / 3
--- 🚀 TASK 93: Starting Rendering with 8 workers... ---
✅ Generated 50 camera views for Blender.
❌ Failed to load mesh /scratch/gpfs/ZHUANGL/bz1474/Objaverse/dataset/Trellis500K/76c40f5811c65cbd18af2e729f94fbab41e627cb75426978fe575dc7ba7f3af3/model_normalized.glb: index 0 is out of bounds for axis 0 with size 0
--- ✅ TASK 93: Rendering for batch complete in 300.02s. ---
--- ⚙️ TASK 93: Encoding rendered images for the batch... ---
--- ✅ TASK 93: Batch 1 complete. Processed 999 models. ---
────────────────────────────────────────────────────────────────────────────────
📦 TASK 93: Processing Batch 2 / 3
--- 🚀 TASK 93: Starting Rendering with 8 workers... ---
✅ Generated 50 camera views for Blender.
--- ✅ TASK 93: Rendering for batch complete in 309.53s. ---
--- ⚙️ TASK 93: Encoding rendered images for the batch... ---
--- ✅ TASK 93: Batch 2 complete. Processed 1000 models. ---
────────────────────────────────────────────────────────────────────────────────
📦 TASK 93: Processing Batch 3 / 3
--- 🚀 TASK 93: Starting Rendering with 8 workers... ---
✅ Generated 50 camera views for Blender.
--- ✅ TASK 93: Rendering for batch complete in 113.08s. ---
--- ⚙️ TASK 93: Encoding rendered images for the batch... ---
--- ✅ TASK 93: Batch 3 complete. Processed 357 models. ---

✨✨✨✨✨✨✨✨✨✨✨✨✨✨✨✨✨✨✨✨
✨ TASK 93: All Batches Complete! ✨
Successfully processed 2356 models in this task.
Total time elapsed for this task: 6549.01 seconds.
--- Task 93 Finished ---
