--- Starting SLURM Job ---
Job ID: 66573792 | Array Task ID: 32 / 100
Running on host: della-i14g2
Allocated CPUs: 16
-----------------------------------------------------
⚠️ Warning: SAM2 library not found. The 'sam2' model type will not be available.
TASK 32/100: 🔍 Scanning for all models in '/scratch/gpfs/ZHUANGL/bz1474/Objaverse/dataset/Trellis500K'...
TASK 32/100: Found 235767 total models in source.
TASK 32/100: This task is responsible for 2358 models.
TASK 32/100: Skipping 0 completed models.
TASK 32/100: ➡️ Found 2358 new models to process.

--- 🧠 TASK 32: Loading DINOv2 model into VRAM... ---
Loading DinoV2 model...
✅ DinoV2 model loaded on cuda.
--- ✅ TASK 32: DINOv2 model loaded. ---

────────────────────────────────────────────────────────────────────────────────
📦 TASK 32: Processing Batch 1 / 3
--- 🚀 TASK 32: Starting Rendering with 8 workers... ---
✅ Generated 50 camera views for Blender.
❌ Failed to load mesh /scratch/gpfs/ZHUANGL/bz1474/Objaverse/dataset/Trellis500K/36379d4b483c4f85a3e771c6d9dc42dd0451be922d7e6c2621b5d6586dffde8c/model_normalized.glb: index 0 is out of bounds for axis 0 with size 0
❌ Failed to load mesh /scratch/gpfs/ZHUANGL/bz1474/Objaverse/dataset/Trellis500K/3a8ff7e1a0360546fa847690f350ada63bdc62e04d7e8434f3a6374121ad930a/model_normalized.glb: index 0 is out of bounds for axis 0 with size 0
❌ Failed to load mesh /scratch/gpfs/ZHUANGL/bz1474/Objaverse/dataset/Trellis500K/c54d250eff135e33d6c66f7735f74a26b3df9a341a63ce33b10565610d13bf3e/model_normalized.glb: index 0 is out of bounds for axis 0 with size 0
--- ✅ TASK 32: Rendering for batch complete in 303.70s. ---
--- ⚙️ TASK 32: Encoding rendered images for the batch... ---
--- ✅ TASK 32: Batch 1 complete. Processed 997 models. ---
────────────────────────────────────────────────────────────────────────────────
📦 TASK 32: Processing Batch 2 / 3
--- 🚀 TASK 32: Starting Rendering with 8 workers... ---
✅ Generated 50 camera views for Blender.
--- ✅ TASK 32: Rendering for batch complete in 311.90s. ---
--- ⚙️ TASK 32: Encoding rendered images for the batch... ---
--- ✅ TASK 32: Batch 2 complete. Processed 1000 models. ---
────────────────────────────────────────────────────────────────────────────────
📦 TASK 32: Processing Batch 3 / 3
--- 🚀 TASK 32: Starting Rendering with 8 workers... ---
✅ Generated 50 camera views for Blender.
--- ✅ TASK 32: Rendering for batch complete in 112.67s. ---
--- ⚙️ TASK 32: Encoding rendered images for the batch... ---
--- ✅ TASK 32: Batch 3 complete. Processed 358 models. ---

✨✨✨✨✨✨✨✨✨✨✨✨✨✨✨✨✨✨✨✨
✨ TASK 32: All Batches Complete! ✨
Successfully processed 2355 models in this task.
Total time elapsed for this task: 6602.60 seconds.
--- Task 32 Finished ---
