--- Starting SLURM Job ---
Job ID: 66574216 | Array Task ID: 35 / 100
Running on host: della-i14g3
Allocated CPUs: 16
-----------------------------------------------------
⚠️ Warning: SAM2 library not found. The 'sam2' model type will not be available.
TASK 35/100: 🔍 Scanning for all models in '/scratch/gpfs/ZHUANGL/bz1474/Objaverse/dataset/Trellis500K'...
TASK 35/100: Found 235767 total models in source.
TASK 35/100: This task is responsible for 2358 models.
TASK 35/100: Skipping 0 completed models.
TASK 35/100: ➡️ Found 2358 new models to process.

--- 🧠 TASK 35: Loading DINOv2 model into VRAM... ---
Loading DinoV2 model...
✅ DinoV2 model loaded on cuda.
--- ✅ TASK 35: DINOv2 model loaded. ---

────────────────────────────────────────────────────────────────────────────────
📦 TASK 35: Processing Batch 1 / 3
--- 🚀 TASK 35: Starting Rendering with 8 workers... ---
✅ Generated 50 camera views for Blender.
❌ Failed to load mesh /scratch/gpfs/ZHUANGL/bz1474/Objaverse/dataset/Trellis500K/3289e663908f65e93d098d6bd21f57116d3fc3c9fce73ae11da7671360aba884/model_normalized.glb: index 0 is out of bounds for axis 0 with size 0
--- ✅ TASK 35: Rendering for batch complete in 310.59s. ---
--- ⚙️ TASK 35: Encoding rendered images for the batch... ---
--- ✅ TASK 35: Batch 1 complete. Processed 999 models. ---
────────────────────────────────────────────────────────────────────────────────
📦 TASK 35: Processing Batch 2 / 3
--- 🚀 TASK 35: Starting Rendering with 8 workers... ---
✅ Generated 50 camera views for Blender.
--- ✅ TASK 35: Rendering for batch complete in 305.35s. ---
--- ⚙️ TASK 35: Encoding rendered images for the batch... ---
--- ✅ TASK 35: Batch 2 complete. Processed 1000 models. ---
────────────────────────────────────────────────────────────────────────────────
📦 TASK 35: Processing Batch 3 / 3
--- 🚀 TASK 35: Starting Rendering with 8 workers... ---
✅ Generated 50 camera views for Blender.
--- ✅ TASK 35: Rendering for batch complete in 109.05s. ---
--- ⚙️ TASK 35: Encoding rendered images for the batch... ---
--- ✅ TASK 35: Batch 3 complete. Processed 358 models. ---

✨✨✨✨✨✨✨✨✨✨✨✨✨✨✨✨✨✨✨✨
✨ TASK 35: All Batches Complete! ✨
Successfully processed 2357 models in this task.
Total time elapsed for this task: 6574.77 seconds.
--- Task 35 Finished ---
