--- Starting SLURM Job ---
Job ID: 66576749 | Array Task ID: 58 / 100
Running on host: della-l01g9
Allocated CPUs: 16
-----------------------------------------------------
⚠️ Warning: SAM2 library not found. The 'sam2' model type will not be available.
TASK 58/100: 🔍 Scanning for all models in '/scratch/gpfs/ZHUANGL/bz1474/Objaverse/dataset/Trellis500K'...
TASK 58/100: Found 235767 total models in source.
TASK 58/100: This task is responsible for 2358 models.
TASK 58/100: Skipping 0 completed models.
TASK 58/100: ➡️ Found 2358 new models to process.

--- 🧠 TASK 58: Loading DINOv2 model into VRAM... ---
Loading DinoV2 model...
✅ DinoV2 model loaded on cuda.
--- ✅ TASK 58: DINOv2 model loaded. ---

────────────────────────────────────────────────────────────────────────────────
📦 TASK 58: Processing Batch 1 / 3
--- 🚀 TASK 58: Starting Rendering with 8 workers... ---
✅ Generated 50 camera views for Blender.
❌ Failed to load mesh /scratch/gpfs/ZHUANGL/bz1474/Objaverse/dataset/Trellis500K/374376b04a851d9e619922b2256ace20ee785497b45e0bb4bb611888a033d6b6/model_normalized.glb: index 0 is out of bounds for axis 0 with size 0
❌ Failed to load mesh /scratch/gpfs/ZHUANGL/bz1474/Objaverse/dataset/Trellis500K/e2a76f010c8fcce71b086febfbf35eb425ef8f019db5dec8541b9b4a31206c48/model_normalized.glb: index 0 is out of bounds for axis 0 with size 0
--- ✅ TASK 58: Rendering for batch complete in 909.70s. ---
--- ⚙️ TASK 58: Encoding rendered images for the batch... ---
--- ✅ TASK 58: Batch 1 complete. Processed 998 models. ---
────────────────────────────────────────────────────────────────────────────────
📦 TASK 58: Processing Batch 2 / 3
--- 🚀 TASK 58: Starting Rendering with 8 workers... ---
✅ Generated 50 camera views for Blender.
❌ Failed to load mesh /scratch/gpfs/ZHUANGL/bz1474/Objaverse/dataset/Trellis500K/346c0920a6be8f81a90085a8c85dd43bed81a9dfdd80d1bbfaa0defb365b35dc/model_normalized.glb: index 0 is out of bounds for axis 0 with size 0
--- ✅ TASK 58: Rendering for batch complete in 968.40s. ---
--- ⚙️ TASK 58: Encoding rendered images for the batch... ---
--- ✅ TASK 58: Batch 2 complete. Processed 999 models. ---
────────────────────────────────────────────────────────────────────────────────
📦 TASK 58: Processing Batch 3 / 3
--- 🚀 TASK 58: Starting Rendering with 8 workers... ---
✅ Generated 50 camera views for Blender.
❌ Failed to load mesh /scratch/gpfs/ZHUANGL/bz1474/Objaverse/dataset/Trellis500K/035a022f92f79913afa510baa847e549b724dacd0808b03cb5c56a90f4862a90/model_normalized.glb: index 0 is out of bounds for axis 0 with size 0
--- ✅ TASK 58: Rendering for batch complete in 371.68s. ---
--- ⚙️ TASK 58: Encoding rendered images for the batch... ---
--- ✅ TASK 58: Batch 3 complete. Processed 357 models. ---

✨✨✨✨✨✨✨✨✨✨✨✨✨✨✨✨✨✨✨✨
✨ TASK 58: All Batches Complete! ✨
Successfully processed 2354 models in this task.
Total time elapsed for this task: 13795.00 seconds.
--- Task 58 Finished ---
