--- Starting SLURM Job ---
Job ID: 66572546 | Array Task ID: 20 / 100
Running on host: della-i14g9
Allocated CPUs: 16
-----------------------------------------------------
⚠️ Warning: SAM2 library not found. The 'sam2' model type will not be available.
TASK 20/100: 🔍 Scanning for all models in '/scratch/gpfs/ZHUANGL/bz1474/Objaverse/dataset/Trellis500K'...
TASK 20/100: Found 235767 total models in source.
TASK 20/100: This task is responsible for 2358 models.
TASK 20/100: Skipping 0 completed models.
TASK 20/100: ➡️ Found 2358 new models to process.

--- 🧠 TASK 20: Loading DINOv2 model into VRAM... ---
Loading DinoV2 model...
✅ DinoV2 model loaded on cuda.
--- ✅ TASK 20: DINOv2 model loaded. ---

────────────────────────────────────────────────────────────────────────────────
📦 TASK 20: Processing Batch 1 / 3
--- 🚀 TASK 20: Starting Rendering with 8 workers... ---
✅ Generated 50 camera views for Blender.
❌ Failed to load mesh /scratch/gpfs/ZHUANGL/bz1474/Objaverse/dataset/Trellis500K/bc3ec3ead0349cf4200f1a20463cf0bce5c4d21c5426173d831e02a4880079fc/model_normalized.glb: index 0 is out of bounds for axis 0 with size 0
--- ✅ TASK 20: Rendering for batch complete in 299.34s. ---
--- ⚙️ TASK 20: Encoding rendered images for the batch... ---
--- ✅ TASK 20: Batch 1 complete. Processed 999 models. ---
────────────────────────────────────────────────────────────────────────────────
📦 TASK 20: Processing Batch 2 / 3
--- 🚀 TASK 20: Starting Rendering with 8 workers... ---
✅ Generated 50 camera views for Blender.
❌ Failed to load mesh /scratch/gpfs/ZHUANGL/bz1474/Objaverse/dataset/Trellis500K/5d8870980a033844a63616b8f6af16ea822c745dcd5e97d0dee6ed9cb4b12ba4/model_normalized.glb: index 0 is out of bounds for axis 0 with size 0
--- ✅ TASK 20: Rendering for batch complete in 305.99s. ---
--- ⚙️ TASK 20: Encoding rendered images for the batch... ---
--- ✅ TASK 20: Batch 2 complete. Processed 999 models. ---
────────────────────────────────────────────────────────────────────────────────
📦 TASK 20: Processing Batch 3 / 3
--- 🚀 TASK 20: Starting Rendering with 8 workers... ---
✅ Generated 50 camera views for Blender.
--- ✅ TASK 20: Rendering for batch complete in 111.13s. ---
--- ⚙️ TASK 20: Encoding rendered images for the batch... ---
--- ✅ TASK 20: Batch 3 complete. Processed 358 models. ---

✨✨✨✨✨✨✨✨✨✨✨✨✨✨✨✨✨✨✨✨
✨ TASK 20: All Batches Complete! ✨
Successfully processed 2356 models in this task.
Total time elapsed for this task: 6595.94 seconds.
--- Task 20 Finished ---
