--- Starting SLURM Job ---
Job ID: 66577047 | Array Task ID: 63 / 100
Running on host: della-i14g4
Allocated CPUs: 16
-----------------------------------------------------
⚠️ Warning: SAM2 library not found. The 'sam2' model type will not be available.
TASK 63/100: 🔍 Scanning for all models in '/scratch/gpfs/ZHUANGL/bz1474/Objaverse/dataset/Trellis500K'...
TASK 63/100: Found 235767 total models in source.
TASK 63/100: This task is responsible for 2358 models.
TASK 63/100: Skipping 0 completed models.
TASK 63/100: ➡️ Found 2358 new models to process.

--- 🧠 TASK 63: Loading DINOv2 model into VRAM... ---
Loading DinoV2 model...
✅ DinoV2 model loaded on cuda.
--- ✅ TASK 63: DINOv2 model loaded. ---

────────────────────────────────────────────────────────────────────────────────
📦 TASK 63: Processing Batch 1 / 3
--- 🚀 TASK 63: Starting Rendering with 8 workers... ---
✅ Generated 50 camera views for Blender.
❌ Failed to load mesh /scratch/gpfs/ZHUANGL/bz1474/Objaverse/dataset/Trellis500K/bdce7c004ec723de80349b6eb5ed1a80ef7f0a018b32f1546a1681c5526a7bb9/model_normalized.glb: index 0 is out of bounds for axis 0 with size 0
❌ Failed to load mesh /scratch/gpfs/ZHUANGL/bz1474/Objaverse/dataset/Trellis500K/b3d68c10c2d4551919d6317bdd41169991f517e203e0b62e4e3d1943e0dc06f5/model_normalized.glb: index 0 is out of bounds for axis 0 with size 0
--- ✅ TASK 63: Rendering for batch complete in 304.86s. ---
--- ⚙️ TASK 63: Encoding rendered images for the batch... ---
--- ✅ TASK 63: Batch 1 complete. Processed 998 models. ---
────────────────────────────────────────────────────────────────────────────────
📦 TASK 63: Processing Batch 2 / 3
--- 🚀 TASK 63: Starting Rendering with 8 workers... ---
✅ Generated 50 camera views for Blender.
--- ✅ TASK 63: Rendering for batch complete in 306.98s. ---
--- ⚙️ TASK 63: Encoding rendered images for the batch... ---
--- ✅ TASK 63: Batch 2 complete. Processed 1000 models. ---
────────────────────────────────────────────────────────────────────────────────
📦 TASK 63: Processing Batch 3 / 3
--- 🚀 TASK 63: Starting Rendering with 8 workers... ---
✅ Generated 50 camera views for Blender.
❌ Failed to load mesh /scratch/gpfs/ZHUANGL/bz1474/Objaverse/dataset/Trellis500K/4a3cc35f42b764df44a2e1232512c8ca1a99734621fb2e6e91d57fbbe756eac0/model_normalized.glb: index 0 is out of bounds for axis 0 with size 0
--- ✅ TASK 63: Rendering for batch complete in 113.74s. ---
--- ⚙️ TASK 63: Encoding rendered images for the batch... ---
--- ✅ TASK 63: Batch 3 complete. Processed 357 models. ---

✨✨✨✨✨✨✨✨✨✨✨✨✨✨✨✨✨✨✨✨
✨ TASK 63: All Batches Complete! ✨
Successfully processed 2355 models in this task.
Total time elapsed for this task: 6463.34 seconds.
--- Task 63 Finished ---
