--- Starting SLURM Job ---
Job ID: 66577658 | Array Task ID: 71 / 100
Running on host: della-i14g10
Allocated CPUs: 16
-----------------------------------------------------
⚠️ Warning: SAM2 library not found. The 'sam2' model type will not be available.
TASK 71/100: 🔍 Scanning for all models in '/scratch/gpfs/ZHUANGL/bz1474/Objaverse/dataset/Trellis500K'...
TASK 71/100: Found 235767 total models in source.
TASK 71/100: This task is responsible for 2357 models.
TASK 71/100: Skipping 0 completed models.
TASK 71/100: ➡️ Found 2357 new models to process.

--- 🧠 TASK 71: Loading DINOv2 model into VRAM... ---
Loading DinoV2 model...
✅ DinoV2 model loaded on cuda.
--- ✅ TASK 71: DINOv2 model loaded. ---

────────────────────────────────────────────────────────────────────────────────
📦 TASK 71: Processing Batch 1 / 3
--- 🚀 TASK 71: Starting Rendering with 8 workers... ---
✅ Generated 50 camera views for Blender.
❌ Failed to load mesh /scratch/gpfs/ZHUANGL/bz1474/Objaverse/dataset/Trellis500K/0d5132694b13d006f40ea0c7e25e620f99de1641320b34ca233251d2a79da38e/model_normalized.glb: index 0 is out of bounds for axis 0 with size 0
--- ✅ TASK 71: Rendering for batch complete in 305.73s. ---
--- ⚙️ TASK 71: Encoding rendered images for the batch... ---
--- ✅ TASK 71: Batch 1 complete. Processed 999 models. ---
────────────────────────────────────────────────────────────────────────────────
📦 TASK 71: Processing Batch 2 / 3
--- 🚀 TASK 71: Starting Rendering with 8 workers... ---
✅ Generated 50 camera views for Blender.
❌ Failed to load mesh /scratch/gpfs/ZHUANGL/bz1474/Objaverse/dataset/Trellis500K/cccd81758f62bff59fb48a592e79dd6d669f73f99a01b58bdba07d0c3f2af73e/model_normalized.glb: index 0 is out of bounds for axis 0 with size 0
--- ✅ TASK 71: Rendering for batch complete in 309.32s. ---
--- ⚙️ TASK 71: Encoding rendered images for the batch... ---
--- ✅ TASK 71: Batch 2 complete. Processed 999 models. ---
────────────────────────────────────────────────────────────────────────────────
📦 TASK 71: Processing Batch 3 / 3
--- 🚀 TASK 71: Starting Rendering with 8 workers... ---
✅ Generated 50 camera views for Blender.
--- ✅ TASK 71: Rendering for batch complete in 112.89s. ---
--- ⚙️ TASK 71: Encoding rendered images for the batch... ---
--- ✅ TASK 71: Batch 3 complete. Processed 357 models. ---

✨✨✨✨✨✨✨✨✨✨✨✨✨✨✨✨✨✨✨✨
✨ TASK 71: All Batches Complete! ✨
Successfully processed 2355 models in this task.
Total time elapsed for this task: 6554.07 seconds.
--- Task 71 Finished ---
