--- Starting SLURM Job ---
Job ID: 66576421 | Array Task ID: 51 / 100
Running on host: della-i14g5
Allocated CPUs: 16
-----------------------------------------------------
⚠️ Warning: SAM2 library not found. The 'sam2' model type will not be available.
TASK 51/100: 🔍 Scanning for all models in '/scratch/gpfs/ZHUANGL/bz1474/Objaverse/dataset/Trellis500K'...
TASK 51/100: Found 235767 total models in source.
TASK 51/100: This task is responsible for 2358 models.
TASK 51/100: Skipping 0 completed models.
TASK 51/100: ➡️ Found 2358 new models to process.

--- 🧠 TASK 51: Loading DINOv2 model into VRAM... ---
Loading DinoV2 model...
✅ DinoV2 model loaded on cuda.
--- ✅ TASK 51: DINOv2 model loaded. ---

────────────────────────────────────────────────────────────────────────────────
📦 TASK 51: Processing Batch 1 / 3
--- 🚀 TASK 51: Starting Rendering with 8 workers... ---
✅ Generated 50 camera views for Blender.
❌ Failed to load mesh /scratch/gpfs/ZHUANGL/bz1474/Objaverse/dataset/Trellis500K/b158814e62aed443bb0aef85655593d333b12768d8a39f404eed8aa3fa5365ce/model_normalized.glb: index 0 is out of bounds for axis 0 with size 0
--- ✅ TASK 51: Rendering for batch complete in 306.08s. ---
--- ⚙️ TASK 51: Encoding rendered images for the batch... ---
--- ✅ TASK 51: Batch 1 complete. Processed 999 models. ---
────────────────────────────────────────────────────────────────────────────────
📦 TASK 51: Processing Batch 2 / 3
--- 🚀 TASK 51: Starting Rendering with 8 workers... ---
✅ Generated 50 camera views for Blender.
❌ Failed to load mesh /scratch/gpfs/ZHUANGL/bz1474/Objaverse/dataset/Trellis500K/57b7bcef6137f64fba414ddfc9346afa43c97e84b97e0991ae469701acd3b88b/model_normalized.glb: index 0 is out of bounds for axis 0 with size 0
--- ✅ TASK 51: Rendering for batch complete in 306.55s. ---
--- ⚙️ TASK 51: Encoding rendered images for the batch... ---
--- ✅ TASK 51: Batch 2 complete. Processed 999 models. ---
────────────────────────────────────────────────────────────────────────────────
📦 TASK 51: Processing Batch 3 / 3
--- 🚀 TASK 51: Starting Rendering with 8 workers... ---
✅ Generated 50 camera views for Blender.
❌ Failed to load mesh /scratch/gpfs/ZHUANGL/bz1474/Objaverse/dataset/Trellis500K/b986fb9f093d470cd1bec1949b65297cca033e6cf0da9eaef022a2a60f42a55e/model_normalized.glb: index 0 is out of bounds for axis 0 with size 0
--- ✅ TASK 51: Rendering for batch complete in 113.52s. ---
--- ⚙️ TASK 51: Encoding rendered images for the batch... ---
--- ✅ TASK 51: Batch 3 complete. Processed 357 models. ---

✨✨✨✨✨✨✨✨✨✨✨✨✨✨✨✨✨✨✨✨
✨ TASK 51: All Batches Complete! ✨
Successfully processed 2355 models in this task.
Total time elapsed for this task: 6550.05 seconds.
--- Task 51 Finished ---
