--- Starting SLURM Job ---
Job ID: 66576789 | Array Task ID: 59 / 100
Running on host: della-i14g3
Allocated CPUs: 16
-----------------------------------------------------
⚠️ Warning: SAM2 library not found. The 'sam2' model type will not be available.
TASK 59/100: 🔍 Scanning for all models in '/scratch/gpfs/ZHUANGL/bz1474/Objaverse/dataset/Trellis500K'...
TASK 59/100: Found 235767 total models in source.
TASK 59/100: This task is responsible for 2358 models.
TASK 59/100: Skipping 0 completed models.
TASK 59/100: ➡️ Found 2358 new models to process.

--- 🧠 TASK 59: Loading DINOv2 model into VRAM... ---
Loading DinoV2 model...
✅ DinoV2 model loaded on cuda.
--- ✅ TASK 59: DINOv2 model loaded. ---

────────────────────────────────────────────────────────────────────────────────
📦 TASK 59: Processing Batch 1 / 3
--- 🚀 TASK 59: Starting Rendering with 8 workers... ---
✅ Generated 50 camera views for Blender.
--- ✅ TASK 59: Rendering for batch complete in 298.28s. ---
--- ⚙️ TASK 59: Encoding rendered images for the batch... ---
--- ✅ TASK 59: Batch 1 complete. Processed 1000 models. ---
────────────────────────────────────────────────────────────────────────────────
📦 TASK 59: Processing Batch 2 / 3
--- 🚀 TASK 59: Starting Rendering with 8 workers... ---
✅ Generated 50 camera views for Blender.
--- ✅ TASK 59: Rendering for batch complete in 310.97s. ---
--- ⚙️ TASK 59: Encoding rendered images for the batch... ---
--- ✅ TASK 59: Batch 2 complete. Processed 1000 models. ---
────────────────────────────────────────────────────────────────────────────────
📦 TASK 59: Processing Batch 3 / 3
--- 🚀 TASK 59: Starting Rendering with 8 workers... ---
✅ Generated 50 camera views for Blender.
--- ✅ TASK 59: Rendering for batch complete in 110.94s. ---
--- ⚙️ TASK 59: Encoding rendered images for the batch... ---
--- ✅ TASK 59: Batch 3 complete. Processed 358 models. ---

✨✨✨✨✨✨✨✨✨✨✨✨✨✨✨✨✨✨✨✨
✨ TASK 59: All Batches Complete! ✨
Successfully processed 2358 models in this task.
Total time elapsed for this task: 6572.72 seconds.
--- Task 59 Finished ---
