--- Starting SLURM Job ---
Job ID: 66571486 | Array Task ID: 12 / 100
Running on host: della-i14g3
Allocated CPUs: 16
-----------------------------------------------------
⚠️ Warning: SAM2 library not found. The 'sam2' model type will not be available.
TASK 12/100: 🔍 Scanning for all models in '/scratch/gpfs/ZHUANGL/bz1474/Objaverse/dataset/Trellis500K'...
TASK 12/100: Found 235767 total models in source.
TASK 12/100: This task is responsible for 2358 models.
TASK 12/100: Skipping 0 completed models.
TASK 12/100: ➡️ Found 2358 new models to process.

--- 🧠 TASK 12: Loading DINOv2 model into VRAM... ---
Loading DinoV2 model...
✅ DinoV2 model loaded on cuda.
--- ✅ TASK 12: DINOv2 model loaded. ---

────────────────────────────────────────────────────────────────────────────────
📦 TASK 12: Processing Batch 1 / 3
--- 🚀 TASK 12: Starting Rendering with 8 workers... ---
✅ Generated 50 camera views for Blender.
❌ Failed to load mesh /scratch/gpfs/ZHUANGL/bz1474/Objaverse/dataset/Trellis500K/bd66c2eceeec0b9681c8c9668cdc0864dd5495d01f6a0cf538fd8988e423b423/model_normalized.glb: index 0 is out of bounds for axis 0 with size 0
❌ Failed to load mesh /scratch/gpfs/ZHUANGL/bz1474/Objaverse/dataset/Trellis500K/7af45df9da8684db45bcd5dbaa59e3136a064fbe83077e90a4ae897d48d6ecca/model_normalized.glb: index 0 is out of bounds for axis 0 with size 0
--- ✅ TASK 12: Rendering for batch complete in 305.33s. ---
--- ⚙️ TASK 12: Encoding rendered images for the batch... ---
--- ✅ TASK 12: Batch 1 complete. Processed 998 models. ---
────────────────────────────────────────────────────────────────────────────────
📦 TASK 12: Processing Batch 2 / 3
--- 🚀 TASK 12: Starting Rendering with 8 workers... ---
✅ Generated 50 camera views for Blender.
--- ✅ TASK 12: Rendering for batch complete in 303.68s. ---
--- ⚙️ TASK 12: Encoding rendered images for the batch... ---
--- ✅ TASK 12: Batch 2 complete. Processed 1000 models. ---
────────────────────────────────────────────────────────────────────────────────
📦 TASK 12: Processing Batch 3 / 3
--- 🚀 TASK 12: Starting Rendering with 8 workers... ---
✅ Generated 50 camera views for Blender.
--- ✅ TASK 12: Rendering for batch complete in 112.22s. ---
--- ⚙️ TASK 12: Encoding rendered images for the batch... ---
--- ✅ TASK 12: Batch 3 complete. Processed 358 models. ---

✨✨✨✨✨✨✨✨✨✨✨✨✨✨✨✨✨✨✨✨
✨ TASK 12: All Batches Complete! ✨
Successfully processed 2356 models in this task.
Total time elapsed for this task: 6567.39 seconds.
--- Task 12 Finished ---
