--- Starting SLURM Job ---
Job ID: 66578800 | Array Task ID: 79 / 100
Running on host: della-l01g10
Allocated CPUs: 16
-----------------------------------------------------
⚠️ Warning: SAM2 library not found. The 'sam2' model type will not be available.
TASK 79/100: 🔍 Scanning for all models in '/scratch/gpfs/ZHUANGL/bz1474/Objaverse/dataset/Trellis500K'...
TASK 79/100: Found 235767 total models in source.
TASK 79/100: This task is responsible for 2357 models.
TASK 79/100: Skipping 0 completed models.
TASK 79/100: ➡️ Found 2357 new models to process.

--- 🧠 TASK 79: Loading DINOv2 model into VRAM... ---
Loading DinoV2 model...
✅ DinoV2 model loaded on cuda.
--- ✅ TASK 79: DINOv2 model loaded. ---

────────────────────────────────────────────────────────────────────────────────
📦 TASK 79: Processing Batch 1 / 3
--- 🚀 TASK 79: Starting Rendering with 8 workers... ---
✅ Generated 50 camera views for Blender.
❌ Failed to load mesh /scratch/gpfs/ZHUANGL/bz1474/Objaverse/dataset/Trellis500K/b980c5c8f7fa430a9da4c4d1a7cdb73b00a1ea4303fb68effc73756219295a8a/model_normalized.glb: index 0 is out of bounds for axis 0 with size 0
❌ Failed to load mesh /scratch/gpfs/ZHUANGL/bz1474/Objaverse/dataset/Trellis500K/6c5a174a8a831979cb80f87827388ab230892825e6c3f4f377cecbbc0832ae1e/model_normalized.glb: index 0 is out of bounds for axis 0 with size 0
--- ✅ TASK 79: Rendering for batch complete in 943.94s. ---
--- ⚙️ TASK 79: Encoding rendered images for the batch... ---
--- ✅ TASK 79: Batch 1 complete. Processed 998 models. ---
────────────────────────────────────────────────────────────────────────────────
📦 TASK 79: Processing Batch 2 / 3
--- 🚀 TASK 79: Starting Rendering with 8 workers... ---
✅ Generated 50 camera views for Blender.
--- ✅ TASK 79: Rendering for batch complete in 961.07s. ---
--- ⚙️ TASK 79: Encoding rendered images for the batch... ---
--- ✅ TASK 79: Batch 2 complete. Processed 1000 models. ---
────────────────────────────────────────────────────────────────────────────────
📦 TASK 79: Processing Batch 3 / 3
--- 🚀 TASK 79: Starting Rendering with 8 workers... ---
✅ Generated 50 camera views for Blender.
--- ✅ TASK 79: Rendering for batch complete in 391.49s. ---
--- ⚙️ TASK 79: Encoding rendered images for the batch... ---
--- ✅ TASK 79: Batch 3 complete. Processed 357 models. ---

✨✨✨✨✨✨✨✨✨✨✨✨✨✨✨✨✨✨✨✨
✨ TASK 79: All Batches Complete! ✨
Successfully processed 2355 models in this task.
Total time elapsed for this task: 13834.64 seconds.
--- Task 79 Finished ---
