--- Starting SLURM Job ---
Job ID: 66576430 | Array Task ID: 52 / 100
Running on host: della-l01g11
Allocated CPUs: 16
-----------------------------------------------------
⚠️ Warning: SAM2 library not found. The 'sam2' model type will not be available.
TASK 52/100: 🔍 Scanning for all models in '/scratch/gpfs/ZHUANGL/bz1474/Objaverse/dataset/Trellis500K'...
TASK 52/100: Found 235767 total models in source.
TASK 52/100: This task is responsible for 2358 models.
TASK 52/100: Skipping 0 completed models.
TASK 52/100: ➡️ Found 2358 new models to process.

--- 🧠 TASK 52: Loading DINOv2 model into VRAM... ---
Loading DinoV2 model...
✅ DinoV2 model loaded on cuda.
--- ✅ TASK 52: DINOv2 model loaded. ---

────────────────────────────────────────────────────────────────────────────────
📦 TASK 52: Processing Batch 1 / 3
--- 🚀 TASK 52: Starting Rendering with 8 workers... ---
✅ Generated 50 camera views for Blender.
❌ Failed to load mesh /scratch/gpfs/ZHUANGL/bz1474/Objaverse/dataset/Trellis500K/e6a9a0b1a962bcefb0ba73399459649baec70349e835b2ddf7abce3f22945b9f/model_normalized.glb: index 0 is out of bounds for axis 0 with size 0
❌ Failed to load mesh /scratch/gpfs/ZHUANGL/bz1474/Objaverse/dataset/Trellis500K/d3b352fb668cbd55a5f9fd9c56acaec65aa9d0ecb7a074ea456afc51944b560c/model_normalized.glb: index 0 is out of bounds for axis 0 with size 0
--- ✅ TASK 52: Rendering for batch complete in 900.17s. ---
--- ⚙️ TASK 52: Encoding rendered images for the batch... ---
--- ✅ TASK 52: Batch 1 complete. Processed 998 models. ---
────────────────────────────────────────────────────────────────────────────────
📦 TASK 52: Processing Batch 2 / 3
--- 🚀 TASK 52: Starting Rendering with 8 workers... ---
✅ Generated 50 camera views for Blender.
--- ✅ TASK 52: Rendering for batch complete in 975.87s. ---
--- ⚙️ TASK 52: Encoding rendered images for the batch... ---
--- ✅ TASK 52: Batch 2 complete. Processed 1000 models. ---
────────────────────────────────────────────────────────────────────────────────
📦 TASK 52: Processing Batch 3 / 3
--- 🚀 TASK 52: Starting Rendering with 8 workers... ---
✅ Generated 50 camera views for Blender.
--- ✅ TASK 52: Rendering for batch complete in 359.46s. ---
--- ⚙️ TASK 52: Encoding rendered images for the batch... ---
--- ✅ TASK 52: Batch 3 complete. Processed 358 models. ---

✨✨✨✨✨✨✨✨✨✨✨✨✨✨✨✨✨✨✨✨
✨ TASK 52: All Batches Complete! ✨
Successfully processed 2356 models in this task.
Total time elapsed for this task: 13791.83 seconds.
--- Task 52 Finished ---
