--- Starting SLURM Job ---
Job ID: 66575120 | Array Task ID: 45 / 100
Running on host: della-i14g4
Allocated CPUs: 16
-----------------------------------------------------
⚠️ Warning: SAM2 library not found. The 'sam2' model type will not be available.
TASK 45/100: 🔍 Scanning for all models in '/scratch/gpfs/ZHUANGL/bz1474/Objaverse/dataset/Trellis500K'...
TASK 45/100: Found 235767 total models in source.
TASK 45/100: This task is responsible for 2358 models.
TASK 45/100: Skipping 0 completed models.
TASK 45/100: ➡️ Found 2358 new models to process.

--- 🧠 TASK 45: Loading DINOv2 model into VRAM... ---
Loading DinoV2 model...
✅ DinoV2 model loaded on cuda.
--- ✅ TASK 45: DINOv2 model loaded. ---

────────────────────────────────────────────────────────────────────────────────
📦 TASK 45: Processing Batch 1 / 3
--- 🚀 TASK 45: Starting Rendering with 8 workers... ---
✅ Generated 50 camera views for Blender.
❌ Failed to load mesh /scratch/gpfs/ZHUANGL/bz1474/Objaverse/dataset/Trellis500K/23c8790c95b01e2d124468ba10945aef3019d127ba9585654efa3a991eaa87d9/model_normalized.glb: index 0 is out of bounds for axis 0 with size 0
--- ✅ TASK 45: Rendering for batch complete in 300.13s. ---
--- ⚙️ TASK 45: Encoding rendered images for the batch... ---
--- ✅ TASK 45: Batch 1 complete. Processed 999 models. ---
────────────────────────────────────────────────────────────────────────────────
📦 TASK 45: Processing Batch 2 / 3
--- 🚀 TASK 45: Starting Rendering with 8 workers... ---
✅ Generated 50 camera views for Blender.
❌ Failed to load mesh /scratch/gpfs/ZHUANGL/bz1474/Objaverse/dataset/Trellis500K/e71c9f41ab29e5c84f340e2bf3bde881e3cbe67b85aeb5c17611848b4284b793/model_normalized.glb: index 0 is out of bounds for axis 0 with size 0
--- ✅ TASK 45: Rendering for batch complete in 307.13s. ---
--- ⚙️ TASK 45: Encoding rendered images for the batch... ---
--- ✅ TASK 45: Batch 2 complete. Processed 999 models. ---
────────────────────────────────────────────────────────────────────────────────
📦 TASK 45: Processing Batch 3 / 3
--- 🚀 TASK 45: Starting Rendering with 8 workers... ---
✅ Generated 50 camera views for Blender.
--- ✅ TASK 45: Rendering for batch complete in 111.71s. ---
--- ⚙️ TASK 45: Encoding rendered images for the batch... ---
--- ✅ TASK 45: Batch 3 complete. Processed 358 models. ---

✨✨✨✨✨✨✨✨✨✨✨✨✨✨✨✨✨✨✨✨
✨ TASK 45: All Batches Complete! ✨
Successfully processed 2356 models in this task.
Total time elapsed for this task: 6579.02 seconds.
--- Task 45 Finished ---
