--- Starting SLURM Job ---
Job ID: 66574990 | Array Task ID: 41 / 100
Running on host: della-i14g6
Allocated CPUs: 16
-----------------------------------------------------
⚠️ Warning: SAM2 library not found. The 'sam2' model type will not be available.
TASK 41/100: 🔍 Scanning for all models in '/scratch/gpfs/ZHUANGL/bz1474/Objaverse/dataset/Trellis500K'...
TASK 41/100: Found 235767 total models in source.
TASK 41/100: This task is responsible for 2358 models.
TASK 41/100: Skipping 0 completed models.
TASK 41/100: ➡️ Found 2358 new models to process.

--- 🧠 TASK 41: Loading DINOv2 model into VRAM... ---
Loading DinoV2 model...
✅ DinoV2 model loaded on cuda.
--- ✅ TASK 41: DINOv2 model loaded. ---

────────────────────────────────────────────────────────────────────────────────
📦 TASK 41: Processing Batch 1 / 3
--- 🚀 TASK 41: Starting Rendering with 8 workers... ---
✅ Generated 50 camera views for Blender.
❌ Failed to load mesh /scratch/gpfs/ZHUANGL/bz1474/Objaverse/dataset/Trellis500K/791387bb68c924b8c125a55eb6d7ca4ce304518e2f780c9e79719838b126d0a6/model_normalized.glb: index 0 is out of bounds for axis 0 with size 0
❌ Failed to load mesh /scratch/gpfs/ZHUANGL/bz1474/Objaverse/dataset/Trellis500K/084095ad70254ceea3427e8ba662af07/model_normalized.glb: index 0 is out of bounds for axis 0 with size 0
--- ✅ TASK 41: Rendering for batch complete in 307.47s. ---
--- ⚙️ TASK 41: Encoding rendered images for the batch... ---
--- ✅ TASK 41: Batch 1 complete. Processed 998 models. ---
────────────────────────────────────────────────────────────────────────────────
📦 TASK 41: Processing Batch 2 / 3
--- 🚀 TASK 41: Starting Rendering with 8 workers... ---
✅ Generated 50 camera views for Blender.
--- ✅ TASK 41: Rendering for batch complete in 306.89s. ---
--- ⚙️ TASK 41: Encoding rendered images for the batch... ---
--- ✅ TASK 41: Batch 2 complete. Processed 1000 models. ---
────────────────────────────────────────────────────────────────────────────────
📦 TASK 41: Processing Batch 3 / 3
--- 🚀 TASK 41: Starting Rendering with 8 workers... ---
✅ Generated 50 camera views for Blender.
❌ Failed to load mesh /scratch/gpfs/ZHUANGL/bz1474/Objaverse/dataset/Trellis500K/7f4970a47c034d05f51dc4f4939db31ff93b8644135aa0b418050ed70c72324e/model_normalized.glb: chunk was not expected length!
--- ✅ TASK 41: Rendering for batch complete in 113.41s. ---
--- ⚙️ TASK 41: Encoding rendered images for the batch... ---
--- ✅ TASK 41: Batch 3 complete. Processed 357 models. ---

✨✨✨✨✨✨✨✨✨✨✨✨✨✨✨✨✨✨✨✨
✨ TASK 41: All Batches Complete! ✨
Successfully processed 2355 models in this task.
Total time elapsed for this task: 6598.22 seconds.
--- Task 41 Finished ---
