--- Starting SLURM Job ---
Job ID: 66573012 | Array Task ID: 26 / 100
Running on host: della-i14g5
Allocated CPUs: 16
-----------------------------------------------------
⚠️ Warning: SAM2 library not found. The 'sam2' model type will not be available.
TASK 26/100: 🔍 Scanning for all models in '/scratch/gpfs/ZHUANGL/bz1474/Objaverse/dataset/Trellis500K'...
TASK 26/100: Found 235767 total models in source.
TASK 26/100: This task is responsible for 2358 models.
TASK 26/100: Skipping 0 completed models.
TASK 26/100: ➡️ Found 2358 new models to process.

--- 🧠 TASK 26: Loading DINOv2 model into VRAM... ---
Loading DinoV2 model...
✅ DinoV2 model loaded on cuda.
--- ✅ TASK 26: DINOv2 model loaded. ---

────────────────────────────────────────────────────────────────────────────────
📦 TASK 26: Processing Batch 1 / 3
--- 🚀 TASK 26: Starting Rendering with 8 workers... ---
✅ Generated 50 camera views for Blender.
❌ Failed to load mesh /scratch/gpfs/ZHUANGL/bz1474/Objaverse/dataset/Trellis500K/9fb1a95137a447afedf42278d386bd3ac75e016d8e5ab2b87651f24d742390e0/model_normalized.glb: index 0 is out of bounds for axis 0 with size 0
--- ✅ TASK 26: Rendering for batch complete in 309.92s. ---
--- ⚙️ TASK 26: Encoding rendered images for the batch... ---
--- ✅ TASK 26: Batch 1 complete. Processed 999 models. ---
────────────────────────────────────────────────────────────────────────────────
📦 TASK 26: Processing Batch 2 / 3
--- 🚀 TASK 26: Starting Rendering with 8 workers... ---
✅ Generated 50 camera views for Blender.
❌ Failed to load mesh /scratch/gpfs/ZHUANGL/bz1474/Objaverse/dataset/Trellis500K/6a4121688115edaaa3c005dd84f6b43291f2fb8b7fcf64af494c3b378072695d/model_normalized.glb: index 0 is out of bounds for axis 0 with size 0
--- ✅ TASK 26: Rendering for batch complete in 311.40s. ---
--- ⚙️ TASK 26: Encoding rendered images for the batch... ---
--- ✅ TASK 26: Batch 2 complete. Processed 999 models. ---
────────────────────────────────────────────────────────────────────────────────
📦 TASK 26: Processing Batch 3 / 3
--- 🚀 TASK 26: Starting Rendering with 8 workers... ---
✅ Generated 50 camera views for Blender.
❌ Failed to load mesh /scratch/gpfs/ZHUANGL/bz1474/Objaverse/dataset/Trellis500K/48ee01f2480051c2ee8e54439e450a5763ea617d28595b6308837511044238a4/model_normalized.glb: index 0 is out of bounds for axis 0 with size 0
--- ✅ TASK 26: Rendering for batch complete in 113.25s. ---
--- ⚙️ TASK 26: Encoding rendered images for the batch... ---
--- ✅ TASK 26: Batch 3 complete. Processed 357 models. ---

✨✨✨✨✨✨✨✨✨✨✨✨✨✨✨✨✨✨✨✨
✨ TASK 26: All Batches Complete! ✨
Successfully processed 2355 models in this task.
Total time elapsed for this task: 6561.40 seconds.
--- Task 26 Finished ---
