--- Starting SLURM Job ---
Job ID: 66572904 | Array Task ID: 25 / 100
Running on host: della-i14g7
Allocated CPUs: 16
-----------------------------------------------------
⚠️ Warning: SAM2 library not found. The 'sam2' model type will not be available.
TASK 25/100: 🔍 Scanning for all models in '/scratch/gpfs/ZHUANGL/bz1474/Objaverse/dataset/Trellis500K'...
TASK 25/100: Found 235767 total models in source.
TASK 25/100: This task is responsible for 2358 models.
TASK 25/100: Skipping 0 completed models.
TASK 25/100: ➡️ Found 2358 new models to process.

--- 🧠 TASK 25: Loading DINOv2 model into VRAM... ---
Loading DinoV2 model...
✅ DinoV2 model loaded on cuda.
--- ✅ TASK 25: DINOv2 model loaded. ---

────────────────────────────────────────────────────────────────────────────────
📦 TASK 25: Processing Batch 1 / 3
--- 🚀 TASK 25: Starting Rendering with 8 workers... ---
✅ Generated 50 camera views for Blender.
--- ✅ TASK 25: Rendering for batch complete in 309.39s. ---
--- ⚙️ TASK 25: Encoding rendered images for the batch... ---
--- ✅ TASK 25: Batch 1 complete. Processed 1000 models. ---
────────────────────────────────────────────────────────────────────────────────
📦 TASK 25: Processing Batch 2 / 3
--- 🚀 TASK 25: Starting Rendering with 8 workers... ---
✅ Generated 50 camera views for Blender.
--- ✅ TASK 25: Rendering for batch complete in 317.40s. ---
--- ⚙️ TASK 25: Encoding rendered images for the batch... ---
--- ✅ TASK 25: Batch 2 complete. Processed 1000 models. ---
────────────────────────────────────────────────────────────────────────────────
📦 TASK 25: Processing Batch 3 / 3
--- 🚀 TASK 25: Starting Rendering with 8 workers... ---
✅ Generated 50 camera views for Blender.
--- ✅ TASK 25: Rendering for batch complete in 115.68s. ---
--- ⚙️ TASK 25: Encoding rendered images for the batch... ---
--- ✅ TASK 25: Batch 3 complete. Processed 358 models. ---

✨✨✨✨✨✨✨✨✨✨✨✨✨✨✨✨✨✨✨✨
✨ TASK 25: All Batches Complete! ✨
Successfully processed 2358 models in this task.
Total time elapsed for this task: 6537.37 seconds.
--- Task 25 Finished ---
