--- Starting SLURM Job ---
Job ID: 66576507 | Array Task ID: 54 / 100
Running on host: della-l01g3
Allocated CPUs: 16
-----------------------------------------------------
⚠️ Warning: SAM2 library not found. The 'sam2' model type will not be available.
TASK 54/100: 🔍 Scanning for all models in '/scratch/gpfs/ZHUANGL/bz1474/Objaverse/dataset/Trellis500K'...
TASK 54/100: Found 235767 total models in source.
TASK 54/100: This task is responsible for 2358 models.
TASK 54/100: Skipping 0 completed models.
TASK 54/100: ➡️ Found 2358 new models to process.

--- 🧠 TASK 54: Loading DINOv2 model into VRAM... ---
Loading DinoV2 model...
✅ DinoV2 model loaded on cuda.
--- ✅ TASK 54: DINOv2 model loaded. ---

────────────────────────────────────────────────────────────────────────────────
📦 TASK 54: Processing Batch 1 / 3
--- 🚀 TASK 54: Starting Rendering with 8 workers... ---
✅ Generated 50 camera views for Blender.
--- ✅ TASK 54: Rendering for batch complete in 996.74s. ---
--- ⚙️ TASK 54: Encoding rendered images for the batch... ---
--- ✅ TASK 54: Batch 1 complete. Processed 1000 models. ---
────────────────────────────────────────────────────────────────────────────────
📦 TASK 54: Processing Batch 2 / 3
--- 🚀 TASK 54: Starting Rendering with 8 workers... ---
✅ Generated 50 camera views for Blender.
--- ✅ TASK 54: Rendering for batch complete in 989.68s. ---
--- ⚙️ TASK 54: Encoding rendered images for the batch... ---
--- ✅ TASK 54: Batch 2 complete. Processed 1000 models. ---
────────────────────────────────────────────────────────────────────────────────
📦 TASK 54: Processing Batch 3 / 3
--- 🚀 TASK 54: Starting Rendering with 8 workers... ---
✅ Generated 50 camera views for Blender.
--- ✅ TASK 54: Rendering for batch complete in 467.12s. ---
--- ⚙️ TASK 54: Encoding rendered images for the batch... ---
--- ✅ TASK 54: Batch 3 complete. Processed 358 models. ---

✨✨✨✨✨✨✨✨✨✨✨✨✨✨✨✨✨✨✨✨
✨ TASK 54: All Batches Complete! ✨
Successfully processed 2358 models in this task.
Total time elapsed for this task: 13991.11 seconds.
--- Task 54 Finished ---
