--- Starting SLURM Job ---
Job ID: 66570522 | Array Task ID: 9 / 100
Running on host: della-i14g2
Allocated CPUs: 16
-----------------------------------------------------
⚠️ Warning: SAM2 library not found. The 'sam2' model type will not be available.
TASK 9/100: 🔍 Scanning for all models in '/scratch/gpfs/ZHUANGL/bz1474/Objaverse/dataset/Trellis500K'...
TASK 9/100: Found 235767 total models in source.
TASK 9/100: This task is responsible for 2358 models.
TASK 9/100: Skipping 0 completed models.
TASK 9/100: ➡️ Found 2358 new models to process.

--- 🧠 TASK 9: Loading DINOv2 model into VRAM... ---
Loading DinoV2 model...
✅ DinoV2 model loaded on cuda.
--- ✅ TASK 9: DINOv2 model loaded. ---

────────────────────────────────────────────────────────────────────────────────
📦 TASK 9: Processing Batch 1 / 3
--- 🚀 TASK 9: Starting Rendering with 8 workers... ---
✅ Generated 50 camera views for Blender.
❌ Failed to load mesh /scratch/gpfs/ZHUANGL/bz1474/Objaverse/dataset/Trellis500K/e6d2e1eef6db1ffc366d74a86e4ecbfc06c8a1a7c6f79fbfeeb4eba6c576b61c/model_normalized.glb: index 0 is out of bounds for axis 0 with size 0
❌ Failed to load mesh /scratch/gpfs/ZHUANGL/bz1474/Objaverse/dataset/Trellis500K/d0f61766eb134598948859d56d7e4575/model_normalized.glb: chunk was not expected length!
--- ✅ TASK 9: Rendering for batch complete in 303.33s. ---
--- ⚙️ TASK 9: Encoding rendered images for the batch... ---
--- ✅ TASK 9: Batch 1 complete. Processed 998 models. ---
────────────────────────────────────────────────────────────────────────────────
📦 TASK 9: Processing Batch 2 / 3
--- 🚀 TASK 9: Starting Rendering with 8 workers... ---
✅ Generated 50 camera views for Blender.
❌ Failed to load mesh /scratch/gpfs/ZHUANGL/bz1474/Objaverse/dataset/Trellis500K/764aa25c281c16cc94dafd96051268b31eaf3117c06cd60d3bfbb41048d9919e/model_normalized.glb: index 0 is out of bounds for axis 0 with size 0
❌ Failed to load mesh /scratch/gpfs/ZHUANGL/bz1474/Objaverse/dataset/Trellis500K/dbbc9dfe332e54b13860909a4d4677e7f35dd1029540f2495997d9beba43e800/model_normalized.glb: index 0 is out of bounds for axis 0 with size 0
--- ✅ TASK 9: Rendering for batch complete in 308.74s. ---
--- ⚙️ TASK 9: Encoding rendered images for the batch... ---
--- ✅ TASK 9: Batch 2 complete. Processed 998 models. ---
────────────────────────────────────────────────────────────────────────────────
📦 TASK 9: Processing Batch 3 / 3
--- 🚀 TASK 9: Starting Rendering with 8 workers... ---
✅ Generated 50 camera views for Blender.
--- ✅ TASK 9: Rendering for batch complete in 110.36s. ---
--- ⚙️ TASK 9: Encoding rendered images for the batch... ---
--- ✅ TASK 9: Batch 3 complete. Processed 358 models. ---

✨✨✨✨✨✨✨✨✨✨✨✨✨✨✨✨✨✨✨✨
✨ TASK 9: All Batches Complete! ✨
Successfully processed 2354 models in this task.
Total time elapsed for this task: 6593.23 seconds.
--- Task 9 Finished ---
