--- Starting SLURM Job ---
Job ID: 66567105 | Array Task ID: 100 / 100
Running on host: della-i14g5
Allocated CPUs: 16
-----------------------------------------------------
⚠️ Warning: SAM2 library not found. The 'sam2' model type will not be available.
TASK 100/100: 🔍 Scanning for all models in '/scratch/gpfs/ZHUANGL/bz1474/Objaverse/dataset/Trellis500K'...
TASK 100/100: Found 235767 total models in source.
TASK 100/100: This task is responsible for 2357 models.
TASK 100/100: Skipping 0 completed models.
TASK 100/100: ➡️ Found 2357 new models to process.

--- 🧠 TASK 100: Loading DINOv2 model into VRAM... ---
Loading DinoV2 model...
✅ DinoV2 model loaded on cuda.
--- ✅ TASK 100: DINOv2 model loaded. ---

────────────────────────────────────────────────────────────────────────────────
📦 TASK 100: Processing Batch 1 / 3
--- 🚀 TASK 100: Starting Rendering with 8 workers... ---
✅ Generated 50 camera views for Blender.
❌ Failed to load mesh /scratch/gpfs/ZHUANGL/bz1474/Objaverse/dataset/Trellis500K/3c080a7bb26f62e948027baa41dad77460f6a743841cf18dc8880b82e5ce02db/model_normalized.glb: chunk was not expected length!
❌ Failed to load mesh /scratch/gpfs/ZHUANGL/bz1474/Objaverse/dataset/Trellis500K/d076d6dc2910a664a37585a8293bc89a16c6e1cbfff7d396fa261bfcb6398610/model_normalized.glb: index 0 is out of bounds for axis 0 with size 0
--- ✅ TASK 100: Rendering for batch complete in 313.07s. ---
--- ⚙️ TASK 100: Encoding rendered images for the batch... ---
--- ✅ TASK 100: Batch 1 complete. Processed 998 models. ---
────────────────────────────────────────────────────────────────────────────────
📦 TASK 100: Processing Batch 2 / 3
--- 🚀 TASK 100: Starting Rendering with 8 workers... ---
✅ Generated 50 camera views for Blender.
--- ✅ TASK 100: Rendering for batch complete in 314.83s. ---
--- ⚙️ TASK 100: Encoding rendered images for the batch... ---
--- ✅ TASK 100: Batch 2 complete. Processed 1000 models. ---
────────────────────────────────────────────────────────────────────────────────
📦 TASK 100: Processing Batch 3 / 3
--- 🚀 TASK 100: Starting Rendering with 8 workers... ---
✅ Generated 50 camera views for Blender.
--- ✅ TASK 100: Rendering for batch complete in 115.76s. ---
--- ⚙️ TASK 100: Encoding rendered images for the batch... ---
--- ✅ TASK 100: Batch 3 complete. Processed 357 models. ---

✨✨✨✨✨✨✨✨✨✨✨✨✨✨✨✨✨✨✨✨
✨ TASK 100: All Batches Complete! ✨
Successfully processed 2355 models in this task.
Total time elapsed for this task: 6569.06 seconds.
--- Task 100 Finished ---
