--- Starting SLURM Job ---
Job ID: 66580724 | Array Task ID: 98 / 100
Running on host: della-i14g5
Allocated CPUs: 16
-----------------------------------------------------
⚠️ Warning: SAM2 library not found. The 'sam2' model type will not be available.
TASK 98/100: 🔍 Scanning for all models in '/scratch/gpfs/ZHUANGL/bz1474/Objaverse/dataset/Trellis500K'...
TASK 98/100: Found 235767 total models in source.
TASK 98/100: This task is responsible for 2357 models.
TASK 98/100: Skipping 0 completed models.
TASK 98/100: ➡️ Found 2357 new models to process.

--- 🧠 TASK 98: Loading DINOv2 model into VRAM... ---
Loading DinoV2 model...
✅ DinoV2 model loaded on cuda.
--- ✅ TASK 98: DINOv2 model loaded. ---

────────────────────────────────────────────────────────────────────────────────
📦 TASK 98: Processing Batch 1 / 3
--- 🚀 TASK 98: Starting Rendering with 8 workers... ---
✅ Generated 50 camera views for Blender.
❌ Failed to load mesh /scratch/gpfs/ZHUANGL/bz1474/Objaverse/dataset/Trellis500K/0d5f9d4429de0930248cf236f208eaeba8e76201e1bc7bdc3c30ed57e11aa5e7/model_normalized.glb: index 0 is out of bounds for axis 0 with size 0
❌ Failed to load mesh /scratch/gpfs/ZHUANGL/bz1474/Objaverse/dataset/Trellis500K/5d23da07450663d664f3aa9f821e0a23e36ebd43d479d3dc3de40172e4aa898a/model_normalized.glb: index 0 is out of bounds for axis 0 with size 0
❌ Failed to load mesh /scratch/gpfs/ZHUANGL/bz1474/Objaverse/dataset/Trellis500K/7f86beeaffd94fa773aedcd0a4a62721251fa42460b7055e0e5d7ed485670d5f/model_normalized.glb: index 0 is out of bounds for axis 0 with size 0
--- ✅ TASK 98: Rendering for batch complete in 309.31s. ---
--- ⚙️ TASK 98: Encoding rendered images for the batch... ---
--- ✅ TASK 98: Batch 1 complete. Processed 997 models. ---
────────────────────────────────────────────────────────────────────────────────
📦 TASK 98: Processing Batch 2 / 3
--- 🚀 TASK 98: Starting Rendering with 8 workers... ---
✅ Generated 50 camera views for Blender.
--- ✅ TASK 98: Rendering for batch complete in 310.73s. ---
--- ⚙️ TASK 98: Encoding rendered images for the batch... ---
--- ✅ TASK 98: Batch 2 complete. Processed 1000 models. ---
────────────────────────────────────────────────────────────────────────────────
📦 TASK 98: Processing Batch 3 / 3
--- 🚀 TASK 98: Starting Rendering with 8 workers... ---
✅ Generated 50 camera views for Blender.
--- ✅ TASK 98: Rendering for batch complete in 111.78s. ---
--- ⚙️ TASK 98: Encoding rendered images for the batch... ---
--- ✅ TASK 98: Batch 3 complete. Processed 357 models. ---

✨✨✨✨✨✨✨✨✨✨✨✨✨✨✨✨✨✨✨✨
✨ TASK 98: All Batches Complete! ✨
Successfully processed 2354 models in this task.
Total time elapsed for this task: 6555.88 seconds.
--- Task 98 Finished ---
