--- Starting SLURM Job ---
Job ID: 66575200 | Array Task ID: 47 / 100
Running on host: della-i14g7
Allocated CPUs: 16
-----------------------------------------------------
⚠️ Warning: SAM2 library not found. The 'sam2' model type will not be available.
TASK 47/100: 🔍 Scanning for all models in '/scratch/gpfs/ZHUANGL/bz1474/Objaverse/dataset/Trellis500K'...
TASK 47/100: Found 235767 total models in source.
TASK 47/100: This task is responsible for 2358 models.
TASK 47/100: Skipping 0 completed models.
TASK 47/100: ➡️ Found 2358 new models to process.

--- 🧠 TASK 47: Loading DINOv2 model into VRAM... ---
Loading DinoV2 model...
✅ DinoV2 model loaded on cuda.
--- ✅ TASK 47: DINOv2 model loaded. ---

────────────────────────────────────────────────────────────────────────────────
📦 TASK 47: Processing Batch 1 / 3
--- 🚀 TASK 47: Starting Rendering with 8 workers... ---
✅ Generated 50 camera views for Blender.
❌ Failed to load mesh /scratch/gpfs/ZHUANGL/bz1474/Objaverse/dataset/Trellis500K/922edcb4ad5cb03e6d166e58b48d15a3c23223a50e6d05a6a9d5eae72a8acee5/model_normalized.glb: index 0 is out of bounds for axis 0 with size 0
--- ✅ TASK 47: Rendering for batch complete in 301.03s. ---
--- ⚙️ TASK 47: Encoding rendered images for the batch... ---
--- ✅ TASK 47: Batch 1 complete. Processed 999 models. ---
────────────────────────────────────────────────────────────────────────────────
📦 TASK 47: Processing Batch 2 / 3
--- 🚀 TASK 47: Starting Rendering with 8 workers... ---
✅ Generated 50 camera views for Blender.
❌ Failed to load mesh /scratch/gpfs/ZHUANGL/bz1474/Objaverse/dataset/Trellis500K/8aab1c291f19e6027dab9d484be769b25a39596574edc8dacc192a5474b364d7/model_normalized.glb: index 0 is out of bounds for axis 0 with size 0
--- ✅ TASK 47: Rendering for batch complete in 302.51s. ---
--- ⚙️ TASK 47: Encoding rendered images for the batch... ---
--- ✅ TASK 47: Batch 2 complete. Processed 999 models. ---
────────────────────────────────────────────────────────────────────────────────
📦 TASK 47: Processing Batch 3 / 3
--- 🚀 TASK 47: Starting Rendering with 8 workers... ---
✅ Generated 50 camera views for Blender.
--- ✅ TASK 47: Rendering for batch complete in 112.09s. ---
--- ⚙️ TASK 47: Encoding rendered images for the batch... ---
--- ✅ TASK 47: Batch 3 complete. Processed 358 models. ---

✨✨✨✨✨✨✨✨✨✨✨✨✨✨✨✨✨✨✨✨
✨ TASK 47: All Batches Complete! ✨
Successfully processed 2356 models in this task.
Total time elapsed for this task: 6538.18 seconds.
--- Task 47 Finished ---
