--- Starting SLURM Job ---
Job ID: 66573064 | Array Task ID: 27 / 100
Running on host: della-i14g16
Allocated CPUs: 16
-----------------------------------------------------
⚠️ Warning: SAM2 library not found. The 'sam2' model type will not be available.
TASK 27/100: 🔍 Scanning for all models in '/scratch/gpfs/ZHUANGL/bz1474/Objaverse/dataset/Trellis500K'...
TASK 27/100: Found 235767 total models in source.
TASK 27/100: This task is responsible for 2358 models.
TASK 27/100: Skipping 0 completed models.
TASK 27/100: ➡️ Found 2358 new models to process.

--- 🧠 TASK 27: Loading DINOv2 model into VRAM... ---
Loading DinoV2 model...
✅ DinoV2 model loaded on cuda.
--- ✅ TASK 27: DINOv2 model loaded. ---

────────────────────────────────────────────────────────────────────────────────
📦 TASK 27: Processing Batch 1 / 3
--- 🚀 TASK 27: Starting Rendering with 8 workers... ---
✅ Generated 50 camera views for Blender.
❌ Failed to load mesh /scratch/gpfs/ZHUANGL/bz1474/Objaverse/dataset/Trellis500K/580a6c14bb8d00ded7269972d5723a2e83ecaa55b0a1652392833002bcff86ab/model_normalized.glb: index 0 is out of bounds for axis 0 with size 0
❌ Failed to load mesh /scratch/gpfs/ZHUANGL/bz1474/Objaverse/dataset/Trellis500K/74d2df2785585c2722f42a1d7321c7944fd11cd0b6191230efca1fe0dd9f8f5e/model_normalized.glb: index 0 is out of bounds for axis 0 with size 0
--- ✅ TASK 27: Rendering for batch complete in 760.27s. ---
--- ⚙️ TASK 27: Encoding rendered images for the batch... ---
--- ✅ TASK 27: Batch 1 complete. Processed 998 models. ---
────────────────────────────────────────────────────────────────────────────────
📦 TASK 27: Processing Batch 2 / 3
--- 🚀 TASK 27: Starting Rendering with 8 workers... ---
✅ Generated 50 camera views for Blender.
❌ Failed to load mesh /scratch/gpfs/ZHUANGL/bz1474/Objaverse/dataset/Trellis500K/48fc5ea1c6bb719be0cab731217f5fe421d502250ab85e35f03b04afc416207d/model_normalized.glb: index 0 is out of bounds for axis 0 with size 0
❌ Failed to load mesh /scratch/gpfs/ZHUANGL/bz1474/Objaverse/dataset/Trellis500K/365d2acb74562fb8d3dfb74cd4f984d7510aa9f8ead134500e4cdece73deeb1b/model_normalized.glb: index 0 is out of bounds for axis 0 with size 0
❌ Failed to load mesh /scratch/gpfs/ZHUANGL/bz1474/Objaverse/dataset/Trellis500K/a06c5e513568eb428a6c4e21ed67403a1df7f502ca86cb72ff2e8fe1c182edd5/model_normalized.glb: index 0 is out of bounds for axis 0 with size 0
❌ Failed to load mesh /scratch/gpfs/ZHUANGL/bz1474/Objaverse/dataset/Trellis500K/bdcb4b94f454409181989e01138b9b6ed2bd73580b2f1bb844abbafdf6940561/model_normalized.glb: index 0 is out of bounds for axis 0 with size 0
❌ Failed to load mesh /scratch/gpfs/ZHUANGL/bz1474/Objaverse/dataset/Trellis500K/cb0667e12ac3a10c464614d292c27ab99d0f813a5ff4700808cf1c55c876b749/model_normalized.glb: index 0 is out of bounds for axis 0 with size 0
--- ✅ TASK 27: Rendering for batch complete in 774.53s. ---
--- ⚙️ TASK 27: Encoding rendered images for the batch... ---
--- ✅ TASK 27: Batch 2 complete. Processed 995 models. ---
────────────────────────────────────────────────────────────────────────────────
📦 TASK 27: Processing Batch 3 / 3
--- 🚀 TASK 27: Starting Rendering with 8 workers... ---
✅ Generated 50 camera views for Blender.
--- ✅ TASK 27: Rendering for batch complete in 276.74s. ---
--- ⚙️ TASK 27: Encoding rendered images for the batch... ---
--- ✅ TASK 27: Batch 3 complete. Processed 358 models. ---

✨✨✨✨✨✨✨✨✨✨✨✨✨✨✨✨✨✨✨✨
✨ TASK 27: All Batches Complete! ✨
Successfully processed 2351 models in this task.
Total time elapsed for this task: 9872.24 seconds.
--- Task 27 Finished ---
