--- Starting SLURM Job ---
Job ID: 66573929 | Array Task ID: 34 / 100
Running on host: della-i14g19
Allocated CPUs: 16
-----------------------------------------------------
⚠️ Warning: SAM2 library not found. The 'sam2' model type will not be available.
TASK 34/100: 🔍 Scanning for all models in '/scratch/gpfs/ZHUANGL/bz1474/Objaverse/dataset/Trellis500K'...
TASK 34/100: Found 235767 total models in source.
TASK 34/100: This task is responsible for 2358 models.
TASK 34/100: Skipping 0 completed models.
TASK 34/100: ➡️ Found 2358 new models to process.

--- 🧠 TASK 34: Loading DINOv2 model into VRAM... ---
Loading DinoV2 model...
✅ DinoV2 model loaded on cuda.
--- ✅ TASK 34: DINOv2 model loaded. ---

────────────────────────────────────────────────────────────────────────────────
📦 TASK 34: Processing Batch 1 / 3
--- 🚀 TASK 34: Starting Rendering with 8 workers... ---
✅ Generated 50 camera views for Blender.
❌ Failed to load mesh /scratch/gpfs/ZHUANGL/bz1474/Objaverse/dataset/Trellis500K/0fb28d65a14641393cff20abc92f4514c5e8d4be79d56bd3c0f422d1db58bc12/model_normalized.glb: index 0 is out of bounds for axis 0 with size 0
❌ Failed to load mesh /scratch/gpfs/ZHUANGL/bz1474/Objaverse/dataset/Trellis500K/5ef5bf6a238e7c0ccdcbfc0b65e892d0178d479c24b6e7fa66e5cf31e4b4b5f7/model_normalized.glb: index 0 is out of bounds for axis 0 with size 0
❌ Failed to load mesh /scratch/gpfs/ZHUANGL/bz1474/Objaverse/dataset/Trellis500K/d34a0275b0f3012810bbfc047e5fbe61eb05e12932d3f5d3b2f45b80f3df7b12/model_normalized.glb: index 0 is out of bounds for axis 0 with size 0
--- ✅ TASK 34: Rendering for batch complete in 305.75s. ---
--- ⚙️ TASK 34: Encoding rendered images for the batch... ---
--- ✅ TASK 34: Batch 1 complete. Processed 997 models. ---
────────────────────────────────────────────────────────────────────────────────
📦 TASK 34: Processing Batch 2 / 3
--- 🚀 TASK 34: Starting Rendering with 8 workers... ---
✅ Generated 50 camera views for Blender.
--- ✅ TASK 34: Rendering for batch complete in 303.59s. ---
--- ⚙️ TASK 34: Encoding rendered images for the batch... ---
--- ✅ TASK 34: Batch 2 complete. Processed 1000 models. ---
────────────────────────────────────────────────────────────────────────────────
📦 TASK 34: Processing Batch 3 / 3
--- 🚀 TASK 34: Starting Rendering with 8 workers... ---
✅ Generated 50 camera views for Blender.
❌ Failed to load mesh /scratch/gpfs/ZHUANGL/bz1474/Objaverse/dataset/Trellis500K/6754b99aa853121404b58a12155fd78a370a28ae849fbdc0bcd7df575ee79fa6/model_normalized.glb: index 0 is out of bounds for axis 0 with size 0
--- ✅ TASK 34: Rendering for batch complete in 111.73s. ---
--- ⚙️ TASK 34: Encoding rendered images for the batch... ---
--- ✅ TASK 34: Batch 3 complete. Processed 357 models. ---

✨✨✨✨✨✨✨✨✨✨✨✨✨✨✨✨✨✨✨✨
✨ TASK 34: All Batches Complete! ✨
Successfully processed 2354 models in this task.
Total time elapsed for this task: 6543.42 seconds.
--- Task 34 Finished ---
