--- Starting SLURM Job ---
Job ID: 66577436 | Array Task ID: 68 / 100
Running on host: della-i14g2
Allocated CPUs: 16
-----------------------------------------------------
⚠️ Warning: SAM2 library not found. The 'sam2' model type will not be available.
TASK 68/100: 🔍 Scanning for all models in '/scratch/gpfs/ZHUANGL/bz1474/Objaverse/dataset/Trellis500K'...
TASK 68/100: Found 235767 total models in source.
TASK 68/100: This task is responsible for 2357 models.
TASK 68/100: Skipping 0 completed models.
TASK 68/100: ➡️ Found 2357 new models to process.

--- 🧠 TASK 68: Loading DINOv2 model into VRAM... ---
Loading DinoV2 model...
✅ DinoV2 model loaded on cuda.
--- ✅ TASK 68: DINOv2 model loaded. ---

────────────────────────────────────────────────────────────────────────────────
📦 TASK 68: Processing Batch 1 / 3
--- 🚀 TASK 68: Starting Rendering with 8 workers... ---
✅ Generated 50 camera views for Blender.
❌ Failed to load mesh /scratch/gpfs/ZHUANGL/bz1474/Objaverse/dataset/Trellis500K/fca0cb65f4aca4a7797fce8db34c2394d95fe848b9f69fc97e8d504af9a36019/model_normalized.glb: index 0 is out of bounds for axis 0 with size 0
❌ Failed to load mesh /scratch/gpfs/ZHUANGL/bz1474/Objaverse/dataset/Trellis500K/7dae64b03bb34c47b129ee9076051aa703d93baf95ffcb696b1d9f6b16e68a0f/model_normalized.glb: index 0 is out of bounds for axis 0 with size 0
--- ✅ TASK 68: Rendering for batch complete in 304.15s. ---
--- ⚙️ TASK 68: Encoding rendered images for the batch... ---
--- ✅ TASK 68: Batch 1 complete. Processed 998 models. ---
────────────────────────────────────────────────────────────────────────────────
📦 TASK 68: Processing Batch 2 / 3
--- 🚀 TASK 68: Starting Rendering with 8 workers... ---
✅ Generated 50 camera views for Blender.
❌ Failed to load mesh /scratch/gpfs/ZHUANGL/bz1474/Objaverse/dataset/Trellis500K/9d2fa14d7d5fa158a2b565a94d22ac94d0fdde6bd5fe0a099d62bc38671e450f/model_normalized.glb: index 0 is out of bounds for axis 0 with size 0
--- ✅ TASK 68: Rendering for batch complete in 304.53s. ---
--- ⚙️ TASK 68: Encoding rendered images for the batch... ---
--- ✅ TASK 68: Batch 2 complete. Processed 999 models. ---
────────────────────────────────────────────────────────────────────────────────
📦 TASK 68: Processing Batch 3 / 3
--- 🚀 TASK 68: Starting Rendering with 8 workers... ---
✅ Generated 50 camera views for Blender.
--- ✅ TASK 68: Rendering for batch complete in 111.77s. ---
--- ⚙️ TASK 68: Encoding rendered images for the batch... ---
--- ✅ TASK 68: Batch 3 complete. Processed 357 models. ---

✨✨✨✨✨✨✨✨✨✨✨✨✨✨✨✨✨✨✨✨
✨ TASK 68: All Batches Complete! ✨
Successfully processed 2354 models in this task.
Total time elapsed for this task: 6556.91 seconds.
--- Task 68 Finished ---
