--- Starting SLURM Job ---
Job ID: 66574915 | Array Task ID: 40 / 100
Running on host: della-i14g8
Allocated CPUs: 16
-----------------------------------------------------
⚠️ Warning: SAM2 library not found. The 'sam2' model type will not be available.
TASK 40/100: 🔍 Scanning for all models in '/scratch/gpfs/ZHUANGL/bz1474/Objaverse/dataset/Trellis500K'...
TASK 40/100: Found 235767 total models in source.
TASK 40/100: This task is responsible for 2358 models.
TASK 40/100: Skipping 0 completed models.
TASK 40/100: ➡️ Found 2358 new models to process.

--- 🧠 TASK 40: Loading DINOv2 model into VRAM... ---
Loading DinoV2 model...
✅ DinoV2 model loaded on cuda.
--- ✅ TASK 40: DINOv2 model loaded. ---

────────────────────────────────────────────────────────────────────────────────
📦 TASK 40: Processing Batch 1 / 3
--- 🚀 TASK 40: Starting Rendering with 8 workers... ---
✅ Generated 50 camera views for Blender.
❌ Failed to load mesh /scratch/gpfs/ZHUANGL/bz1474/Objaverse/dataset/Trellis500K/bd6b9987fd6c5b4451c498caedf0175f9e7d36688450192a127ef1c25a8ad5da/model_normalized.glb: index 0 is out of bounds for axis 0 with size 0
❌ Failed to load mesh /scratch/gpfs/ZHUANGL/bz1474/Objaverse/dataset/Trellis500K/44cc2ec4c33a1a1beafb89cda54c688fd047b76129dbe813c9b0a393bfe756f1/model_normalized.glb: index 0 is out of bounds for axis 0 with size 0
--- ✅ TASK 40: Rendering for batch complete in 306.77s. ---
--- ⚙️ TASK 40: Encoding rendered images for the batch... ---
--- ✅ TASK 40: Batch 1 complete. Processed 998 models. ---
────────────────────────────────────────────────────────────────────────────────
📦 TASK 40: Processing Batch 2 / 3
--- 🚀 TASK 40: Starting Rendering with 8 workers... ---
✅ Generated 50 camera views for Blender.
❌ Failed to load mesh /scratch/gpfs/ZHUANGL/bz1474/Objaverse/dataset/Trellis500K/55f576da5ab1daa7e43e4b7fa01081d9b953b124d8df6075cf2177ddf8e7577f/model_normalized.glb: index 0 is out of bounds for axis 0 with size 0
--- ✅ TASK 40: Rendering for batch complete in 310.40s. ---
--- ⚙️ TASK 40: Encoding rendered images for the batch... ---
--- ✅ TASK 40: Batch 2 complete. Processed 999 models. ---
────────────────────────────────────────────────────────────────────────────────
📦 TASK 40: Processing Batch 3 / 3
--- 🚀 TASK 40: Starting Rendering with 8 workers... ---
✅ Generated 50 camera views for Blender.
--- ✅ TASK 40: Rendering for batch complete in 113.16s. ---
--- ⚙️ TASK 40: Encoding rendered images for the batch... ---
--- ✅ TASK 40: Batch 3 complete. Processed 358 models. ---

✨✨✨✨✨✨✨✨✨✨✨✨✨✨✨✨✨✨✨✨
✨ TASK 40: All Batches Complete! ✨
Successfully processed 2355 models in this task.
Total time elapsed for this task: 6495.72 seconds.
--- Task 40 Finished ---
