--- Starting SLURM Job ---
Job ID: 66572047 | Array Task ID: 14 / 100
Running on host: della-i14g20
Allocated CPUs: 16
-----------------------------------------------------
⚠️ Warning: SAM2 library not found. The 'sam2' model type will not be available.
TASK 14/100: 🔍 Scanning for all models in '/scratch/gpfs/ZHUANGL/bz1474/Objaverse/dataset/Trellis500K'...
TASK 14/100: Found 235767 total models in source.
TASK 14/100: This task is responsible for 2358 models.
TASK 14/100: Skipping 0 completed models.
TASK 14/100: ➡️ Found 2358 new models to process.

--- 🧠 TASK 14: Loading DINOv2 model into VRAM... ---
Loading DinoV2 model...
✅ DinoV2 model loaded on cuda.
--- ✅ TASK 14: DINOv2 model loaded. ---

────────────────────────────────────────────────────────────────────────────────
📦 TASK 14: Processing Batch 1 / 3
--- 🚀 TASK 14: Starting Rendering with 8 workers... ---
✅ Generated 50 camera views for Blender.
--- ✅ TASK 14: Rendering for batch complete in 305.06s. ---
--- ⚙️ TASK 14: Encoding rendered images for the batch... ---
--- ✅ TASK 14: Batch 1 complete. Processed 1000 models. ---
────────────────────────────────────────────────────────────────────────────────
📦 TASK 14: Processing Batch 2 / 3
--- 🚀 TASK 14: Starting Rendering with 8 workers... ---
✅ Generated 50 camera views for Blender.
❌ Failed to load mesh /scratch/gpfs/ZHUANGL/bz1474/Objaverse/dataset/Trellis500K/8a63c593d86881e5b0d197bd17cbe99b48725ad2111e938dd950d6d51d2cafef/model_normalized.glb: chunk was not expected length!
--- ✅ TASK 14: Rendering for batch complete in 307.14s. ---
--- ⚙️ TASK 14: Encoding rendered images for the batch... ---
--- ✅ TASK 14: Batch 2 complete. Processed 999 models. ---
────────────────────────────────────────────────────────────────────────────────
📦 TASK 14: Processing Batch 3 / 3
--- 🚀 TASK 14: Starting Rendering with 8 workers... ---
✅ Generated 50 camera views for Blender.
--- ✅ TASK 14: Rendering for batch complete in 111.38s. ---
--- ⚙️ TASK 14: Encoding rendered images for the batch... ---
--- ✅ TASK 14: Batch 3 complete. Processed 358 models. ---

✨✨✨✨✨✨✨✨✨✨✨✨✨✨✨✨✨✨✨✨
✨ TASK 14: All Batches Complete! ✨
Successfully processed 2357 models in this task.
Total time elapsed for this task: 6519.23 seconds.
--- Task 14 Finished ---
