--- Starting SLURM Job ---
Job ID: 66580272 | Array Task ID: 90 / 100
Running on host: della-i14g2
Allocated CPUs: 16
-----------------------------------------------------
⚠️ Warning: SAM2 library not found. The 'sam2' model type will not be available.
TASK 90/100: 🔍 Scanning for all models in '/scratch/gpfs/ZHUANGL/bz1474/Objaverse/dataset/Trellis500K'...
TASK 90/100: Found 235767 total models in source.
TASK 90/100: This task is responsible for 2357 models.
TASK 90/100: Skipping 0 completed models.
TASK 90/100: ➡️ Found 2357 new models to process.

--- 🧠 TASK 90: Loading DINOv2 model into VRAM... ---
Loading DinoV2 model...
✅ DinoV2 model loaded on cuda.
--- ✅ TASK 90: DINOv2 model loaded. ---

────────────────────────────────────────────────────────────────────────────────
📦 TASK 90: Processing Batch 1 / 3
--- 🚀 TASK 90: Starting Rendering with 8 workers... ---
✅ Generated 50 camera views for Blender.
--- ✅ TASK 90: Rendering for batch complete in 299.39s. ---
--- ⚙️ TASK 90: Encoding rendered images for the batch... ---
--- ✅ TASK 90: Batch 1 complete. Processed 1000 models. ---
────────────────────────────────────────────────────────────────────────────────
📦 TASK 90: Processing Batch 2 / 3
--- 🚀 TASK 90: Starting Rendering with 8 workers... ---
✅ Generated 50 camera views for Blender.
--- ✅ TASK 90: Rendering for batch complete in 310.51s. ---
--- ⚙️ TASK 90: Encoding rendered images for the batch... ---
--- ✅ TASK 90: Batch 2 complete. Processed 1000 models. ---
────────────────────────────────────────────────────────────────────────────────
📦 TASK 90: Processing Batch 3 / 3
--- 🚀 TASK 90: Starting Rendering with 8 workers... ---
✅ Generated 50 camera views for Blender.
❌ Failed to load mesh /scratch/gpfs/ZHUANGL/bz1474/Objaverse/dataset/Trellis500K/b3ebdc975c9f445ad93fc6fcac67c7e24be7cbcff99a9ceaef4932a8faea3453/model_normalized.glb: index 0 is out of bounds for axis 0 with size 0
--- ✅ TASK 90: Rendering for batch complete in 110.36s. ---
--- ⚙️ TASK 90: Encoding rendered images for the batch... ---
--- ✅ TASK 90: Batch 3 complete. Processed 356 models. ---

✨✨✨✨✨✨✨✨✨✨✨✨✨✨✨✨✨✨✨✨
✨ TASK 90: All Batches Complete! ✨
Successfully processed 2356 models in this task.
Total time elapsed for this task: 6544.93 seconds.
--- Task 90 Finished ---
