--- Starting SLURM Job ---
Job ID: 66572193 | Array Task ID: 15 / 100
Running on host: della-i14g14
Allocated CPUs: 16
-----------------------------------------------------
⚠️ Warning: SAM2 library not found. The 'sam2' model type will not be available.
TASK 15/100: 🔍 Scanning for all models in '/scratch/gpfs/ZHUANGL/bz1474/Objaverse/dataset/Trellis500K'...
TASK 15/100: Found 235767 total models in source.
TASK 15/100: This task is responsible for 2358 models.
TASK 15/100: Skipping 0 completed models.
TASK 15/100: ➡️ Found 2358 new models to process.

--- 🧠 TASK 15: Loading DINOv2 model into VRAM... ---
Loading DinoV2 model...
✅ DinoV2 model loaded on cuda.
--- ✅ TASK 15: DINOv2 model loaded. ---

────────────────────────────────────────────────────────────────────────────────
📦 TASK 15: Processing Batch 1 / 3
--- 🚀 TASK 15: Starting Rendering with 8 workers... ---
✅ Generated 50 camera views for Blender.
--- ✅ TASK 15: Rendering for batch complete in 307.49s. ---
--- ⚙️ TASK 15: Encoding rendered images for the batch... ---
--- ✅ TASK 15: Batch 1 complete. Processed 1000 models. ---
────────────────────────────────────────────────────────────────────────────────
📦 TASK 15: Processing Batch 2 / 3
--- 🚀 TASK 15: Starting Rendering with 8 workers... ---
✅ Generated 50 camera views for Blender.
--- ✅ TASK 15: Rendering for batch complete in 307.36s. ---
--- ⚙️ TASK 15: Encoding rendered images for the batch... ---
--- ✅ TASK 15: Batch 2 complete. Processed 1000 models. ---
────────────────────────────────────────────────────────────────────────────────
📦 TASK 15: Processing Batch 3 / 3
--- 🚀 TASK 15: Starting Rendering with 8 workers... ---
✅ Generated 50 camera views for Blender.
--- ✅ TASK 15: Rendering for batch complete in 112.58s. ---
--- ⚙️ TASK 15: Encoding rendered images for the batch... ---
--- ✅ TASK 15: Batch 3 complete. Processed 358 models. ---

✨✨✨✨✨✨✨✨✨✨✨✨✨✨✨✨✨✨✨✨
✨ TASK 15: All Batches Complete! ✨
Successfully processed 2358 models in this task.
Total time elapsed for this task: 6604.73 seconds.
--- Task 15 Finished ---
