--- Starting SLURM Job ---
Job ID: 66575065 | Array Task ID: 44 / 100
Running on host: della-i14g10
Allocated CPUs: 16
-----------------------------------------------------
⚠️ Warning: SAM2 library not found. The 'sam2' model type will not be available.
TASK 44/100: 🔍 Scanning for all models in '/scratch/gpfs/ZHUANGL/bz1474/Objaverse/dataset/Trellis500K'...
TASK 44/100: Found 235767 total models in source.
TASK 44/100: This task is responsible for 2358 models.
TASK 44/100: Skipping 0 completed models.
TASK 44/100: ➡️ Found 2358 new models to process.

--- 🧠 TASK 44: Loading DINOv2 model into VRAM... ---
Loading DinoV2 model...
✅ DinoV2 model loaded on cuda.
--- ✅ TASK 44: DINOv2 model loaded. ---

────────────────────────────────────────────────────────────────────────────────
📦 TASK 44: Processing Batch 1 / 3
--- 🚀 TASK 44: Starting Rendering with 8 workers... ---
✅ Generated 50 camera views for Blender.
--- ✅ TASK 44: Rendering for batch complete in 302.45s. ---
--- ⚙️ TASK 44: Encoding rendered images for the batch... ---
--- ✅ TASK 44: Batch 1 complete. Processed 1000 models. ---
────────────────────────────────────────────────────────────────────────────────
📦 TASK 44: Processing Batch 2 / 3
--- 🚀 TASK 44: Starting Rendering with 8 workers... ---
✅ Generated 50 camera views for Blender.
--- ✅ TASK 44: Rendering for batch complete in 308.04s. ---
--- ⚙️ TASK 44: Encoding rendered images for the batch... ---
--- ✅ TASK 44: Batch 2 complete. Processed 1000 models. ---
────────────────────────────────────────────────────────────────────────────────
📦 TASK 44: Processing Batch 3 / 3
--- 🚀 TASK 44: Starting Rendering with 8 workers... ---
✅ Generated 50 camera views for Blender.
--- ✅ TASK 44: Rendering for batch complete in 112.86s. ---
--- ⚙️ TASK 44: Encoding rendered images for the batch... ---
--- ✅ TASK 44: Batch 3 complete. Processed 358 models. ---

✨✨✨✨✨✨✨✨✨✨✨✨✨✨✨✨✨✨✨✨
✨ TASK 44: All Batches Complete! ✨
Successfully processed 2358 models in this task.
Total time elapsed for this task: 6556.37 seconds.
--- Task 44 Finished ---
