--- Starting SLURM Job ---
Job ID: 66575023 | Array Task ID: 43 / 100
Running on host: della-i14g9
Allocated CPUs: 16
-----------------------------------------------------
⚠️ Warning: SAM2 library not found. The 'sam2' model type will not be available.
TASK 43/100: 🔍 Scanning for all models in '/scratch/gpfs/ZHUANGL/bz1474/Objaverse/dataset/Trellis500K'...
TASK 43/100: Found 235767 total models in source.
TASK 43/100: This task is responsible for 2358 models.
TASK 43/100: Skipping 0 completed models.
TASK 43/100: ➡️ Found 2358 new models to process.

--- 🧠 TASK 43: Loading DINOv2 model into VRAM... ---
Loading DinoV2 model...
✅ DinoV2 model loaded on cuda.
--- ✅ TASK 43: DINOv2 model loaded. ---

────────────────────────────────────────────────────────────────────────────────
📦 TASK 43: Processing Batch 1 / 3
--- 🚀 TASK 43: Starting Rendering with 8 workers... ---
✅ Generated 50 camera views for Blender.
--- ✅ TASK 43: Rendering for batch complete in 306.33s. ---
--- ⚙️ TASK 43: Encoding rendered images for the batch... ---
--- ✅ TASK 43: Batch 1 complete. Processed 1000 models. ---
────────────────────────────────────────────────────────────────────────────────
📦 TASK 43: Processing Batch 2 / 3
--- 🚀 TASK 43: Starting Rendering with 8 workers... ---
✅ Generated 50 camera views for Blender.
--- ✅ TASK 43: Rendering for batch complete in 317.82s. ---
--- ⚙️ TASK 43: Encoding rendered images for the batch... ---
--- ✅ TASK 43: Batch 2 complete. Processed 1000 models. ---
────────────────────────────────────────────────────────────────────────────────
📦 TASK 43: Processing Batch 3 / 3
--- 🚀 TASK 43: Starting Rendering with 8 workers... ---
✅ Generated 50 camera views for Blender.
--- ✅ TASK 43: Rendering for batch complete in 115.43s. ---
--- ⚙️ TASK 43: Encoding rendered images for the batch... ---
--- ✅ TASK 43: Batch 3 complete. Processed 358 models. ---

✨✨✨✨✨✨✨✨✨✨✨✨✨✨✨✨✨✨✨✨
✨ TASK 43: All Batches Complete! ✨
Successfully processed 2358 models in this task.
Total time elapsed for this task: 6635.24 seconds.
--- Task 43 Finished ---
