--- Starting SLURM Job ---
Job ID: 66576649 | Array Task ID: 57 / 100
Running on host: della-l01g6
Allocated CPUs: 16
-----------------------------------------------------
⚠️ Warning: SAM2 library not found. The 'sam2' model type will not be available.
TASK 57/100: 🔍 Scanning for all models in '/scratch/gpfs/ZHUANGL/bz1474/Objaverse/dataset/Trellis500K'...
TASK 57/100: Found 235767 total models in source.
TASK 57/100: This task is responsible for 2358 models.
TASK 57/100: Skipping 0 completed models.
TASK 57/100: ➡️ Found 2358 new models to process.

--- 🧠 TASK 57: Loading DINOv2 model into VRAM... ---
Loading DinoV2 model...
✅ DinoV2 model loaded on cuda.
--- ✅ TASK 57: DINOv2 model loaded. ---

────────────────────────────────────────────────────────────────────────────────
📦 TASK 57: Processing Batch 1 / 3
--- 🚀 TASK 57: Starting Rendering with 8 workers... ---
✅ Generated 50 camera views for Blender.
❌ Failed to load mesh /scratch/gpfs/ZHUANGL/bz1474/Objaverse/dataset/Trellis500K/bd6b097a92035e011090adf92055de95fd508e9ad49ad141708f686002cd735e/model_normalized.glb: index 0 is out of bounds for axis 0 with size 0
--- ✅ TASK 57: Rendering for batch complete in 919.44s. ---
--- ⚙️ TASK 57: Encoding rendered images for the batch... ---
--- ✅ TASK 57: Batch 1 complete. Processed 999 models. ---
────────────────────────────────────────────────────────────────────────────────
📦 TASK 57: Processing Batch 2 / 3
--- 🚀 TASK 57: Starting Rendering with 8 workers... ---
✅ Generated 50 camera views for Blender.
--- ✅ TASK 57: Rendering for batch complete in 1003.81s. ---
--- ⚙️ TASK 57: Encoding rendered images for the batch... ---
--- ✅ TASK 57: Batch 2 complete. Processed 1000 models. ---
────────────────────────────────────────────────────────────────────────────────
📦 TASK 57: Processing Batch 3 / 3
--- 🚀 TASK 57: Starting Rendering with 8 workers... ---
✅ Generated 50 camera views for Blender.
--- ✅ TASK 57: Rendering for batch complete in 341.07s. ---
--- ⚙️ TASK 57: Encoding rendered images for the batch... ---
--- ✅ TASK 57: Batch 3 complete. Processed 358 models. ---

✨✨✨✨✨✨✨✨✨✨✨✨✨✨✨✨✨✨✨✨
✨ TASK 57: All Batches Complete! ✨
Successfully processed 2357 models in this task.
Total time elapsed for this task: 14015.36 seconds.
--- Task 57 Finished ---
