--- Starting SLURM Job ---
Job ID: 66580289 | Array Task ID: 91 / 100
Running on host: della-i14g6
Allocated CPUs: 16
-----------------------------------------------------
⚠️ Warning: SAM2 library not found. The 'sam2' model type will not be available.
TASK 91/100: 🔍 Scanning for all models in '/scratch/gpfs/ZHUANGL/bz1474/Objaverse/dataset/Trellis500K'...
TASK 91/100: Found 235767 total models in source.
TASK 91/100: This task is responsible for 2357 models.
TASK 91/100: Skipping 0 completed models.
TASK 91/100: ➡️ Found 2357 new models to process.

--- 🧠 TASK 91: Loading DINOv2 model into VRAM... ---
Loading DinoV2 model...
✅ DinoV2 model loaded on cuda.
--- ✅ TASK 91: DINOv2 model loaded. ---

────────────────────────────────────────────────────────────────────────────────
📦 TASK 91: Processing Batch 1 / 3
--- 🚀 TASK 91: Starting Rendering with 8 workers... ---
✅ Generated 50 camera views for Blender.
❌ Failed to load mesh /scratch/gpfs/ZHUANGL/bz1474/Objaverse/dataset/Trellis500K/586e5ed1919421f34a96f8859f2685671ec3337f9dfcedb58aaeb590cf83c4bb/model_normalized.glb: index 0 is out of bounds for axis 0 with size 0
❌ Failed to load mesh /scratch/gpfs/ZHUANGL/bz1474/Objaverse/dataset/Trellis500K/674a69e40e50f53ffc5bf174e0938912957c61424926fae2862aec7b68f80269/model_normalized.glb: index 0 is out of bounds for axis 0 with size 0
--- ✅ TASK 91: Rendering for batch complete in 301.04s. ---
--- ⚙️ TASK 91: Encoding rendered images for the batch... ---
--- ✅ TASK 91: Batch 1 complete. Processed 998 models. ---
────────────────────────────────────────────────────────────────────────────────
📦 TASK 91: Processing Batch 2 / 3
--- 🚀 TASK 91: Starting Rendering with 8 workers... ---
✅ Generated 50 camera views for Blender.
❌ Failed to load mesh /scratch/gpfs/ZHUANGL/bz1474/Objaverse/dataset/Trellis500K/351c09186ec5da05b1bbffcdb1a42f9c277f447650b64ea80dda6c7abbefb977/model_normalized.glb: index 0 is out of bounds for axis 0 with size 0
--- ✅ TASK 91: Rendering for batch complete in 301.15s. ---
--- ⚙️ TASK 91: Encoding rendered images for the batch... ---
--- ✅ TASK 91: Batch 2 complete. Processed 999 models. ---
────────────────────────────────────────────────────────────────────────────────
📦 TASK 91: Processing Batch 3 / 3
--- 🚀 TASK 91: Starting Rendering with 8 workers... ---
✅ Generated 50 camera views for Blender.
--- ✅ TASK 91: Rendering for batch complete in 112.02s. ---
--- ⚙️ TASK 91: Encoding rendered images for the batch... ---
--- ✅ TASK 91: Batch 3 complete. Processed 357 models. ---

✨✨✨✨✨✨✨✨✨✨✨✨✨✨✨✨✨✨✨✨
✨ TASK 91: All Batches Complete! ✨
Successfully processed 2354 models in this task.
Total time elapsed for this task: 6575.72 seconds.
--- Task 91 Finished ---
