--- Starting SLURM Job ---
Job ID: 66577437 | Array Task ID: 69 / 100
Running on host: della-i14g6
Allocated CPUs: 16
-----------------------------------------------------
⚠️ Warning: SAM2 library not found. The 'sam2' model type will not be available.
TASK 69/100: 🔍 Scanning for all models in '/scratch/gpfs/ZHUANGL/bz1474/Objaverse/dataset/Trellis500K'...
TASK 69/100: Found 235767 total models in source.
TASK 69/100: This task is responsible for 2357 models.
TASK 69/100: Skipping 0 completed models.
TASK 69/100: ➡️ Found 2357 new models to process.

--- 🧠 TASK 69: Loading DINOv2 model into VRAM... ---
Loading DinoV2 model...
✅ DinoV2 model loaded on cuda.
--- ✅ TASK 69: DINOv2 model loaded. ---

────────────────────────────────────────────────────────────────────────────────
📦 TASK 69: Processing Batch 1 / 3
--- 🚀 TASK 69: Starting Rendering with 8 workers... ---
✅ Generated 50 camera views for Blender.
❌ Failed to load mesh /scratch/gpfs/ZHUANGL/bz1474/Objaverse/dataset/Trellis500K/7d3016161e1a6951115674646e4c46594073051407803eddbc1b9fdac09daca0/model_normalized.glb: index 0 is out of bounds for axis 0 with size 0
❌ Failed to load mesh /scratch/gpfs/ZHUANGL/bz1474/Objaverse/dataset/Trellis500K/b1b825389d15b529693a1625166e3d63383162406f780a965ac5488334ab4ee4/model_normalized.glb: index 0 is out of bounds for axis 0 with size 0
--- ✅ TASK 69: Rendering for batch complete in 313.63s. ---
--- ⚙️ TASK 69: Encoding rendered images for the batch... ---
--- ✅ TASK 69: Batch 1 complete. Processed 998 models. ---
────────────────────────────────────────────────────────────────────────────────
📦 TASK 69: Processing Batch 2 / 3
--- 🚀 TASK 69: Starting Rendering with 8 workers... ---
✅ Generated 50 camera views for Blender.
❌ Failed to load mesh /scratch/gpfs/ZHUANGL/bz1474/Objaverse/dataset/Trellis500K/a0e1e44a408a6724b1f6306e46f0beb1d34269ef7b02f2623f43d790c0ed2ef5/model_normalized.glb: index 0 is out of bounds for axis 0 with size 0
--- ✅ TASK 69: Rendering for batch complete in 311.10s. ---
--- ⚙️ TASK 69: Encoding rendered images for the batch... ---
--- ✅ TASK 69: Batch 2 complete. Processed 999 models. ---
────────────────────────────────────────────────────────────────────────────────
📦 TASK 69: Processing Batch 3 / 3
--- 🚀 TASK 69: Starting Rendering with 8 workers... ---
✅ Generated 50 camera views for Blender.
--- ✅ TASK 69: Rendering for batch complete in 115.57s. ---
--- ⚙️ TASK 69: Encoding rendered images for the batch... ---
--- ✅ TASK 69: Batch 3 complete. Processed 357 models. ---

✨✨✨✨✨✨✨✨✨✨✨✨✨✨✨✨✨✨✨✨
✨ TASK 69: All Batches Complete! ✨
Successfully processed 2354 models in this task.
Total time elapsed for this task: 6601.48 seconds.
--- Task 69 Finished ---
