--- Starting SLURM Job ---
Job ID: 66578602 | Array Task ID: 77 / 100
Running on host: della-i14g5
Allocated CPUs: 16
-----------------------------------------------------
⚠️ Warning: SAM2 library not found. The 'sam2' model type will not be available.
TASK 77/100: 🔍 Scanning for all models in '/scratch/gpfs/ZHUANGL/bz1474/Objaverse/dataset/Trellis500K'...
TASK 77/100: Found 235767 total models in source.
TASK 77/100: This task is responsible for 2357 models.
TASK 77/100: Skipping 0 completed models.
TASK 77/100: ➡️ Found 2357 new models to process.

--- 🧠 TASK 77: Loading DINOv2 model into VRAM... ---
Loading DinoV2 model...
✅ DinoV2 model loaded on cuda.
--- ✅ TASK 77: DINOv2 model loaded. ---

────────────────────────────────────────────────────────────────────────────────
📦 TASK 77: Processing Batch 1 / 3
--- 🚀 TASK 77: Starting Rendering with 8 workers... ---
✅ Generated 50 camera views for Blender.
❌ Failed to load mesh /scratch/gpfs/ZHUANGL/bz1474/Objaverse/dataset/Trellis500K/41440a7d72327406953d5de9c4e27ed88ea948516e1b6be09cd7fa1fd220bebe/model_normalized.glb: index 0 is out of bounds for axis 0 with size 0
❌ Failed to load mesh /scratch/gpfs/ZHUANGL/bz1474/Objaverse/dataset/Trellis500K/0b547cf9685624079cc37abf78a7099be95aebe9e18a507c52dd8efbe42d07bf/model_normalized.glb: index 0 is out of bounds for axis 0 with size 0
--- ✅ TASK 77: Rendering for batch complete in 303.64s. ---
--- ⚙️ TASK 77: Encoding rendered images for the batch... ---
--- ✅ TASK 77: Batch 1 complete. Processed 998 models. ---
────────────────────────────────────────────────────────────────────────────────
📦 TASK 77: Processing Batch 2 / 3
--- 🚀 TASK 77: Starting Rendering with 8 workers... ---
✅ Generated 50 camera views for Blender.
--- ✅ TASK 77: Rendering for batch complete in 305.86s. ---
--- ⚙️ TASK 77: Encoding rendered images for the batch... ---
--- ✅ TASK 77: Batch 2 complete. Processed 1000 models. ---
────────────────────────────────────────────────────────────────────────────────
📦 TASK 77: Processing Batch 3 / 3
--- 🚀 TASK 77: Starting Rendering with 8 workers... ---
✅ Generated 50 camera views for Blender.
--- ✅ TASK 77: Rendering for batch complete in 109.19s. ---
--- ⚙️ TASK 77: Encoding rendered images for the batch... ---
--- ✅ TASK 77: Batch 3 complete. Processed 357 models. ---

✨✨✨✨✨✨✨✨✨✨✨✨✨✨✨✨✨✨✨✨
✨ TASK 77: All Batches Complete! ✨
Successfully processed 2355 models in this task.
Total time elapsed for this task: 6541.34 seconds.
--- Task 77 Finished ---
