--- Starting SLURM Job ---
Job ID: 66580388 | Array Task ID: 95 / 100
Running on host: della-i14g11
Allocated CPUs: 16
-----------------------------------------------------
⚠️ Warning: SAM2 library not found. The 'sam2' model type will not be available.
TASK 95/100: 🔍 Scanning for all models in '/scratch/gpfs/ZHUANGL/bz1474/Objaverse/dataset/Trellis500K'...
TASK 95/100: Found 235767 total models in source.
TASK 95/100: This task is responsible for 2357 models.
TASK 95/100: Skipping 0 completed models.
TASK 95/100: ➡️ Found 2357 new models to process.

--- 🧠 TASK 95: Loading DINOv2 model into VRAM... ---
Loading DinoV2 model...
✅ DinoV2 model loaded on cuda.
--- ✅ TASK 95: DINOv2 model loaded. ---

────────────────────────────────────────────────────────────────────────────────
📦 TASK 95: Processing Batch 1 / 3
--- 🚀 TASK 95: Starting Rendering with 8 workers... ---
✅ Generated 50 camera views for Blender.
❌ Failed to load mesh /scratch/gpfs/ZHUANGL/bz1474/Objaverse/dataset/Trellis500K/71be3b71a16e19828eaabd7a088172898ad20cad0fb72f1b53c65819e8fbe247/model_normalized.glb: index 0 is out of bounds for axis 0 with size 0
❌ Failed to load mesh /scratch/gpfs/ZHUANGL/bz1474/Objaverse/dataset/Trellis500K/359da27c74a67c21376c05c6661189ee8ace65dcb603c04010d33c4f8074e8df/model_normalized.glb: chunk was not expected length!
--- ✅ TASK 95: Rendering for batch complete in 303.17s. ---
--- ⚙️ TASK 95: Encoding rendered images for the batch... ---
--- ✅ TASK 95: Batch 1 complete. Processed 998 models. ---
────────────────────────────────────────────────────────────────────────────────
📦 TASK 95: Processing Batch 2 / 3
--- 🚀 TASK 95: Starting Rendering with 8 workers... ---
✅ Generated 50 camera views for Blender.
❌ Failed to load mesh /scratch/gpfs/ZHUANGL/bz1474/Objaverse/dataset/Trellis500K/346b8b4b0b16e3fa59326db7b8a3c5240f075a43e1162bedf3396b73836fc8be/model_normalized.glb: index 0 is out of bounds for axis 0 with size 0
❌ Failed to load mesh /scratch/gpfs/ZHUANGL/bz1474/Objaverse/dataset/Trellis500K/9757572253cbb9e59944136658bd4a7560526b228cc448ca45453555b54a4996/model_normalized.glb: index 0 is out of bounds for axis 0 with size 0
--- ✅ TASK 95: Rendering for batch complete in 304.95s. ---
--- ⚙️ TASK 95: Encoding rendered images for the batch... ---
--- ✅ TASK 95: Batch 2 complete. Processed 998 models. ---
────────────────────────────────────────────────────────────────────────────────
📦 TASK 95: Processing Batch 3 / 3
--- 🚀 TASK 95: Starting Rendering with 8 workers... ---
✅ Generated 50 camera views for Blender.
--- ✅ TASK 95: Rendering for batch complete in 110.41s. ---
--- ⚙️ TASK 95: Encoding rendered images for the batch... ---
--- ✅ TASK 95: Batch 3 complete. Processed 357 models. ---

✨✨✨✨✨✨✨✨✨✨✨✨✨✨✨✨✨✨✨✨
✨ TASK 95: All Batches Complete! ✨
Successfully processed 2353 models in this task.
Total time elapsed for this task: 6562.61 seconds.
--- Task 95 Finished ---
