--- Starting SLURM Job ---
Job ID: 66574313 | Array Task ID: 36 / 100
Running on host: della-i14g12
Allocated CPUs: 16
-----------------------------------------------------
⚠️ Warning: SAM2 library not found. The 'sam2' model type will not be available.
TASK 36/100: 🔍 Scanning for all models in '/scratch/gpfs/ZHUANGL/bz1474/Objaverse/dataset/Trellis500K'...
TASK 36/100: Found 235767 total models in source.
TASK 36/100: This task is responsible for 2358 models.
TASK 36/100: Skipping 0 completed models.
TASK 36/100: ➡️ Found 2358 new models to process.

--- 🧠 TASK 36: Loading DINOv2 model into VRAM... ---
Loading DinoV2 model...
✅ DinoV2 model loaded on cuda.
--- ✅ TASK 36: DINOv2 model loaded. ---

────────────────────────────────────────────────────────────────────────────────
📦 TASK 36: Processing Batch 1 / 3
--- 🚀 TASK 36: Starting Rendering with 8 workers... ---
✅ Generated 50 camera views for Blender.
❌ Failed to load mesh /scratch/gpfs/ZHUANGL/bz1474/Objaverse/dataset/Trellis500K/4bfbfa98dda5ec37bac2106539b6056dd68e0201ffafe66f22975d2aec328bc3/model_normalized.glb: index 0 is out of bounds for axis 0 with size 0
❌ Failed to load mesh /scratch/gpfs/ZHUANGL/bz1474/Objaverse/dataset/Trellis500K/a8cdca8b0de578580146b8e3999cefb88f4426697b5e491ec3df4697a6078924/model_normalized.glb: index 0 is out of bounds for axis 0 with size 0
❌ Failed to load mesh /scratch/gpfs/ZHUANGL/bz1474/Objaverse/dataset/Trellis500K/c9dee25e79cdcb0cb30e2930550bbc1c0eea4102a48b626f57d89c3a3b2d7db9/model_normalized.glb: index 0 is out of bounds for axis 0 with size 0
--- ✅ TASK 36: Rendering for batch complete in 309.84s. ---
--- ⚙️ TASK 36: Encoding rendered images for the batch... ---
--- ✅ TASK 36: Batch 1 complete. Processed 997 models. ---
────────────────────────────────────────────────────────────────────────────────
📦 TASK 36: Processing Batch 2 / 3
--- 🚀 TASK 36: Starting Rendering with 8 workers... ---
✅ Generated 50 camera views for Blender.
❌ Failed to load mesh /scratch/gpfs/ZHUANGL/bz1474/Objaverse/dataset/Trellis500K/8be65da2b4e7038dd43dcf31dfede44653446a5759125ff4568abfa8c7453a01/model_normalized.glb: index 0 is out of bounds for axis 0 with size 0
--- ✅ TASK 36: Rendering for batch complete in 307.37s. ---
--- ⚙️ TASK 36: Encoding rendered images for the batch... ---
--- ✅ TASK 36: Batch 2 complete. Processed 999 models. ---
────────────────────────────────────────────────────────────────────────────────
📦 TASK 36: Processing Batch 3 / 3
--- 🚀 TASK 36: Starting Rendering with 8 workers... ---
✅ Generated 50 camera views for Blender.
--- ✅ TASK 36: Rendering for batch complete in 112.41s. ---
--- ⚙️ TASK 36: Encoding rendered images for the batch... ---
--- ✅ TASK 36: Batch 3 complete. Processed 358 models. ---

✨✨✨✨✨✨✨✨✨✨✨✨✨✨✨✨✨✨✨✨
✨ TASK 36: All Batches Complete! ✨
Successfully processed 2354 models in this task.
Total time elapsed for this task: 6555.51 seconds.
--- Task 36 Finished ---
