--- Starting SLURM Job ---
Job ID: 66579988 | Array Task ID: 87 / 100
Running on host: della-l01g8
Allocated CPUs: 16
-----------------------------------------------------
⚠️ Warning: SAM2 library not found. The 'sam2' model type will not be available.
TASK 87/100: 🔍 Scanning for all models in '/scratch/gpfs/ZHUANGL/bz1474/Objaverse/dataset/Trellis500K'...
TASK 87/100: Found 235767 total models in source.
TASK 87/100: This task is responsible for 2357 models.
TASK 87/100: Skipping 0 completed models.
TASK 87/100: ➡️ Found 2357 new models to process.

--- 🧠 TASK 87: Loading DINOv2 model into VRAM... ---
Loading DinoV2 model...
✅ DinoV2 model loaded on cuda.
--- ✅ TASK 87: DINOv2 model loaded. ---

────────────────────────────────────────────────────────────────────────────────
📦 TASK 87: Processing Batch 1 / 3
--- 🚀 TASK 87: Starting Rendering with 8 workers... ---
✅ Generated 50 camera views for Blender.
❌ Failed to load mesh /scratch/gpfs/ZHUANGL/bz1474/Objaverse/dataset/Trellis500K/8e11178ad3b5e2bd07f4509aa219b854a9dbb5bdea6f82b566965f591397ae88/model_normalized.glb: index 0 is out of bounds for axis 0 with size 0
❌ Failed to load mesh /scratch/gpfs/ZHUANGL/bz1474/Objaverse/dataset/Trellis500K/b864d9822d3a1a2c8e3fc56d62ab6e85ebd8d2d276e5e9c1b1d813bea9ade815/model_normalized.glb: index 0 is out of bounds for axis 0 with size 0
❌ Failed to load mesh /scratch/gpfs/ZHUANGL/bz1474/Objaverse/dataset/Trellis500K/922fa1f9cffe65dc1bcfde1800545c4264c000ce0be8c3118d5358abdbf8ad01/model_normalized.glb: index 0 is out of bounds for axis 0 with size 0
❌ Failed to load mesh /scratch/gpfs/ZHUANGL/bz1474/Objaverse/dataset/Trellis500K/8b9bab325bf154d228694e8ef18e27546604dfbbc97a9e4d08e1325f9a184566/model_normalized.glb: index 0 is out of bounds for axis 0 with size 0
--- ✅ TASK 87: Rendering for batch complete in 966.23s. ---
--- ⚙️ TASK 87: Encoding rendered images for the batch... ---
--- ✅ TASK 87: Batch 1 complete. Processed 996 models. ---
────────────────────────────────────────────────────────────────────────────────
📦 TASK 87: Processing Batch 2 / 3
--- 🚀 TASK 87: Starting Rendering with 8 workers... ---
✅ Generated 50 camera views for Blender.
--- ✅ TASK 87: Rendering for batch complete in 1001.12s. ---
--- ⚙️ TASK 87: Encoding rendered images for the batch... ---
--- ✅ TASK 87: Batch 2 complete. Processed 1000 models. ---
────────────────────────────────────────────────────────────────────────────────
📦 TASK 87: Processing Batch 3 / 3
--- 🚀 TASK 87: Starting Rendering with 8 workers... ---
✅ Generated 50 camera views for Blender.
❌ Failed to load mesh /scratch/gpfs/ZHUANGL/bz1474/Objaverse/dataset/Trellis500K/ebf319d9d4ac65e732cea8a1f27bc19992327e76e0537a7eb5b5370ae64616e7/model_normalized.glb: index 0 is out of bounds for axis 0 with size 0
--- ✅ TASK 87: Rendering for batch complete in 330.14s. ---
--- ⚙️ TASK 87: Encoding rendered images for the batch... ---
--- ✅ TASK 87: Batch 3 complete. Processed 356 models. ---

✨✨✨✨✨✨✨✨✨✨✨✨✨✨✨✨✨✨✨✨
✨ TASK 87: All Batches Complete! ✨
Successfully processed 2352 models in this task.
Total time elapsed for this task: 13912.62 seconds.
--- Task 87 Finished ---
