--- Starting SLURM Job ---
Job ID: 66580761 | Array Task ID: 99 / 100
Running on host: della-l01g11
Allocated CPUs: 16
-----------------------------------------------------
⚠️ Warning: SAM2 library not found. The 'sam2' model type will not be available.
TASK 99/100: 🔍 Scanning for all models in '/scratch/gpfs/ZHUANGL/bz1474/Objaverse/dataset/Trellis500K'...
TASK 99/100: Found 235767 total models in source.
TASK 99/100: This task is responsible for 2357 models.
TASK 99/100: Skipping 0 completed models.
TASK 99/100: ➡️ Found 2357 new models to process.

--- 🧠 TASK 99: Loading DINOv2 model into VRAM... ---
Loading DinoV2 model...
✅ DinoV2 model loaded on cuda.
--- ✅ TASK 99: DINOv2 model loaded. ---

────────────────────────────────────────────────────────────────────────────────
📦 TASK 99: Processing Batch 1 / 3
--- 🚀 TASK 99: Starting Rendering with 8 workers... ---
✅ Generated 50 camera views for Blender.
❌ Failed to load mesh /scratch/gpfs/ZHUANGL/bz1474/Objaverse/dataset/Trellis500K/58903ab511e736c52d5a7249df50e1a0c0392f3e13eb9b2df94f2110e77c24ce/model_normalized.glb: index 0 is out of bounds for axis 0 with size 0
--- ✅ TASK 99: Rendering for batch complete in 901.91s. ---
--- ⚙️ TASK 99: Encoding rendered images for the batch... ---
--- ✅ TASK 99: Batch 1 complete. Processed 999 models. ---
────────────────────────────────────────────────────────────────────────────────
📦 TASK 99: Processing Batch 2 / 3
--- 🚀 TASK 99: Starting Rendering with 8 workers... ---
✅ Generated 50 camera views for Blender.
❌ Failed to load mesh /scratch/gpfs/ZHUANGL/bz1474/Objaverse/dataset/Trellis500K/386dff47d17680c7f3e3fc41e6282e3d8b5f6470d7344eb06ce0125fcabc330f/model_normalized.glb: index 0 is out of bounds for axis 0 with size 0
--- ✅ TASK 99: Rendering for batch complete in 1031.38s. ---
--- ⚙️ TASK 99: Encoding rendered images for the batch... ---
