--- Starting SLURM Job ---
Job ID: 66573747 | Array Task ID: 31 / 100
Running on host: della-l01g12
Allocated CPUs: 16
-----------------------------------------------------
⚠️ Warning: SAM2 library not found. The 'sam2' model type will not be available.
TASK 31/100: 🔍 Scanning for all models in '/scratch/gpfs/ZHUANGL/bz1474/Objaverse/dataset/Trellis500K'...
TASK 31/100: Found 235767 total models in source.
TASK 31/100: This task is responsible for 2358 models.
TASK 31/100: Skipping 0 completed models.
TASK 31/100: ➡️ Found 2358 new models to process.

--- 🧠 TASK 31: Loading DINOv2 model into VRAM... ---
Loading DinoV2 model...
✅ DinoV2 model loaded on cuda.
--- ✅ TASK 31: DINOv2 model loaded. ---

────────────────────────────────────────────────────────────────────────────────
📦 TASK 31: Processing Batch 1 / 3
--- 🚀 TASK 31: Starting Rendering with 8 workers... ---
✅ Generated 50 camera views for Blender.
❌ Failed to load mesh /scratch/gpfs/ZHUANGL/bz1474/Objaverse/dataset/Trellis500K/49bfa68dc22f21c1208388d5050c8d16c3ce4c50a7b38357c1fee443a5225dd4/model_normalized.glb: index 0 is out of bounds for axis 0 with size 0
❌ Failed to load mesh /scratch/gpfs/ZHUANGL/bz1474/Objaverse/dataset/Trellis500K/944264fdaa134508e092cf8002d3f1d8f42f04882bc77b5ee816c1a3a1034939/model_normalized.glb: index 0 is out of bounds for axis 0 with size 0
❌ Failed to load mesh /scratch/gpfs/ZHUANGL/bz1474/Objaverse/dataset/Trellis500K/3039bdf53c6a73586bdcd101eb33e36e9fee5693fd20793cbc520176f631b109/model_normalized.glb: index 0 is out of bounds for axis 0 with size 0
--- ✅ TASK 31: Rendering for batch complete in 964.83s. ---
--- ⚙️ TASK 31: Encoding rendered images for the batch... ---
--- ✅ TASK 31: Batch 1 complete. Processed 997 models. ---
────────────────────────────────────────────────────────────────────────────────
📦 TASK 31: Processing Batch 2 / 3
--- 🚀 TASK 31: Starting Rendering with 8 workers... ---
✅ Generated 50 camera views for Blender.
❌ Failed to load mesh /scratch/gpfs/ZHUANGL/bz1474/Objaverse/dataset/Trellis500K/ca88fb00a2503b91d861e1153e60beb934a804b9eea3f7f963c1cb8bec0cecce/model_normalized.glb: index 0 is out of bounds for axis 0 with size 0
--- ✅ TASK 31: Rendering for batch complete in 1002.77s. ---
--- ⚙️ TASK 31: Encoding rendered images for the batch... ---
--- ✅ TASK 31: Batch 2 complete. Processed 999 models. ---
────────────────────────────────────────────────────────────────────────────────
📦 TASK 31: Processing Batch 3 / 3
--- 🚀 TASK 31: Starting Rendering with 8 workers... ---
✅ Generated 50 camera views for Blender.
--- ✅ TASK 31: Rendering for batch complete in 339.41s. ---
--- ⚙️ TASK 31: Encoding rendered images for the batch... ---
--- ✅ TASK 31: Batch 3 complete. Processed 358 models. ---

✨✨✨✨✨✨✨✨✨✨✨✨✨✨✨✨✨✨✨✨
✨ TASK 31: All Batches Complete! ✨
Successfully processed 2354 models in this task.
Total time elapsed for this task: 13949.22 seconds.
--- Task 31 Finished ---
