--- Starting SLURM Job ---
Job ID: 66578952 | Array Task ID: 80 / 100
Running on host: della-l01g10
Allocated CPUs: 16
-----------------------------------------------------
⚠️ Warning: SAM2 library not found. The 'sam2' model type will not be available.
TASK 80/100: 🔍 Scanning for all models in '/scratch/gpfs/ZHUANGL/bz1474/Objaverse/dataset/Trellis500K'...
TASK 80/100: Found 235767 total models in source.
TASK 80/100: This task is responsible for 2357 models.
TASK 80/100: Skipping 0 completed models.
TASK 80/100: ➡️ Found 2357 new models to process.

--- 🧠 TASK 80: Loading DINOv2 model into VRAM... ---
Loading DinoV2 model...
✅ DinoV2 model loaded on cuda.
--- ✅ TASK 80: DINOv2 model loaded. ---

────────────────────────────────────────────────────────────────────────────────
📦 TASK 80: Processing Batch 1 / 3
--- 🚀 TASK 80: Starting Rendering with 8 workers... ---
✅ Generated 50 camera views for Blender.
❌ Failed to load mesh /scratch/gpfs/ZHUANGL/bz1474/Objaverse/dataset/Trellis500K/39a666cb11d992b6e718a8baaabaaf8b7537aa3de78ce23a500ca5d82cda3aab/model_normalized.glb: index 0 is out of bounds for axis 0 with size 0
❌ Failed to load mesh /scratch/gpfs/ZHUANGL/bz1474/Objaverse/dataset/Trellis500K/489b454ff6d390e224a2e9e05e3ed4515415f21c62d0719d96dd15765e9a84c7/model_normalized.glb: chunk was not expected length!
--- ✅ TASK 80: Rendering for batch complete in 974.21s. ---
--- ⚙️ TASK 80: Encoding rendered images for the batch... ---
--- ✅ TASK 80: Batch 1 complete. Processed 998 models. ---
────────────────────────────────────────────────────────────────────────────────
📦 TASK 80: Processing Batch 2 / 3
--- 🚀 TASK 80: Starting Rendering with 8 workers... ---
✅ Generated 50 camera views for Blender.
❌ Failed to load mesh /scratch/gpfs/ZHUANGL/bz1474/Objaverse/dataset/Trellis500K/bc616bd4534e54e282aec1ca5824f87962e88a6063100f230f1296bcfce8b6f4/model_normalized.glb: index 0 is out of bounds for axis 0 with size 0
❌ Failed to load mesh /scratch/gpfs/ZHUANGL/bz1474/Objaverse/dataset/Trellis500K/392bd32e50d9be1a20499dc09f74b19bf5817e05a0143ce4aebf7637c6fb1a41/model_normalized.glb: index 0 is out of bounds for axis 0 with size 0
--- ✅ TASK 80: Rendering for batch complete in 1011.84s. ---
--- ⚙️ TASK 80: Encoding rendered images for the batch... ---
--- ✅ TASK 80: Batch 2 complete. Processed 998 models. ---
────────────────────────────────────────────────────────────────────────────────
📦 TASK 80: Processing Batch 3 / 3
--- 🚀 TASK 80: Starting Rendering with 8 workers... ---
✅ Generated 50 camera views for Blender.
--- ✅ TASK 80: Rendering for batch complete in 338.18s. ---
--- ⚙️ TASK 80: Encoding rendered images for the batch... ---
--- ✅ TASK 80: Batch 3 complete. Processed 357 models. ---

✨✨✨✨✨✨✨✨✨✨✨✨✨✨✨✨✨✨✨✨
✨ TASK 80: All Batches Complete! ✨
Successfully processed 2353 models in this task.
Total time elapsed for this task: 13983.58 seconds.
--- Task 80 Finished ---
