--- Starting SLURM Job ---
Job ID: 66572358 | Array Task ID: 16 / 100
Running on host: della-i14g6
Allocated CPUs: 16
-----------------------------------------------------
⚠️ Warning: SAM2 library not found. The 'sam2' model type will not be available.
TASK 16/100: 🔍 Scanning for all models in '/scratch/gpfs/ZHUANGL/bz1474/Objaverse/dataset/Trellis500K'...
TASK 16/100: Found 235767 total models in source.
TASK 16/100: This task is responsible for 2358 models.
TASK 16/100: Skipping 0 completed models.
TASK 16/100: ➡️ Found 2358 new models to process.

--- 🧠 TASK 16: Loading DINOv2 model into VRAM... ---
Loading DinoV2 model...
✅ DinoV2 model loaded on cuda.
--- ✅ TASK 16: DINOv2 model loaded. ---

────────────────────────────────────────────────────────────────────────────────
📦 TASK 16: Processing Batch 1 / 3
--- 🚀 TASK 16: Starting Rendering with 8 workers... ---
✅ Generated 50 camera views for Blender.
❌ Failed to load mesh /scratch/gpfs/ZHUANGL/bz1474/Objaverse/dataset/Trellis500K/cdc38b6fd2f313c258565222d4c6df00555d916562221599e759bf528e38ab29/model_normalized.glb: index 0 is out of bounds for axis 0 with size 0
❌ Failed to load mesh /scratch/gpfs/ZHUANGL/bz1474/Objaverse/dataset/Trellis500K/344a17bd1486f0ce5bd8c42acf044ec73e99b1390e45e3b16288240c50bcf603/model_normalized.glb: index 0 is out of bounds for axis 0 with size 0
--- ✅ TASK 16: Rendering for batch complete in 304.76s. ---
--- ⚙️ TASK 16: Encoding rendered images for the batch... ---
--- ✅ TASK 16: Batch 1 complete. Processed 998 models. ---
────────────────────────────────────────────────────────────────────────────────
📦 TASK 16: Processing Batch 2 / 3
--- 🚀 TASK 16: Starting Rendering with 8 workers... ---
✅ Generated 50 camera views for Blender.
❌ Failed to load mesh /scratch/gpfs/ZHUANGL/bz1474/Objaverse/dataset/Trellis500K/70b25cf973972db5e3e1c1996dc8eef23a386bff9984b48d812d62edffae695b/model_normalized.glb: index 0 is out of bounds for axis 0 with size 0
--- ✅ TASK 16: Rendering for batch complete in 302.58s. ---
--- ⚙️ TASK 16: Encoding rendered images for the batch... ---
--- ✅ TASK 16: Batch 2 complete. Processed 999 models. ---
────────────────────────────────────────────────────────────────────────────────
📦 TASK 16: Processing Batch 3 / 3
--- 🚀 TASK 16: Starting Rendering with 8 workers... ---
✅ Generated 50 camera views for Blender.
--- ✅ TASK 16: Rendering for batch complete in 113.34s. ---
--- ⚙️ TASK 16: Encoding rendered images for the batch... ---
--- ✅ TASK 16: Batch 3 complete. Processed 358 models. ---

✨✨✨✨✨✨✨✨✨✨✨✨✨✨✨✨✨✨✨✨
✨ TASK 16: All Batches Complete! ✨
Successfully processed 2355 models in this task.
Total time elapsed for this task: 6495.90 seconds.
--- Task 16 Finished ---
