--- Starting SLURM Job ---
Job ID: 66575421 | Array Task ID: 49 / 100
Running on host: della-i14g7
Allocated CPUs: 16
-----------------------------------------------------
⚠️ Warning: SAM2 library not found. The 'sam2' model type will not be available.
TASK 49/100: 🔍 Scanning for all models in '/scratch/gpfs/ZHUANGL/bz1474/Objaverse/dataset/Trellis500K'...
TASK 49/100: Found 235767 total models in source.
TASK 49/100: This task is responsible for 2358 models.
TASK 49/100: Skipping 0 completed models.
TASK 49/100: ➡️ Found 2358 new models to process.

--- 🧠 TASK 49: Loading DINOv2 model into VRAM... ---
Loading DinoV2 model...
✅ DinoV2 model loaded on cuda.
--- ✅ TASK 49: DINOv2 model loaded. ---

────────────────────────────────────────────────────────────────────────────────
📦 TASK 49: Processing Batch 1 / 3
--- 🚀 TASK 49: Starting Rendering with 8 workers... ---
✅ Generated 50 camera views for Blender.
--- ✅ TASK 49: Rendering for batch complete in 303.86s. ---
--- ⚙️ TASK 49: Encoding rendered images for the batch... ---
--- ✅ TASK 49: Batch 1 complete. Processed 1000 models. ---
────────────────────────────────────────────────────────────────────────────────
📦 TASK 49: Processing Batch 2 / 3
--- 🚀 TASK 49: Starting Rendering with 8 workers... ---
✅ Generated 50 camera views for Blender.
❌ Failed to load mesh /scratch/gpfs/ZHUANGL/bz1474/Objaverse/dataset/Trellis500K/84b549ba27b2e7a4876d2ec7ea1f9859b19191a1fb4e4553eceb13a25c5aa37d/model_normalized.glb: index 0 is out of bounds for axis 0 with size 0
--- ✅ TASK 49: Rendering for batch complete in 312.29s. ---
--- ⚙️ TASK 49: Encoding rendered images for the batch... ---
--- ✅ TASK 49: Batch 2 complete. Processed 999 models. ---
────────────────────────────────────────────────────────────────────────────────
📦 TASK 49: Processing Batch 3 / 3
--- 🚀 TASK 49: Starting Rendering with 8 workers... ---
✅ Generated 50 camera views for Blender.
--- ✅ TASK 49: Rendering for batch complete in 109.41s. ---
--- ⚙️ TASK 49: Encoding rendered images for the batch... ---
--- ✅ TASK 49: Batch 3 complete. Processed 358 models. ---

✨✨✨✨✨✨✨✨✨✨✨✨✨✨✨✨✨✨✨✨
✨ TASK 49: All Batches Complete! ✨
Successfully processed 2357 models in this task.
Total time elapsed for this task: 6518.23 seconds.
--- Task 49 Finished ---
