--- Starting SLURM Job ---
Job ID: 66580368 | Array Task ID: 94 / 100
Running on host: della-i14g4
Allocated CPUs: 16
-----------------------------------------------------
⚠️ Warning: SAM2 library not found. The 'sam2' model type will not be available.
TASK 94/100: 🔍 Scanning for all models in '/scratch/gpfs/ZHUANGL/bz1474/Objaverse/dataset/Trellis500K'...
TASK 94/100: Found 235767 total models in source.
TASK 94/100: This task is responsible for 2357 models.
TASK 94/100: Skipping 0 completed models.
TASK 94/100: ➡️ Found 2357 new models to process.

--- 🧠 TASK 94: Loading DINOv2 model into VRAM... ---
Loading DinoV2 model...
✅ DinoV2 model loaded on cuda.
--- ✅ TASK 94: DINOv2 model loaded. ---

────────────────────────────────────────────────────────────────────────────────
📦 TASK 94: Processing Batch 1 / 3
--- 🚀 TASK 94: Starting Rendering with 8 workers... ---
✅ Generated 50 camera views for Blender.
--- ✅ TASK 94: Rendering for batch complete in 307.77s. ---
--- ⚙️ TASK 94: Encoding rendered images for the batch... ---
--- ✅ TASK 94: Batch 1 complete. Processed 1000 models. ---
────────────────────────────────────────────────────────────────────────────────
📦 TASK 94: Processing Batch 2 / 3
--- 🚀 TASK 94: Starting Rendering with 8 workers... ---
✅ Generated 50 camera views for Blender.
--- ✅ TASK 94: Rendering for batch complete in 308.68s. ---
--- ⚙️ TASK 94: Encoding rendered images for the batch... ---
--- ✅ TASK 94: Batch 2 complete. Processed 1000 models. ---
────────────────────────────────────────────────────────────────────────────────
📦 TASK 94: Processing Batch 3 / 3
--- 🚀 TASK 94: Starting Rendering with 8 workers... ---
✅ Generated 50 camera views for Blender.
--- ✅ TASK 94: Rendering for batch complete in 111.85s. ---
--- ⚙️ TASK 94: Encoding rendered images for the batch... ---
--- ✅ TASK 94: Batch 3 complete. Processed 357 models. ---

✨✨✨✨✨✨✨✨✨✨✨✨✨✨✨✨✨✨✨✨
✨ TASK 94: All Batches Complete! ✨
Successfully processed 2357 models in this task.
Total time elapsed for this task: 6591.83 seconds.
--- Task 94 Finished ---
