--- Starting SLURM Job ---
Job ID: 66579251 | Array Task ID: 84 / 100
Running on host: della-i14g12
Allocated CPUs: 16
-----------------------------------------------------
⚠️ Warning: SAM2 library not found. The 'sam2' model type will not be available.
TASK 84/100: 🔍 Scanning for all models in '/scratch/gpfs/ZHUANGL/bz1474/Objaverse/dataset/Trellis500K'...
TASK 84/100: Found 235767 total models in source.
TASK 84/100: This task is responsible for 2357 models.
TASK 84/100: Skipping 0 completed models.
TASK 84/100: ➡️ Found 2357 new models to process.

--- 🧠 TASK 84: Loading DINOv2 model into VRAM... ---
Loading DinoV2 model...
✅ DinoV2 model loaded on cuda.
--- ✅ TASK 84: DINOv2 model loaded. ---

────────────────────────────────────────────────────────────────────────────────
📦 TASK 84: Processing Batch 1 / 3
--- 🚀 TASK 84: Starting Rendering with 8 workers... ---
✅ Generated 50 camera views for Blender.
❌ Failed to load mesh /scratch/gpfs/ZHUANGL/bz1474/Objaverse/dataset/Trellis500K/35dd2e4ecbb1cb821eff75e93825dd97fc6de349ebb3ac36d8ddad57126aea62/model_normalized.glb: index 0 is out of bounds for axis 0 with size 0
--- ✅ TASK 84: Rendering for batch complete in 302.84s. ---
--- ⚙️ TASK 84: Encoding rendered images for the batch... ---
--- ✅ TASK 84: Batch 1 complete. Processed 999 models. ---
────────────────────────────────────────────────────────────────────────────────
📦 TASK 84: Processing Batch 2 / 3
--- 🚀 TASK 84: Starting Rendering with 8 workers... ---
✅ Generated 50 camera views for Blender.
--- ✅ TASK 84: Rendering for batch complete in 309.77s. ---
--- ⚙️ TASK 84: Encoding rendered images for the batch... ---
--- ✅ TASK 84: Batch 2 complete. Processed 1000 models. ---
────────────────────────────────────────────────────────────────────────────────
📦 TASK 84: Processing Batch 3 / 3
--- 🚀 TASK 84: Starting Rendering with 8 workers... ---
✅ Generated 50 camera views for Blender.
--- ✅ TASK 84: Rendering for batch complete in 112.46s. ---
--- ⚙️ TASK 84: Encoding rendered images for the batch... ---
--- ✅ TASK 84: Batch 3 complete. Processed 357 models. ---

✨✨✨✨✨✨✨✨✨✨✨✨✨✨✨✨✨✨✨✨
✨ TASK 84: All Batches Complete! ✨
Successfully processed 2356 models in this task.
Total time elapsed for this task: 6556.11 seconds.
--- Task 84 Finished ---
