--- Starting SLURM Job ---
Job ID: 66576535 | Array Task ID: 55 / 100
Running on host: della-l01g9
Allocated CPUs: 16
-----------------------------------------------------
⚠️ Warning: SAM2 library not found. The 'sam2' model type will not be available.
TASK 55/100: 🔍 Scanning for all models in '/scratch/gpfs/ZHUANGL/bz1474/Objaverse/dataset/Trellis500K'...
TASK 55/100: Found 235767 total models in source.
TASK 55/100: This task is responsible for 2358 models.
TASK 55/100: Skipping 0 completed models.
TASK 55/100: ➡️ Found 2358 new models to process.

--- 🧠 TASK 55: Loading DINOv2 model into VRAM... ---
Loading DinoV2 model...
✅ DinoV2 model loaded on cuda.
--- ✅ TASK 55: DINOv2 model loaded. ---

────────────────────────────────────────────────────────────────────────────────
📦 TASK 55: Processing Batch 1 / 3
--- 🚀 TASK 55: Starting Rendering with 8 workers... ---
✅ Generated 50 camera views for Blender.
❌ Failed to load mesh /scratch/gpfs/ZHUANGL/bz1474/Objaverse/dataset/Trellis500K/7ec2e69f4fa73a322a4f2c778711f47abdb497b744b735268f6bc7870c9a0ca1/model_normalized.glb: index 0 is out of bounds for axis 0 with size 0
❌ Failed to load mesh /scratch/gpfs/ZHUANGL/bz1474/Objaverse/dataset/Trellis500K/095b8e021db237128458d837161b4688e9add6d85f2f962f78150256ad3e95ce/model_normalized.glb: index 0 is out of bounds for axis 0 with size 0
--- ✅ TASK 55: Rendering for batch complete in 984.59s. ---
--- ⚙️ TASK 55: Encoding rendered images for the batch... ---
--- ✅ TASK 55: Batch 1 complete. Processed 998 models. ---
────────────────────────────────────────────────────────────────────────────────
📦 TASK 55: Processing Batch 2 / 3
--- 🚀 TASK 55: Starting Rendering with 8 workers... ---
✅ Generated 50 camera views for Blender.
❌ Failed to load mesh /scratch/gpfs/ZHUANGL/bz1474/Objaverse/dataset/Trellis500K/394c9d9424181bc4dfc17b48b3d56025562de13e56c98fbaace7dbf581b5a564/model_normalized.glb: index 0 is out of bounds for axis 0 with size 0
❌ Failed to load mesh /scratch/gpfs/ZHUANGL/bz1474/Objaverse/dataset/Trellis500K/d30729492f83e8461891890905d9256ea3384538b92c2271b44d9c7629d34168/model_normalized.glb: index 0 is out of bounds for axis 0 with size 0
--- ✅ TASK 55: Rendering for batch complete in 1034.32s. ---
--- ⚙️ TASK 55: Encoding rendered images for the batch... ---
--- ✅ TASK 55: Batch 2 complete. Processed 998 models. ---
────────────────────────────────────────────────────────────────────────────────
📦 TASK 55: Processing Batch 3 / 3
--- 🚀 TASK 55: Starting Rendering with 8 workers... ---
✅ Generated 50 camera views for Blender.
❌ Failed to load mesh /scratch/gpfs/ZHUANGL/bz1474/Objaverse/dataset/Trellis500K/34b9da67634b6d2f1353b8668da3fb08f815797a1429ce49445eb993aeb8c9e4/model_normalized.glb: index 0 is out of bounds for axis 0 with size 0
--- ✅ TASK 55: Rendering for batch complete in 303.74s. ---
--- ⚙️ TASK 55: Encoding rendered images for the batch... ---
--- ✅ TASK 55: Batch 3 complete. Processed 357 models. ---

✨✨✨✨✨✨✨✨✨✨✨✨✨✨✨✨✨✨✨✨
✨ TASK 55: All Batches Complete! ✨
Successfully processed 2353 models in this task.
Total time elapsed for this task: 13883.55 seconds.
--- Task 55 Finished ---
