--- Starting SLURM Job ---
Job ID: 66579185 | Array Task ID: 82 / 100
Running on host: della-i14g3
Allocated CPUs: 16
-----------------------------------------------------
⚠️ Warning: SAM2 library not found. The 'sam2' model type will not be available.
TASK 82/100: 🔍 Scanning for all models in '/scratch/gpfs/ZHUANGL/bz1474/Objaverse/dataset/Trellis500K'...
TASK 82/100: Found 235767 total models in source.
TASK 82/100: This task is responsible for 2357 models.
TASK 82/100: Skipping 0 completed models.
TASK 82/100: ➡️ Found 2357 new models to process.

--- 🧠 TASK 82: Loading DINOv2 model into VRAM... ---
Loading DinoV2 model...
✅ DinoV2 model loaded on cuda.
--- ✅ TASK 82: DINOv2 model loaded. ---

────────────────────────────────────────────────────────────────────────────────
📦 TASK 82: Processing Batch 1 / 3
--- 🚀 TASK 82: Starting Rendering with 8 workers... ---
✅ Generated 50 camera views for Blender.
--- ✅ TASK 82: Rendering for batch complete in 301.41s. ---
--- ⚙️ TASK 82: Encoding rendered images for the batch... ---
--- ✅ TASK 82: Batch 1 complete. Processed 1000 models. ---
────────────────────────────────────────────────────────────────────────────────
📦 TASK 82: Processing Batch 2 / 3
--- 🚀 TASK 82: Starting Rendering with 8 workers... ---
✅ Generated 50 camera views for Blender.
--- ✅ TASK 82: Rendering for batch complete in 308.18s. ---
--- ⚙️ TASK 82: Encoding rendered images for the batch... ---
--- ✅ TASK 82: Batch 2 complete. Processed 1000 models. ---
────────────────────────────────────────────────────────────────────────────────
📦 TASK 82: Processing Batch 3 / 3
--- 🚀 TASK 82: Starting Rendering with 8 workers... ---
✅ Generated 50 camera views for Blender.
--- ✅ TASK 82: Rendering for batch complete in 106.61s. ---
--- ⚙️ TASK 82: Encoding rendered images for the batch... ---
--- ✅ TASK 82: Batch 3 complete. Processed 357 models. ---

✨✨✨✨✨✨✨✨✨✨✨✨✨✨✨✨✨✨✨✨
✨ TASK 82: All Batches Complete! ✨
Successfully processed 2357 models in this task.
Total time elapsed for this task: 6566.57 seconds.
--- Task 82 Finished ---
