--- Starting SLURM Job ---
Job ID: 66572672 | Array Task ID: 23 / 100
Running on host: della-i14g11
Allocated CPUs: 16
-----------------------------------------------------
⚠️ Warning: SAM2 library not found. The 'sam2' model type will not be available.
TASK 23/100: 🔍 Scanning for all models in '/scratch/gpfs/ZHUANGL/bz1474/Objaverse/dataset/Trellis500K'...
TASK 23/100: Found 235767 total models in source.
TASK 23/100: This task is responsible for 2358 models.
TASK 23/100: Skipping 0 completed models.
TASK 23/100: ➡️ Found 2358 new models to process.

--- 🧠 TASK 23: Loading DINOv2 model into VRAM... ---
Loading DinoV2 model...
✅ DinoV2 model loaded on cuda.
--- ✅ TASK 23: DINOv2 model loaded. ---

────────────────────────────────────────────────────────────────────────────────
📦 TASK 23: Processing Batch 1 / 3
--- 🚀 TASK 23: Starting Rendering with 8 workers... ---
✅ Generated 50 camera views for Blender.
❌ Failed to load mesh /scratch/gpfs/ZHUANGL/bz1474/Objaverse/dataset/Trellis500K/748ef654f788398a53b399a4211d97bb983feb8a93b806849fdb4926f9231101/model_normalized.glb: index 0 is out of bounds for axis 0 with size 0
❌ Failed to load mesh /scratch/gpfs/ZHUANGL/bz1474/Objaverse/dataset/Trellis500K/0532bdff646cf7acfee33688871b204070bff7759313d0228feaeadd5a4a24c5/model_normalized.glb: index 0 is out of bounds for axis 0 with size 0
❌ Failed to load mesh /scratch/gpfs/ZHUANGL/bz1474/Objaverse/dataset/Trellis500K/3d8c2b14270ab0c9e9edf9e3c534f9f2f6a545e86982a864d2bf685c895bea22/model_normalized.glb: index 0 is out of bounds for axis 0 with size 0
--- ✅ TASK 23: Rendering for batch complete in 304.71s. ---
--- ⚙️ TASK 23: Encoding rendered images for the batch... ---
--- ✅ TASK 23: Batch 1 complete. Processed 997 models. ---
────────────────────────────────────────────────────────────────────────────────
📦 TASK 23: Processing Batch 2 / 3
--- 🚀 TASK 23: Starting Rendering with 8 workers... ---
✅ Generated 50 camera views for Blender.
--- ✅ TASK 23: Rendering for batch complete in 303.86s. ---
--- ⚙️ TASK 23: Encoding rendered images for the batch... ---
--- ✅ TASK 23: Batch 2 complete. Processed 1000 models. ---
────────────────────────────────────────────────────────────────────────────────
📦 TASK 23: Processing Batch 3 / 3
--- 🚀 TASK 23: Starting Rendering with 8 workers... ---
✅ Generated 50 camera views for Blender.
--- ✅ TASK 23: Rendering for batch complete in 113.94s. ---
--- ⚙️ TASK 23: Encoding rendered images for the batch... ---
--- ✅ TASK 23: Batch 3 complete. Processed 358 models. ---

✨✨✨✨✨✨✨✨✨✨✨✨✨✨✨✨✨✨✨✨
✨ TASK 23: All Batches Complete! ✨
Successfully processed 2355 models in this task.
Total time elapsed for this task: 6574.75 seconds.
--- Task 23 Finished ---
