--- Starting SLURM Job ---
Job ID: 66579961 | Array Task ID: 86 / 100
Running on host: della-i14g6
Allocated CPUs: 16
-----------------------------------------------------
⚠️ Warning: SAM2 library not found. The 'sam2' model type will not be available.
TASK 86/100: 🔍 Scanning for all models in '/scratch/gpfs/ZHUANGL/bz1474/Objaverse/dataset/Trellis500K'...
TASK 86/100: Found 235767 total models in source.
TASK 86/100: This task is responsible for 2357 models.
TASK 86/100: Skipping 0 completed models.
TASK 86/100: ➡️ Found 2357 new models to process.

--- 🧠 TASK 86: Loading DINOv2 model into VRAM... ---
Loading DinoV2 model...
✅ DinoV2 model loaded on cuda.
--- ✅ TASK 86: DINOv2 model loaded. ---

────────────────────────────────────────────────────────────────────────────────
📦 TASK 86: Processing Batch 1 / 3
--- 🚀 TASK 86: Starting Rendering with 8 workers... ---
✅ Generated 50 camera views for Blender.
❌ Failed to load mesh /scratch/gpfs/ZHUANGL/bz1474/Objaverse/dataset/Trellis500K/673eef90ef7b0cf354d75c5b085f5a7ae453ed5ea343bc7da9b1e5918ae68f8a/model_normalized.glb: index 0 is out of bounds for axis 0 with size 0
--- ✅ TASK 86: Rendering for batch complete in 303.55s. ---
--- ⚙️ TASK 86: Encoding rendered images for the batch... ---
--- ✅ TASK 86: Batch 1 complete. Processed 999 models. ---
────────────────────────────────────────────────────────────────────────────────
📦 TASK 86: Processing Batch 2 / 3
--- 🚀 TASK 86: Starting Rendering with 8 workers... ---
✅ Generated 50 camera views for Blender.
--- ✅ TASK 86: Rendering for batch complete in 308.78s. ---
--- ⚙️ TASK 86: Encoding rendered images for the batch... ---
--- ✅ TASK 86: Batch 2 complete. Processed 1000 models. ---
────────────────────────────────────────────────────────────────────────────────
📦 TASK 86: Processing Batch 3 / 3
--- 🚀 TASK 86: Starting Rendering with 8 workers... ---
✅ Generated 50 camera views for Blender.
--- ✅ TASK 86: Rendering for batch complete in 114.71s. ---
--- ⚙️ TASK 86: Encoding rendered images for the batch... ---
--- ✅ TASK 86: Batch 3 complete. Processed 357 models. ---

✨✨✨✨✨✨✨✨✨✨✨✨✨✨✨✨✨✨✨✨
✨ TASK 86: All Batches Complete! ✨
Successfully processed 2356 models in this task.
Total time elapsed for this task: 6506.89 seconds.
--- Task 86 Finished ---
