--- Starting SLURM Job ---
Job ID: 66567964 | Array Task ID: 6 / 100
Running on host: della-l01g8
Allocated CPUs: 16
-----------------------------------------------------
⚠️ Warning: SAM2 library not found. The 'sam2' model type will not be available.
TASK 6/100: 🔍 Scanning for all models in '/scratch/gpfs/ZHUANGL/bz1474/Objaverse/dataset/Trellis500K'...
TASK 6/100: Found 235767 total models in source.
TASK 6/100: This task is responsible for 2358 models.
TASK 6/100: Skipping 0 completed models.
TASK 6/100: ➡️ Found 2358 new models to process.

--- 🧠 TASK 6: Loading DINOv2 model into VRAM... ---
Loading DinoV2 model...
✅ DinoV2 model loaded on cuda.
--- ✅ TASK 6: DINOv2 model loaded. ---

────────────────────────────────────────────────────────────────────────────────
📦 TASK 6: Processing Batch 1 / 3
--- 🚀 TASK 6: Starting Rendering with 8 workers... ---
✅ Generated 50 camera views for Blender.
❌ Failed to load mesh /scratch/gpfs/ZHUANGL/bz1474/Objaverse/dataset/Trellis500K/89f880250100d59e8ed32f23f1f8d990e8db8e552a9a37e898cc1893c20fcce1/model_normalized.glb: index 0 is out of bounds for axis 0 with size 0
--- ✅ TASK 6: Rendering for batch complete in 1014.31s. ---
--- ⚙️ TASK 6: Encoding rendered images for the batch... ---
--- ✅ TASK 6: Batch 1 complete. Processed 999 models. ---
────────────────────────────────────────────────────────────────────────────────
📦 TASK 6: Processing Batch 2 / 3
--- 🚀 TASK 6: Starting Rendering with 8 workers... ---
✅ Generated 50 camera views for Blender.
❌ Failed to load mesh /scratch/gpfs/ZHUANGL/bz1474/Objaverse/dataset/Trellis500K/5ef593af1108d552486f5c3efa1bb32b4cebbbe48098fca68bcad9838701e161/model_normalized.glb: index 0 is out of bounds for axis 0 with size 0
❌ Failed to load mesh /scratch/gpfs/ZHUANGL/bz1474/Objaverse/dataset/Trellis500K/b496bc82b494f8947b02567e9c06481ec6f160bf79cee488df44266815a3734d/model_normalized.glb: index 0 is out of bounds for axis 0 with size 0
--- ✅ TASK 6: Rendering for batch complete in 965.37s. ---
--- ⚙️ TASK 6: Encoding rendered images for the batch... ---
--- ✅ TASK 6: Batch 2 complete. Processed 998 models. ---
────────────────────────────────────────────────────────────────────────────────
📦 TASK 6: Processing Batch 3 / 3
--- 🚀 TASK 6: Starting Rendering with 8 workers... ---
✅ Generated 50 camera views for Blender.
--- ✅ TASK 6: Rendering for batch complete in 343.27s. ---
--- ⚙️ TASK 6: Encoding rendered images for the batch... ---
--- ✅ TASK 6: Batch 3 complete. Processed 358 models. ---

✨✨✨✨✨✨✨✨✨✨✨✨✨✨✨✨✨✨✨✨
✨ TASK 6: All Batches Complete! ✨
Successfully processed 2355 models in this task.
Total time elapsed for this task: 13948.40 seconds.
--- Task 6 Finished ---
