--- Starting SLURM Job ---
Job ID: 66567117 | Array Task ID: 3 / 100
Running on host: della-l01g10
Allocated CPUs: 16
-----------------------------------------------------
⚠️ Warning: SAM2 library not found. The 'sam2' model type will not be available.
TASK 3/100: 🔍 Scanning for all models in '/scratch/gpfs/ZHUANGL/bz1474/Objaverse/dataset/Trellis500K'...
TASK 3/100: Found 235767 total models in source.
TASK 3/100: This task is responsible for 2358 models.
TASK 3/100: Skipping 0 completed models.
TASK 3/100: ➡️ Found 2358 new models to process.

--- 🧠 TASK 3: Loading DINOv2 model into VRAM... ---
Loading DinoV2 model...
✅ DinoV2 model loaded on cuda.
--- ✅ TASK 3: DINOv2 model loaded. ---

────────────────────────────────────────────────────────────────────────────────
📦 TASK 3: Processing Batch 1 / 3
--- 🚀 TASK 3: Starting Rendering with 8 workers... ---
✅ Generated 50 camera views for Blender.
--- ✅ TASK 3: Rendering for batch complete in 962.94s. ---
--- ⚙️ TASK 3: Encoding rendered images for the batch... ---
--- ✅ TASK 3: Batch 1 complete. Processed 1000 models. ---
────────────────────────────────────────────────────────────────────────────────
📦 TASK 3: Processing Batch 2 / 3
--- 🚀 TASK 3: Starting Rendering with 8 workers... ---
✅ Generated 50 camera views for Blender.
--- ✅ TASK 3: Rendering for batch complete in 1002.09s. ---
--- ⚙️ TASK 3: Encoding rendered images for the batch... ---
--- ✅ TASK 3: Batch 2 complete. Processed 1000 models. ---
────────────────────────────────────────────────────────────────────────────────
📦 TASK 3: Processing Batch 3 / 3
--- 🚀 TASK 3: Starting Rendering with 8 workers... ---
✅ Generated 50 camera views for Blender.
--- ✅ TASK 3: Rendering for batch complete in 377.29s. ---
--- ⚙️ TASK 3: Encoding rendered images for the batch... ---
--- ✅ TASK 3: Batch 3 complete. Processed 358 models. ---

✨✨✨✨✨✨✨✨✨✨✨✨✨✨✨✨✨✨✨✨
✨ TASK 3: All Batches Complete! ✨
Successfully processed 2358 models in this task.
Total time elapsed for this task: 13988.00 seconds.
--- Task 3 Finished ---
