--- Starting SLURM Job ---
Job ID: 66572450 | Array Task ID: 17 / 100
Running on host: della-i14g8
Allocated CPUs: 16
-----------------------------------------------------
⚠️ Warning: SAM2 library not found. The 'sam2' model type will not be available.
TASK 17/100: 🔍 Scanning for all models in '/scratch/gpfs/ZHUANGL/bz1474/Objaverse/dataset/Trellis500K'...
TASK 17/100: Found 235767 total models in source.
TASK 17/100: This task is responsible for 2358 models.
TASK 17/100: Skipping 0 completed models.
TASK 17/100: ➡️ Found 2358 new models to process.

--- 🧠 TASK 17: Loading DINOv2 model into VRAM... ---
Loading DinoV2 model...
✅ DinoV2 model loaded on cuda.
--- ✅ TASK 17: DINOv2 model loaded. ---

────────────────────────────────────────────────────────────────────────────────
📦 TASK 17: Processing Batch 1 / 3
--- 🚀 TASK 17: Starting Rendering with 8 workers... ---
✅ Generated 50 camera views for Blender.
❌ Failed to load mesh /scratch/gpfs/ZHUANGL/bz1474/Objaverse/dataset/Trellis500K/0acb34ff6e4bb692dfe6b9f4339e12ca508c26c4d88e0d069b6d9e7f509a48f7/model_normalized.glb: index 0 is out of bounds for axis 0 with size 0
❌ Failed to load mesh /scratch/gpfs/ZHUANGL/bz1474/Objaverse/dataset/Trellis500K/82f9a52c5390a9185ef7b41c9cf8a3a9fac26059a4c4cb5f078cc2dc4238a275/model_normalized.glb: index 0 is out of bounds for axis 0 with size 0
❌ Failed to load mesh /scratch/gpfs/ZHUANGL/bz1474/Objaverse/dataset/Trellis500K/985de30f17a3c0caed7f9b08faf30cef78dbac50364209f216f6722c6ed338e0/model_normalized.glb: index 0 is out of bounds for axis 0 with size 0
❌ Failed to load mesh /scratch/gpfs/ZHUANGL/bz1474/Objaverse/dataset/Trellis500K/016b154ce89ed775250610aa9dea2a11dae6ad6097a6d3ec176d382b4d70e136/model_normalized.glb: index 0 is out of bounds for axis 0 with size 0
--- ✅ TASK 17: Rendering for batch complete in 296.98s. ---
--- ⚙️ TASK 17: Encoding rendered images for the batch... ---
--- ✅ TASK 17: Batch 1 complete. Processed 996 models. ---
────────────────────────────────────────────────────────────────────────────────
📦 TASK 17: Processing Batch 2 / 3
--- 🚀 TASK 17: Starting Rendering with 8 workers... ---
✅ Generated 50 camera views for Blender.
❌ Failed to load mesh /scratch/gpfs/ZHUANGL/bz1474/Objaverse/dataset/Trellis500K/0b8622a1a7f5a905d44ff29564c280dca5605c3c69323c00adf681fab53763c5/model_normalized.glb: index 0 is out of bounds for axis 0 with size 0
❌ Failed to load mesh /scratch/gpfs/ZHUANGL/bz1474/Objaverse/dataset/Trellis500K/396b8cd8e0e965c346561437056f7b5144a0dde4432d637bf179cd0bdebd49ed/model_normalized.glb: index 0 is out of bounds for axis 0 with size 0
--- ✅ TASK 17: Rendering for batch complete in 304.06s. ---
--- ⚙️ TASK 17: Encoding rendered images for the batch... ---
--- ✅ TASK 17: Batch 2 complete. Processed 998 models. ---
────────────────────────────────────────────────────────────────────────────────
📦 TASK 17: Processing Batch 3 / 3
--- 🚀 TASK 17: Starting Rendering with 8 workers... ---
✅ Generated 50 camera views for Blender.
--- ✅ TASK 17: Rendering for batch complete in 110.60s. ---
--- ⚙️ TASK 17: Encoding rendered images for the batch... ---
--- ✅ TASK 17: Batch 3 complete. Processed 358 models. ---

✨✨✨✨✨✨✨✨✨✨✨✨✨✨✨✨✨✨✨✨
✨ TASK 17: All Batches Complete! ✨
Successfully processed 2352 models in this task.
Total time elapsed for this task: 6468.29 seconds.
--- Task 17 Finished ---
