--- Starting SLURM Job ---
Job ID: 66574773 | Array Task ID: 38 / 100
Running on host: della-i14g6
Allocated CPUs: 16
-----------------------------------------------------
⚠️ Warning: SAM2 library not found. The 'sam2' model type will not be available.
TASK 38/100: 🔍 Scanning for all models in '/scratch/gpfs/ZHUANGL/bz1474/Objaverse/dataset/Trellis500K'...
TASK 38/100: Found 235767 total models in source.
TASK 38/100: This task is responsible for 2358 models.
TASK 38/100: Skipping 0 completed models.
TASK 38/100: ➡️ Found 2358 new models to process.

--- 🧠 TASK 38: Loading DINOv2 model into VRAM... ---
Loading DinoV2 model...
✅ DinoV2 model loaded on cuda.
--- ✅ TASK 38: DINOv2 model loaded. ---

────────────────────────────────────────────────────────────────────────────────
📦 TASK 38: Processing Batch 1 / 3
--- 🚀 TASK 38: Starting Rendering with 8 workers... ---
✅ Generated 50 camera views for Blender.
❌ Failed to load mesh /scratch/gpfs/ZHUANGL/bz1474/Objaverse/dataset/Trellis500K/754081b494eed0fc56aa0bf7d73ebd8a5e5162204409a5cdb077c4a1e15f52e4/model_normalized.glb: index 0 is out of bounds for axis 0 with size 0
❌ Failed to load mesh /scratch/gpfs/ZHUANGL/bz1474/Objaverse/dataset/Trellis500K/57b6bd55e6001284c1c3a2fe5a1d87074c7f5d0f7778a24fc750b7dcde02e7bc/model_normalized.glb: index 0 is out of bounds for axis 0 with size 0
❌ Failed to load mesh /scratch/gpfs/ZHUANGL/bz1474/Objaverse/dataset/Trellis500K/c0bc6853a6353cbcd3548df18f2d8695f6f08a0c9a3f5fdc14e074babeec3928/model_normalized.glb: index 0 is out of bounds for axis 0 with size 0
--- ✅ TASK 38: Rendering for batch complete in 303.03s. ---
--- ⚙️ TASK 38: Encoding rendered images for the batch... ---
--- ✅ TASK 38: Batch 1 complete. Processed 997 models. ---
────────────────────────────────────────────────────────────────────────────────
📦 TASK 38: Processing Batch 2 / 3
--- 🚀 TASK 38: Starting Rendering with 8 workers... ---
✅ Generated 50 camera views for Blender.
--- ✅ TASK 38: Rendering for batch complete in 299.96s. ---
--- ⚙️ TASK 38: Encoding rendered images for the batch... ---
--- ✅ TASK 38: Batch 2 complete. Processed 1000 models. ---
────────────────────────────────────────────────────────────────────────────────
📦 TASK 38: Processing Batch 3 / 3
--- 🚀 TASK 38: Starting Rendering with 8 workers... ---
✅ Generated 50 camera views for Blender.
--- ✅ TASK 38: Rendering for batch complete in 108.88s. ---
--- ⚙️ TASK 38: Encoding rendered images for the batch... ---
--- ✅ TASK 38: Batch 3 complete. Processed 358 models. ---

✨✨✨✨✨✨✨✨✨✨✨✨✨✨✨✨✨✨✨✨
✨ TASK 38: All Batches Complete! ✨
Successfully processed 2355 models in this task.
Total time elapsed for this task: 6484.93 seconds.
--- Task 38 Finished ---
