--- Starting SLURM Job ---
Job ID: 66576475 | Array Task ID: 53 / 100
Running on host: della-i14g2
Allocated CPUs: 16
-----------------------------------------------------
⚠️ Warning: SAM2 library not found. The 'sam2' model type will not be available.
TASK 53/100: 🔍 Scanning for all models in '/scratch/gpfs/ZHUANGL/bz1474/Objaverse/dataset/Trellis500K'...
TASK 53/100: Found 235767 total models in source.
TASK 53/100: This task is responsible for 2358 models.
TASK 53/100: Skipping 0 completed models.
TASK 53/100: ➡️ Found 2358 new models to process.

--- 🧠 TASK 53: Loading DINOv2 model into VRAM... ---
Loading DinoV2 model...
✅ DinoV2 model loaded on cuda.
--- ✅ TASK 53: DINOv2 model loaded. ---

────────────────────────────────────────────────────────────────────────────────
📦 TASK 53: Processing Batch 1 / 3
--- 🚀 TASK 53: Starting Rendering with 8 workers... ---
✅ Generated 50 camera views for Blender.
❌ Failed to load mesh /scratch/gpfs/ZHUANGL/bz1474/Objaverse/dataset/Trellis500K/29faf78e5367c380208e1cea6c261196b8cc93ee226a1e9e5c4e88e9125f4847/model_normalized.glb: index 0 is out of bounds for axis 0 with size 0
❌ Failed to load mesh /scratch/gpfs/ZHUANGL/bz1474/Objaverse/dataset/Trellis500K/09f9156fbed2601d1adfaea6c092cce6d0dff9ab454d04b9e18e005eb2646e3f/model_normalized.glb: index 0 is out of bounds for axis 0 with size 0
--- ✅ TASK 53: Rendering for batch complete in 300.75s. ---
--- ⚙️ TASK 53: Encoding rendered images for the batch... ---
--- ✅ TASK 53: Batch 1 complete. Processed 998 models. ---
────────────────────────────────────────────────────────────────────────────────
📦 TASK 53: Processing Batch 2 / 3
--- 🚀 TASK 53: Starting Rendering with 8 workers... ---
✅ Generated 50 camera views for Blender.
--- ✅ TASK 53: Rendering for batch complete in 301.89s. ---
--- ⚙️ TASK 53: Encoding rendered images for the batch... ---
--- ✅ TASK 53: Batch 2 complete. Processed 1000 models. ---
────────────────────────────────────────────────────────────────────────────────
📦 TASK 53: Processing Batch 3 / 3
--- 🚀 TASK 53: Starting Rendering with 8 workers... ---
✅ Generated 50 camera views for Blender.
--- ✅ TASK 53: Rendering for batch complete in 111.82s. ---
--- ⚙️ TASK 53: Encoding rendered images for the batch... ---
--- ✅ TASK 53: Batch 3 complete. Processed 358 models. ---

✨✨✨✨✨✨✨✨✨✨✨✨✨✨✨✨✨✨✨✨
✨ TASK 53: All Batches Complete! ✨
Successfully processed 2356 models in this task.
Total time elapsed for this task: 6589.60 seconds.
--- Task 53 Finished ---
