--- Starting SLURM Job ---
Job ID: 66567115 | Array Task ID: 1 / 100
Running on host: della-l01g10
Allocated CPUs: 16
-----------------------------------------------------
⚠️ Warning: SAM2 library not found. The 'sam2' model type will not be available.
TASK 1/100: 🔍 Scanning for all models in '/scratch/gpfs/ZHUANGL/bz1474/Objaverse/dataset/Trellis500K'...
TASK 1/100: Found 235767 total models in source.
TASK 1/100: This task is responsible for 2358 models.
TASK 1/100: Skipping 0 completed models.
TASK 1/100: ➡️ Found 2358 new models to process.

--- 🧠 TASK 1: Loading DINOv2 model into VRAM... ---
Loading DinoV2 model...
✅ DinoV2 model loaded on cuda.
--- ✅ TASK 1: DINOv2 model loaded. ---

────────────────────────────────────────────────────────────────────────────────
📦 TASK 1: Processing Batch 1 / 3
--- 🚀 TASK 1: Starting Rendering with 8 workers... ---
✅ Generated 50 camera views for Blender.
❌ Failed to load mesh /scratch/gpfs/ZHUANGL/bz1474/Objaverse/dataset/Trellis500K/4bfa55e27a86424e1427fb848829e170e56563d4ce303197e1769ab98f9b2a82/model_normalized.glb: index 0 is out of bounds for axis 0 with size 0
--- ✅ TASK 1: Rendering for batch complete in 888.76s. ---
--- ⚙️ TASK 1: Encoding rendered images for the batch... ---
--- ✅ TASK 1: Batch 1 complete. Processed 999 models. ---
────────────────────────────────────────────────────────────────────────────────
📦 TASK 1: Processing Batch 2 / 3
--- 🚀 TASK 1: Starting Rendering with 8 workers... ---
✅ Generated 50 camera views for Blender.
--- ✅ TASK 1: Rendering for batch complete in 930.92s. ---
--- ⚙️ TASK 1: Encoding rendered images for the batch... ---
--- ✅ TASK 1: Batch 2 complete. Processed 1000 models. ---
────────────────────────────────────────────────────────────────────────────────
📦 TASK 1: Processing Batch 3 / 3
--- 🚀 TASK 1: Starting Rendering with 8 workers... ---
✅ Generated 50 camera views for Blender.
--- ✅ TASK 1: Rendering for batch complete in 357.41s. ---
--- ⚙️ TASK 1: Encoding rendered images for the batch... ---
--- ✅ TASK 1: Batch 3 complete. Processed 358 models. ---

✨✨✨✨✨✨✨✨✨✨✨✨✨✨✨✨✨✨✨✨
✨ TASK 1: All Batches Complete! ✨
Successfully processed 2357 models in this task.
Total time elapsed for this task: 13718.13 seconds.
--- Task 1 Finished ---
