--- Starting SLURM Job ---
Job ID: 66578029 | Array Task ID: 75 / 100
Running on host: della-i14g7
Allocated CPUs: 16
-----------------------------------------------------
⚠️ Warning: SAM2 library not found. The 'sam2' model type will not be available.
TASK 75/100: 🔍 Scanning for all models in '/scratch/gpfs/ZHUANGL/bz1474/Objaverse/dataset/Trellis500K'...
TASK 75/100: Found 235767 total models in source.
TASK 75/100: This task is responsible for 2357 models.
TASK 75/100: Skipping 0 completed models.
TASK 75/100: ➡️ Found 2357 new models to process.

--- 🧠 TASK 75: Loading DINOv2 model into VRAM... ---
Loading DinoV2 model...
✅ DinoV2 model loaded on cuda.
--- ✅ TASK 75: DINOv2 model loaded. ---

────────────────────────────────────────────────────────────────────────────────
📦 TASK 75: Processing Batch 1 / 3
--- 🚀 TASK 75: Starting Rendering with 8 workers... ---
✅ Generated 50 camera views for Blender.
❌ Failed to load mesh /scratch/gpfs/ZHUANGL/bz1474/Objaverse/dataset/Trellis500K/f84f36d3e1008f7c992f5654f8c777104c8e8a39d71a78152e292a146154aca9/model_normalized.glb: index 0 is out of bounds for axis 0 with size 0
❌ Failed to load mesh /scratch/gpfs/ZHUANGL/bz1474/Objaverse/dataset/Trellis500K/7ccf9abb52978ee388099b2ff54d4a82ca650c2701fd96bb658ebd71d4485ac9/model_normalized.glb: index 0 is out of bounds for axis 0 with size 0
❌ Failed to load mesh /scratch/gpfs/ZHUANGL/bz1474/Objaverse/dataset/Trellis500K/0533f041dac87dd50bf7f7170800db013d959f2ce4ae8254cd552f073d5c1949/model_normalized.glb: index 0 is out of bounds for axis 0 with size 0
--- ✅ TASK 75: Rendering for batch complete in 307.61s. ---
--- ⚙️ TASK 75: Encoding rendered images for the batch... ---
--- ✅ TASK 75: Batch 1 complete. Processed 997 models. ---
────────────────────────────────────────────────────────────────────────────────
📦 TASK 75: Processing Batch 2 / 3
--- 🚀 TASK 75: Starting Rendering with 8 workers... ---
✅ Generated 50 camera views for Blender.
❌ Failed to load mesh /scratch/gpfs/ZHUANGL/bz1474/Objaverse/dataset/Trellis500K/94a5665f22aa68b7dd3158b45c01741b57e147154f3578c8e0299214d704cbde/model_normalized.glb: index 0 is out of bounds for axis 0 with size 0
--- ✅ TASK 75: Rendering for batch complete in 303.98s. ---
--- ⚙️ TASK 75: Encoding rendered images for the batch... ---
--- ✅ TASK 75: Batch 2 complete. Processed 999 models. ---
────────────────────────────────────────────────────────────────────────────────
📦 TASK 75: Processing Batch 3 / 3
--- 🚀 TASK 75: Starting Rendering with 8 workers... ---
✅ Generated 50 camera views for Blender.
--- ✅ TASK 75: Rendering for batch complete in 111.76s. ---
--- ⚙️ TASK 75: Encoding rendered images for the batch... ---
--- ✅ TASK 75: Batch 3 complete. Processed 357 models. ---

✨✨✨✨✨✨✨✨✨✨✨✨✨✨✨✨✨✨✨✨
✨ TASK 75: All Batches Complete! ✨
Successfully processed 2353 models in this task.
Total time elapsed for this task: 6505.76 seconds.
--- Task 75 Finished ---
