--- Starting SLURM Job ---
Job ID: 66573483 | Array Task ID: 29 / 100
Running on host: della-l01g10
Allocated CPUs: 16
-----------------------------------------------------
⚠️ Warning: SAM2 library not found. The 'sam2' model type will not be available.
TASK 29/100: 🔍 Scanning for all models in '/scratch/gpfs/ZHUANGL/bz1474/Objaverse/dataset/Trellis500K'...
TASK 29/100: Found 235767 total models in source.
TASK 29/100: This task is responsible for 2358 models.
TASK 29/100: Skipping 0 completed models.
TASK 29/100: ➡️ Found 2358 new models to process.

--- 🧠 TASK 29: Loading DINOv2 model into VRAM... ---
Loading DinoV2 model...
✅ DinoV2 model loaded on cuda.
--- ✅ TASK 29: DINOv2 model loaded. ---

────────────────────────────────────────────────────────────────────────────────
📦 TASK 29: Processing Batch 1 / 3
--- 🚀 TASK 29: Starting Rendering with 8 workers... ---
✅ Generated 50 camera views for Blender.
--- ✅ TASK 29: Rendering for batch complete in 943.79s. ---
--- ⚙️ TASK 29: Encoding rendered images for the batch... ---
--- ✅ TASK 29: Batch 1 complete. Processed 1000 models. ---
────────────────────────────────────────────────────────────────────────────────
📦 TASK 29: Processing Batch 2 / 3
--- 🚀 TASK 29: Starting Rendering with 8 workers... ---
✅ Generated 50 camera views for Blender.
--- ✅ TASK 29: Rendering for batch complete in 1024.72s. ---
--- ⚙️ TASK 29: Encoding rendered images for the batch... ---
--- ✅ TASK 29: Batch 2 complete. Processed 1000 models. ---
────────────────────────────────────────────────────────────────────────────────
📦 TASK 29: Processing Batch 3 / 3
--- 🚀 TASK 29: Starting Rendering with 8 workers... ---
✅ Generated 50 camera views for Blender.
--- ✅ TASK 29: Rendering for batch complete in 330.56s. ---
--- ⚙️ TASK 29: Encoding rendered images for the batch... ---
--- ✅ TASK 29: Batch 3 complete. Processed 358 models. ---

✨✨✨✨✨✨✨✨✨✨✨✨✨✨✨✨✨✨✨✨
✨ TASK 29: All Batches Complete! ✨
Successfully processed 2358 models in this task.
Total time elapsed for this task: 14312.13 seconds.
--- Task 29 Finished ---
