--- Starting SLURM Job ---
Job ID: 66580306 | Array Task ID: 92 / 100
Running on host: della-i14g9
Allocated CPUs: 16
-----------------------------------------------------
⚠️ Warning: SAM2 library not found. The 'sam2' model type will not be available.
TASK 92/100: 🔍 Scanning for all models in '/scratch/gpfs/ZHUANGL/bz1474/Objaverse/dataset/Trellis500K'...
TASK 92/100: Found 235767 total models in source.
TASK 92/100: This task is responsible for 2357 models.
TASK 92/100: Skipping 0 completed models.
TASK 92/100: ➡️ Found 2357 new models to process.

--- 🧠 TASK 92: Loading DINOv2 model into VRAM... ---
Loading DinoV2 model...
✅ DinoV2 model loaded on cuda.
--- ✅ TASK 92: DINOv2 model loaded. ---

────────────────────────────────────────────────────────────────────────────────
📦 TASK 92: Processing Batch 1 / 3
--- 🚀 TASK 92: Starting Rendering with 8 workers... ---
✅ Generated 50 camera views for Blender.
❌ Failed to load mesh /scratch/gpfs/ZHUANGL/bz1474/Objaverse/dataset/Trellis500K/82071aec7ee0c4df352484a6b073c3d101d18f9e3088895d1e2203c1abe7648a/model_normalized.glb: index 0 is out of bounds for axis 0 with size 0
--- ✅ TASK 92: Rendering for batch complete in 302.88s. ---
--- ⚙️ TASK 92: Encoding rendered images for the batch... ---
--- ✅ TASK 92: Batch 1 complete. Processed 999 models. ---
────────────────────────────────────────────────────────────────────────────────
📦 TASK 92: Processing Batch 2 / 3
--- 🚀 TASK 92: Starting Rendering with 8 workers... ---
✅ Generated 50 camera views for Blender.
❌ Failed to load mesh /scratch/gpfs/ZHUANGL/bz1474/Objaverse/dataset/Trellis500K/4de0080018567f903b252cb4b5421c852178648415e71b470192caf415ccdfe2/model_normalized.glb: index 0 is out of bounds for axis 0 with size 0
--- ✅ TASK 92: Rendering for batch complete in 307.84s. ---
--- ⚙️ TASK 92: Encoding rendered images for the batch... ---
--- ✅ TASK 92: Batch 2 complete. Processed 999 models. ---
────────────────────────────────────────────────────────────────────────────────
📦 TASK 92: Processing Batch 3 / 3
--- 🚀 TASK 92: Starting Rendering with 8 workers... ---
✅ Generated 50 camera views for Blender.
--- ✅ TASK 92: Rendering for batch complete in 113.59s. ---
--- ⚙️ TASK 92: Encoding rendered images for the batch... ---
--- ✅ TASK 92: Batch 3 complete. Processed 357 models. ---

✨✨✨✨✨✨✨✨✨✨✨✨✨✨✨✨✨✨✨✨
✨ TASK 92: All Batches Complete! ✨
Successfully processed 2355 models in this task.
Total time elapsed for this task: 6607.77 seconds.
--- Task 92 Finished ---
