--- Starting SLURM Job ---
Job ID: 66573793 | Array Task ID: 33 / 100
Running on host: della-l01g11
Allocated CPUs: 16
-----------------------------------------------------
⚠️ Warning: SAM2 library not found. The 'sam2' model type will not be available.
TASK 33/100: 🔍 Scanning for all models in '/scratch/gpfs/ZHUANGL/bz1474/Objaverse/dataset/Trellis500K'...
TASK 33/100: Found 235767 total models in source.
TASK 33/100: This task is responsible for 2358 models.
TASK 33/100: Skipping 0 completed models.
TASK 33/100: ➡️ Found 2358 new models to process.

--- 🧠 TASK 33: Loading DINOv2 model into VRAM... ---
Loading DinoV2 model...
✅ DinoV2 model loaded on cuda.
--- ✅ TASK 33: DINOv2 model loaded. ---

────────────────────────────────────────────────────────────────────────────────
📦 TASK 33: Processing Batch 1 / 3
--- 🚀 TASK 33: Starting Rendering with 8 workers... ---
✅ Generated 50 camera views for Blender.
❌ Failed to load mesh /scratch/gpfs/ZHUANGL/bz1474/Objaverse/dataset/Trellis500K/516f373d7985cece559b4b724d750d9f622e7914f4c7f5127ae37fec607df3ec/model_normalized.glb: index 0 is out of bounds for axis 0 with size 0
--- ✅ TASK 33: Rendering for batch complete in 969.66s. ---
--- ⚙️ TASK 33: Encoding rendered images for the batch... ---
--- ✅ TASK 33: Batch 1 complete. Processed 999 models. ---
────────────────────────────────────────────────────────────────────────────────
📦 TASK 33: Processing Batch 2 / 3
--- 🚀 TASK 33: Starting Rendering with 8 workers... ---
✅ Generated 50 camera views for Blender.
--- ✅ TASK 33: Rendering for batch complete in 980.07s. ---
--- ⚙️ TASK 33: Encoding rendered images for the batch... ---
--- ✅ TASK 33: Batch 2 complete. Processed 1000 models. ---
────────────────────────────────────────────────────────────────────────────────
📦 TASK 33: Processing Batch 3 / 3
--- 🚀 TASK 33: Starting Rendering with 8 workers... ---
✅ Generated 50 camera views for Blender.
❌ Failed to load mesh /scratch/gpfs/ZHUANGL/bz1474/Objaverse/dataset/Trellis500K/667ec20bbbbb92a658d5de7d7913a3b36ca49efe3f2886cff5fa92f1a8ea1c4f/model_normalized.glb: index 0 is out of bounds for axis 0 with size 0
--- ✅ TASK 33: Rendering for batch complete in 398.00s. ---
--- ⚙️ TASK 33: Encoding rendered images for the batch... ---
--- ✅ TASK 33: Batch 3 complete. Processed 357 models. ---

✨✨✨✨✨✨✨✨✨✨✨✨✨✨✨✨✨✨✨✨
✨ TASK 33: All Batches Complete! ✨
Successfully processed 2356 models in this task.
Total time elapsed for this task: 14218.87 seconds.
--- Task 33 Finished ---
