--- Starting SLURM Job ---
Job ID: 66573511 | Array Task ID: 30 / 100
Running on host: della-i14g5
Allocated CPUs: 16
-----------------------------------------------------
⚠️ Warning: SAM2 library not found. The 'sam2' model type will not be available.
TASK 30/100: 🔍 Scanning for all models in '/scratch/gpfs/ZHUANGL/bz1474/Objaverse/dataset/Trellis500K'...
TASK 30/100: Found 235767 total models in source.
TASK 30/100: This task is responsible for 2358 models.
TASK 30/100: Skipping 0 completed models.
TASK 30/100: ➡️ Found 2358 new models to process.

--- 🧠 TASK 30: Loading DINOv2 model into VRAM... ---
Loading DinoV2 model...
✅ DinoV2 model loaded on cuda.
--- ✅ TASK 30: DINOv2 model loaded. ---

────────────────────────────────────────────────────────────────────────────────
📦 TASK 30: Processing Batch 1 / 3
--- 🚀 TASK 30: Starting Rendering with 8 workers... ---
✅ Generated 50 camera views for Blender.
--- ✅ TASK 30: Rendering for batch complete in 304.67s. ---
--- ⚙️ TASK 30: Encoding rendered images for the batch... ---
--- ✅ TASK 30: Batch 1 complete. Processed 1000 models. ---
────────────────────────────────────────────────────────────────────────────────
📦 TASK 30: Processing Batch 2 / 3
--- 🚀 TASK 30: Starting Rendering with 8 workers... ---
✅ Generated 50 camera views for Blender.
❌ Failed to load mesh /scratch/gpfs/ZHUANGL/bz1474/Objaverse/dataset/Trellis500K/8d2209fa2b91eb8909334f5fac44b175daaba3b468b26b2fb383b02507b5ada5/model_normalized.glb: index 0 is out of bounds for axis 0 with size 0
❌ Failed to load mesh /scratch/gpfs/ZHUANGL/bz1474/Objaverse/dataset/Trellis500K/51aca9c838d8a257b30305306a8e273a0a1075bd238e5e2976c4da3835fb9e5b/model_normalized.glb: index 0 is out of bounds for axis 0 with size 0
❌ Failed to load mesh /scratch/gpfs/ZHUANGL/bz1474/Objaverse/dataset/Trellis500K/24d4405c5b78925ab4fb5e3137747953a561a7d6ff4f81b7ea27b58ea27852df/model_normalized.glb: index 0 is out of bounds for axis 0 with size 0
❌ Failed to load mesh /scratch/gpfs/ZHUANGL/bz1474/Objaverse/dataset/Trellis500K/d17d28522d61f1d4ab253c3dd80314e538fb13683e1882cebe282107aba48271/model_normalized.glb: index 0 is out of bounds for axis 0 with size 0
--- ✅ TASK 30: Rendering for batch complete in 307.64s. ---
--- ⚙️ TASK 30: Encoding rendered images for the batch... ---
--- ✅ TASK 30: Batch 2 complete. Processed 996 models. ---
────────────────────────────────────────────────────────────────────────────────
📦 TASK 30: Processing Batch 3 / 3
--- 🚀 TASK 30: Starting Rendering with 8 workers... ---
✅ Generated 50 camera views for Blender.
❌ Failed to load mesh /scratch/gpfs/ZHUANGL/bz1474/Objaverse/dataset/Trellis500K/e6e59f373258934f1a7d1340e544db3284c72de9f63eccc860f6e1d46678b14b/model_normalized.glb: index 0 is out of bounds for axis 0 with size 0
--- ✅ TASK 30: Rendering for batch complete in 112.86s. ---
--- ⚙️ TASK 30: Encoding rendered images for the batch... ---
--- ✅ TASK 30: Batch 3 complete. Processed 357 models. ---

✨✨✨✨✨✨✨✨✨✨✨✨✨✨✨✨✨✨✨✨
✨ TASK 30: All Batches Complete! ✨
Successfully processed 2353 models in this task.
Total time elapsed for this task: 6547.49 seconds.
--- Task 30 Finished ---
