--- Starting SLURM Job ---
Job ID: 66569788 | Array Task ID: 8 / 100
Running on host: della-l01g11
Allocated CPUs: 16
-----------------------------------------------------
⚠️ Warning: SAM2 library not found. The 'sam2' model type will not be available.
TASK 8/100: 🔍 Scanning for all models in '/scratch/gpfs/ZHUANGL/bz1474/Objaverse/dataset/Trellis500K'...
TASK 8/100: Found 235767 total models in source.
TASK 8/100: This task is responsible for 2358 models.
TASK 8/100: Skipping 0 completed models.
TASK 8/100: ➡️ Found 2358 new models to process.

--- 🧠 TASK 8: Loading DINOv2 model into VRAM... ---
Loading DinoV2 model...
✅ DinoV2 model loaded on cuda.
--- ✅ TASK 8: DINOv2 model loaded. ---

────────────────────────────────────────────────────────────────────────────────
📦 TASK 8: Processing Batch 1 / 3
--- 🚀 TASK 8: Starting Rendering with 8 workers... ---
✅ Generated 50 camera views for Blender.
--- ✅ TASK 8: Rendering for batch complete in 924.40s. ---
--- ⚙️ TASK 8: Encoding rendered images for the batch... ---
--- ✅ TASK 8: Batch 1 complete. Processed 1000 models. ---
────────────────────────────────────────────────────────────────────────────────
📦 TASK 8: Processing Batch 2 / 3
--- 🚀 TASK 8: Starting Rendering with 8 workers... ---
✅ Generated 50 camera views for Blender.
--- ✅ TASK 8: Rendering for batch complete in 962.24s. ---
--- ⚙️ TASK 8: Encoding rendered images for the batch... ---
--- ✅ TASK 8: Batch 2 complete. Processed 1000 models. ---
────────────────────────────────────────────────────────────────────────────────
📦 TASK 8: Processing Batch 3 / 3
--- 🚀 TASK 8: Starting Rendering with 8 workers... ---
✅ Generated 50 camera views for Blender.
--- ✅ TASK 8: Rendering for batch complete in 353.87s. ---
--- ⚙️ TASK 8: Encoding rendered images for the batch... ---
--- ✅ TASK 8: Batch 3 complete. Processed 358 models. ---

✨✨✨✨✨✨✨✨✨✨✨✨✨✨✨✨✨✨✨✨
✨ TASK 8: All Batches Complete! ✨
Successfully processed 2358 models in this task.
Total time elapsed for this task: 13775.45 seconds.
--- Task 8 Finished ---
