--- Starting SLURM Job ---
Job ID: 66574991 | Array Task ID: 42 / 100
Running on host: della-i14g2
Allocated CPUs: 16
-----------------------------------------------------
⚠️ Warning: SAM2 library not found. The 'sam2' model type will not be available.
TASK 42/100: 🔍 Scanning for all models in '/scratch/gpfs/ZHUANGL/bz1474/Objaverse/dataset/Trellis500K'...
TASK 42/100: Found 235767 total models in source.
TASK 42/100: This task is responsible for 2358 models.
TASK 42/100: Skipping 0 completed models.
TASK 42/100: ➡️ Found 2358 new models to process.

--- 🧠 TASK 42: Loading DINOv2 model into VRAM... ---
Loading DinoV2 model...
✅ DinoV2 model loaded on cuda.
--- ✅ TASK 42: DINOv2 model loaded. ---

────────────────────────────────────────────────────────────────────────────────
📦 TASK 42: Processing Batch 1 / 3
--- 🚀 TASK 42: Starting Rendering with 8 workers... ---
✅ Generated 50 camera views for Blender.
❌ Failed to load mesh /scratch/gpfs/ZHUANGL/bz1474/Objaverse/dataset/Trellis500K/16ded13dd032ee5544a92b1c4ea96149e3956b08c123e791f3eab0d6640db3b4/model_normalized.glb: index 0 is out of bounds for axis 0 with size 0
❌ Failed to load mesh /scratch/gpfs/ZHUANGL/bz1474/Objaverse/dataset/Trellis500K/59e09cc7e55ad80634329e62d98f347ae4e0e834d1195be6ae7de9dbb512c00d/model_normalized.glb: index 0 is out of bounds for axis 0 with size 0
❌ Failed to load mesh /scratch/gpfs/ZHUANGL/bz1474/Objaverse/dataset/Trellis500K/9fafcbaa9c78a1fff3f6cc71c11e5d0e197f0935ef8db556d8cf0356c0c41117/model_normalized.glb: index 0 is out of bounds for axis 0 with size 0
--- ✅ TASK 42: Rendering for batch complete in 305.79s. ---
--- ⚙️ TASK 42: Encoding rendered images for the batch... ---
--- ✅ TASK 42: Batch 1 complete. Processed 997 models. ---
────────────────────────────────────────────────────────────────────────────────
📦 TASK 42: Processing Batch 2 / 3
--- 🚀 TASK 42: Starting Rendering with 8 workers... ---
✅ Generated 50 camera views for Blender.
❌ Failed to load mesh /scratch/gpfs/ZHUANGL/bz1474/Objaverse/dataset/Trellis500K/0e7161cc9f0530df783a039bdbe4d009cf19e9d537d5aa770770453693b99da4/model_normalized.glb: index 0 is out of bounds for axis 0 with size 0
❌ Failed to load mesh /scratch/gpfs/ZHUANGL/bz1474/Objaverse/dataset/Trellis500K/83f516d1c110e19b6e19053f58217d49479c71f7647ce2de6af27388f89b0415/model_normalized.glb: index 0 is out of bounds for axis 0 with size 0
--- ✅ TASK 42: Rendering for batch complete in 310.84s. ---
--- ⚙️ TASK 42: Encoding rendered images for the batch... ---
--- ✅ TASK 42: Batch 2 complete. Processed 998 models. ---
────────────────────────────────────────────────────────────────────────────────
📦 TASK 42: Processing Batch 3 / 3
--- 🚀 TASK 42: Starting Rendering with 8 workers... ---
✅ Generated 50 camera views for Blender.
--- ✅ TASK 42: Rendering for batch complete in 110.68s. ---
--- ⚙️ TASK 42: Encoding rendered images for the batch... ---
--- ✅ TASK 42: Batch 3 complete. Processed 358 models. ---

✨✨✨✨✨✨✨✨✨✨✨✨✨✨✨✨✨✨✨✨
✨ TASK 42: All Batches Complete! ✨
Successfully processed 2353 models in this task.
Total time elapsed for this task: 6550.19 seconds.
--- Task 42 Finished ---
