--- Starting SLURM Job ---
Job ID: 66568531 | Array Task ID: 7 / 100
Running on host: della-i14g4
Allocated CPUs: 16
-----------------------------------------------------
⚠️ Warning: SAM2 library not found. The 'sam2' model type will not be available.
TASK 7/100: 🔍 Scanning for all models in '/scratch/gpfs/ZHUANGL/bz1474/Objaverse/dataset/Trellis500K'...
TASK 7/100: Found 235767 total models in source.
TASK 7/100: This task is responsible for 2358 models.
TASK 7/100: Skipping 0 completed models.
TASK 7/100: ➡️ Found 2358 new models to process.

--- 🧠 TASK 7: Loading DINOv2 model into VRAM... ---
Loading DinoV2 model...
✅ DinoV2 model loaded on cuda.
--- ✅ TASK 7: DINOv2 model loaded. ---

────────────────────────────────────────────────────────────────────────────────
📦 TASK 7: Processing Batch 1 / 3
--- 🚀 TASK 7: Starting Rendering with 8 workers... ---
✅ Generated 50 camera views for Blender.
--- ✅ TASK 7: Rendering for batch complete in 309.34s. ---
--- ⚙️ TASK 7: Encoding rendered images for the batch... ---
--- ✅ TASK 7: Batch 1 complete. Processed 1000 models. ---
────────────────────────────────────────────────────────────────────────────────
📦 TASK 7: Processing Batch 2 / 3
--- 🚀 TASK 7: Starting Rendering with 8 workers... ---
✅ Generated 50 camera views for Blender.
❌ Failed to load mesh /scratch/gpfs/ZHUANGL/bz1474/Objaverse/dataset/Trellis500K/7e96453f80c45b294c22ffc6ea2324b41aa933fbd01f6cbecadb846e41159c51/model_normalized.glb: index 0 is out of bounds for axis 0 with size 0
--- ✅ TASK 7: Rendering for batch complete in 311.06s. ---
--- ⚙️ TASK 7: Encoding rendered images for the batch... ---
--- ✅ TASK 7: Batch 2 complete. Processed 999 models. ---
────────────────────────────────────────────────────────────────────────────────
📦 TASK 7: Processing Batch 3 / 3
--- 🚀 TASK 7: Starting Rendering with 8 workers... ---
✅ Generated 50 camera views for Blender.
--- ✅ TASK 7: Rendering for batch complete in 110.65s. ---
--- ⚙️ TASK 7: Encoding rendered images for the batch... ---
--- ✅ TASK 7: Batch 3 complete. Processed 358 models. ---

✨✨✨✨✨✨✨✨✨✨✨✨✨✨✨✨✨✨✨✨
✨ TASK 7: All Batches Complete! ✨
Successfully processed 2357 models in this task.
Total time elapsed for this task: 6587.42 seconds.
--- Task 7 Finished ---
