--- Starting SLURM Job ---
Job ID: 66577183 | Array Task ID: 65 / 100
Running on host: della-i14g6
Allocated CPUs: 16
-----------------------------------------------------
⚠️ Warning: SAM2 library not found. The 'sam2' model type will not be available.
TASK 65/100: 🔍 Scanning for all models in '/scratch/gpfs/ZHUANGL/bz1474/Objaverse/dataset/Trellis500K'...
TASK 65/100: Found 235767 total models in source.
TASK 65/100: This task is responsible for 2358 models.
TASK 65/100: Skipping 0 completed models.
TASK 65/100: ➡️ Found 2358 new models to process.

--- 🧠 TASK 65: Loading DINOv2 model into VRAM... ---
Loading DinoV2 model...
✅ DinoV2 model loaded on cuda.
--- ✅ TASK 65: DINOv2 model loaded. ---

────────────────────────────────────────────────────────────────────────────────
📦 TASK 65: Processing Batch 1 / 3
--- 🚀 TASK 65: Starting Rendering with 8 workers... ---
✅ Generated 50 camera views for Blender.
❌ Failed to load mesh /scratch/gpfs/ZHUANGL/bz1474/Objaverse/dataset/Trellis500K/d8e68f5d02e7fb3990ca8d55b10c9c7353fd9d1f78d82b6ed8fac140369f3cad/model_normalized.glb: index 0 is out of bounds for axis 0 with size 0
❌ Failed to load mesh /scratch/gpfs/ZHUANGL/bz1474/Objaverse/dataset/Trellis500K/22c92978b7235bec504a2e05cf14ceadaca4be1b9d60abaf357769037319011a/model_normalized.glb: index 0 is out of bounds for axis 0 with size 0
❌ Failed to load mesh /scratch/gpfs/ZHUANGL/bz1474/Objaverse/dataset/Trellis500K/06727910302bb816c9394a7b02d1563a54eee2e7052a034ebefaaccee41993a0/model_normalized.glb: index 0 is out of bounds for axis 0 with size 0
--- ✅ TASK 65: Rendering for batch complete in 301.90s. ---
--- ⚙️ TASK 65: Encoding rendered images for the batch... ---
--- ✅ TASK 65: Batch 1 complete. Processed 997 models. ---
────────────────────────────────────────────────────────────────────────────────
📦 TASK 65: Processing Batch 2 / 3
--- 🚀 TASK 65: Starting Rendering with 8 workers... ---
✅ Generated 50 camera views for Blender.
❌ Failed to load mesh /scratch/gpfs/ZHUANGL/bz1474/Objaverse/dataset/Trellis500K/551818af76b2525e3f5c171f04c88f71359225a755d4973a5cb63dbe0342bff0/model_normalized.glb: index 0 is out of bounds for axis 0 with size 0
--- ✅ TASK 65: Rendering for batch complete in 301.94s. ---
--- ⚙️ TASK 65: Encoding rendered images for the batch... ---
--- ✅ TASK 65: Batch 2 complete. Processed 999 models. ---
────────────────────────────────────────────────────────────────────────────────
📦 TASK 65: Processing Batch 3 / 3
--- 🚀 TASK 65: Starting Rendering with 8 workers... ---
✅ Generated 50 camera views for Blender.
--- ✅ TASK 65: Rendering for batch complete in 110.25s. ---
--- ⚙️ TASK 65: Encoding rendered images for the batch... ---
--- ✅ TASK 65: Batch 3 complete. Processed 358 models. ---

✨✨✨✨✨✨✨✨✨✨✨✨✨✨✨✨✨✨✨✨
✨ TASK 65: All Batches Complete! ✨
Successfully processed 2354 models in this task.
Total time elapsed for this task: 6484.43 seconds.
--- Task 65 Finished ---
