--- Starting SLURM Job ---
Job ID: 66573392 | Array Task ID: 28 / 100
Running on host: della-l01g10
Allocated CPUs: 16
-----------------------------------------------------
⚠️ Warning: SAM2 library not found. The 'sam2' model type will not be available.
TASK 28/100: 🔍 Scanning for all models in '/scratch/gpfs/ZHUANGL/bz1474/Objaverse/dataset/Trellis500K'...
TASK 28/100: Found 235767 total models in source.
TASK 28/100: This task is responsible for 2358 models.
TASK 28/100: Skipping 0 completed models.
TASK 28/100: ➡️ Found 2358 new models to process.

--- 🧠 TASK 28: Loading DINOv2 model into VRAM... ---
Loading DinoV2 model...
✅ DinoV2 model loaded on cuda.
--- ✅ TASK 28: DINOv2 model loaded. ---

────────────────────────────────────────────────────────────────────────────────
📦 TASK 28: Processing Batch 1 / 3
--- 🚀 TASK 28: Starting Rendering with 8 workers... ---
✅ Generated 50 camera views for Blender.
❌ Failed to load mesh /scratch/gpfs/ZHUANGL/bz1474/Objaverse/dataset/Trellis500K/035a816d07add796a87e43ece53171adf4d0898136810277f8fec9e470daa6da/model_normalized.glb: index 0 is out of bounds for axis 0 with size 0
--- ✅ TASK 28: Rendering for batch complete in 972.59s. ---
--- ⚙️ TASK 28: Encoding rendered images for the batch... ---
--- ✅ TASK 28: Batch 1 complete. Processed 999 models. ---
────────────────────────────────────────────────────────────────────────────────
📦 TASK 28: Processing Batch 2 / 3
--- 🚀 TASK 28: Starting Rendering with 8 workers... ---
✅ Generated 50 camera views for Blender.
--- ✅ TASK 28: Rendering for batch complete in 980.69s. ---
--- ⚙️ TASK 28: Encoding rendered images for the batch... ---
--- ✅ TASK 28: Batch 2 complete. Processed 1000 models. ---
────────────────────────────────────────────────────────────────────────────────
📦 TASK 28: Processing Batch 3 / 3
--- 🚀 TASK 28: Starting Rendering with 8 workers... ---
✅ Generated 50 camera views for Blender.
--- ✅ TASK 28: Rendering for batch complete in 334.78s. ---
--- ⚙️ TASK 28: Encoding rendered images for the batch... ---
--- ✅ TASK 28: Batch 3 complete. Processed 358 models. ---

✨✨✨✨✨✨✨✨✨✨✨✨✨✨✨✨✨✨✨✨
✨ TASK 28: All Batches Complete! ✨
Successfully processed 2357 models in this task.
Total time elapsed for this task: 14234.83 seconds.
--- Task 28 Finished ---
