--- Starting SLURM Job ---
Job ID: 66577286 | Array Task ID: 66 / 100
Running on host: della-i14g14
Allocated CPUs: 16
-----------------------------------------------------
⚠️ Warning: SAM2 library not found. The 'sam2' model type will not be available.
TASK 66/100: 🔍 Scanning for all models in '/scratch/gpfs/ZHUANGL/bz1474/Objaverse/dataset/Trellis500K'...
TASK 66/100: Found 235767 total models in source.
TASK 66/100: This task is responsible for 2358 models.
TASK 66/100: Skipping 0 completed models.
TASK 66/100: ➡️ Found 2358 new models to process.

--- 🧠 TASK 66: Loading DINOv2 model into VRAM... ---
Loading DinoV2 model...
✅ DinoV2 model loaded on cuda.
--- ✅ TASK 66: DINOv2 model loaded. ---

────────────────────────────────────────────────────────────────────────────────
📦 TASK 66: Processing Batch 1 / 3
--- 🚀 TASK 66: Starting Rendering with 8 workers... ---
✅ Generated 50 camera views for Blender.
❌ Failed to load mesh /scratch/gpfs/ZHUANGL/bz1474/Objaverse/dataset/Trellis500K/c53c229817e8dccf1351a3f5ff87e1bda0e416098fd4ef4747ac6e0d8aea0c82/model_normalized.glb: index 0 is out of bounds for axis 0 with size 0
❌ Failed to load mesh /scratch/gpfs/ZHUANGL/bz1474/Objaverse/dataset/Trellis500K/414e135601ccf89ea503d216d6f2b20503032a8cf4176428398c9b3ca42a5a8b/model_normalized.glb: index 0 is out of bounds for axis 0 with size 0
❌ Failed to load mesh /scratch/gpfs/ZHUANGL/bz1474/Objaverse/dataset/Trellis500K/2a3b1df1283e20df5f7dfe0303fd228ebcc505550bfbc958eb740d37e7a08eb2/model_normalized.glb: index 0 is out of bounds for axis 0 with size 0
❌ Failed to load mesh /scratch/gpfs/ZHUANGL/bz1474/Objaverse/dataset/Trellis500K/e7815e8df70ed89ac9db8b83c348c69ebaad2d73d74849ba6282d8ead6289df3/model_normalized.glb: index 0 is out of bounds for axis 0 with size 0
❌ Failed to load mesh /scratch/gpfs/ZHUANGL/bz1474/Objaverse/dataset/Trellis500K/f67b31f546228ae8b5ce8651af55c7d5b2cd1ef1fb8d33e341c9a42cd3af1c41/model_normalized.glb: index 0 is out of bounds for axis 0 with size 0
--- ✅ TASK 66: Rendering for batch complete in 299.23s. ---
--- ⚙️ TASK 66: Encoding rendered images for the batch... ---
--- ✅ TASK 66: Batch 1 complete. Processed 995 models. ---
────────────────────────────────────────────────────────────────────────────────
📦 TASK 66: Processing Batch 2 / 3
--- 🚀 TASK 66: Starting Rendering with 8 workers... ---
✅ Generated 50 camera views for Blender.
❌ Failed to load mesh /scratch/gpfs/ZHUANGL/bz1474/Objaverse/dataset/Trellis500K/19115c0ba2302ca8ecd3654e72f386ef23ef1bf28edb4a47119e9b4596021542/model_normalized.glb: index 0 is out of bounds for axis 0 with size 0
--- ✅ TASK 66: Rendering for batch complete in 309.69s. ---
--- ⚙️ TASK 66: Encoding rendered images for the batch... ---
--- ✅ TASK 66: Batch 2 complete. Processed 999 models. ---
────────────────────────────────────────────────────────────────────────────────
📦 TASK 66: Processing Batch 3 / 3
--- 🚀 TASK 66: Starting Rendering with 8 workers... ---
✅ Generated 50 camera views for Blender.
--- ✅ TASK 66: Rendering for batch complete in 110.21s. ---
--- ⚙️ TASK 66: Encoding rendered images for the batch... ---
--- ✅ TASK 66: Batch 3 complete. Processed 358 models. ---

✨✨✨✨✨✨✨✨✨✨✨✨✨✨✨✨✨✨✨✨
✨ TASK 66: All Batches Complete! ✨
Successfully processed 2352 models in this task.
Total time elapsed for this task: 6580.69 seconds.
--- Task 66 Finished ---
