--- Starting SLURM Job ---
Job ID: 66575161 | Array Task ID: 46 / 100
Running on host: della-i14g11
Allocated CPUs: 16
-----------------------------------------------------
⚠️ Warning: SAM2 library not found. The 'sam2' model type will not be available.
TASK 46/100: 🔍 Scanning for all models in '/scratch/gpfs/ZHUANGL/bz1474/Objaverse/dataset/Trellis500K'...
TASK 46/100: Found 235767 total models in source.
TASK 46/100: This task is responsible for 2358 models.
TASK 46/100: Skipping 0 completed models.
TASK 46/100: ➡️ Found 2358 new models to process.

--- 🧠 TASK 46: Loading DINOv2 model into VRAM... ---
Loading DinoV2 model...
✅ DinoV2 model loaded on cuda.
--- ✅ TASK 46: DINOv2 model loaded. ---

────────────────────────────────────────────────────────────────────────────────
📦 TASK 46: Processing Batch 1 / 3
--- 🚀 TASK 46: Starting Rendering with 8 workers... ---
✅ Generated 50 camera views for Blender.
--- ✅ TASK 46: Rendering for batch complete in 304.80s. ---
--- ⚙️ TASK 46: Encoding rendered images for the batch... ---
--- ✅ TASK 46: Batch 1 complete. Processed 1000 models. ---
────────────────────────────────────────────────────────────────────────────────
📦 TASK 46: Processing Batch 2 / 3
--- 🚀 TASK 46: Starting Rendering with 8 workers... ---
✅ Generated 50 camera views for Blender.
❌ Failed to load mesh /scratch/gpfs/ZHUANGL/bz1474/Objaverse/dataset/Trellis500K/902d711c9999e9a61bca90bec87e353d9d1e9feb9eea104edae221650d86e55a/model_normalized.glb: index 0 is out of bounds for axis 0 with size 0
--- ✅ TASK 46: Rendering for batch complete in 315.05s. ---
--- ⚙️ TASK 46: Encoding rendered images for the batch... ---
--- ✅ TASK 46: Batch 2 complete. Processed 999 models. ---
────────────────────────────────────────────────────────────────────────────────
📦 TASK 46: Processing Batch 3 / 3
--- 🚀 TASK 46: Starting Rendering with 8 workers... ---
✅ Generated 50 camera views for Blender.
--- ✅ TASK 46: Rendering for batch complete in 111.85s. ---
--- ⚙️ TASK 46: Encoding rendered images for the batch... ---
--- ✅ TASK 46: Batch 3 complete. Processed 358 models. ---

✨✨✨✨✨✨✨✨✨✨✨✨✨✨✨✨✨✨✨✨
✨ TASK 46: All Batches Complete! ✨
Successfully processed 2357 models in this task.
Total time elapsed for this task: 6587.65 seconds.
--- Task 46 Finished ---
