--- Starting SLURM Job ---
Job ID: 66575992 | Array Task ID: 50 / 100
Running on host: della-i14g5
Allocated CPUs: 16
-----------------------------------------------------
⚠️ Warning: SAM2 library not found. The 'sam2' model type will not be available.
TASK 50/100: 🔍 Scanning for all models in '/scratch/gpfs/ZHUANGL/bz1474/Objaverse/dataset/Trellis500K'...
TASK 50/100: Found 235767 total models in source.
TASK 50/100: This task is responsible for 2358 models.
TASK 50/100: Skipping 0 completed models.
TASK 50/100: ➡️ Found 2358 new models to process.

--- 🧠 TASK 50: Loading DINOv2 model into VRAM... ---
Loading DinoV2 model...
✅ DinoV2 model loaded on cuda.
--- ✅ TASK 50: DINOv2 model loaded. ---

────────────────────────────────────────────────────────────────────────────────
📦 TASK 50: Processing Batch 1 / 3
--- 🚀 TASK 50: Starting Rendering with 8 workers... ---
✅ Generated 50 camera views for Blender.
--- ✅ TASK 50: Rendering for batch complete in 304.68s. ---
--- ⚙️ TASK 50: Encoding rendered images for the batch... ---
--- ✅ TASK 50: Batch 1 complete. Processed 1000 models. ---
────────────────────────────────────────────────────────────────────────────────
📦 TASK 50: Processing Batch 2 / 3
--- 🚀 TASK 50: Starting Rendering with 8 workers... ---
✅ Generated 50 camera views for Blender.
--- ✅ TASK 50: Rendering for batch complete in 310.83s. ---
--- ⚙️ TASK 50: Encoding rendered images for the batch... ---
--- ✅ TASK 50: Batch 2 complete. Processed 1000 models. ---
────────────────────────────────────────────────────────────────────────────────
📦 TASK 50: Processing Batch 3 / 3
--- 🚀 TASK 50: Starting Rendering with 8 workers... ---
✅ Generated 50 camera views for Blender.
--- ✅ TASK 50: Rendering for batch complete in 115.68s. ---
--- ⚙️ TASK 50: Encoding rendered images for the batch... ---
--- ✅ TASK 50: Batch 3 complete. Processed 358 models. ---

✨✨✨✨✨✨✨✨✨✨✨✨✨✨✨✨✨✨✨✨
✨ TASK 50: All Batches Complete! ✨
Successfully processed 2358 models in this task.
Total time elapsed for this task: 6565.55 seconds.
--- Task 50 Finished ---
