--- Starting SLURM Job ---
Job ID: 66578155 | Array Task ID: 76 / 100
Running on host: della-i14g5
Allocated CPUs: 16
-----------------------------------------------------
⚠️ Warning: SAM2 library not found. The 'sam2' model type will not be available.
TASK 76/100: 🔍 Scanning for all models in '/scratch/gpfs/ZHUANGL/bz1474/Objaverse/dataset/Trellis500K'...
TASK 76/100: Found 235767 total models in source.
TASK 76/100: This task is responsible for 2357 models.
TASK 76/100: Skipping 0 completed models.
TASK 76/100: ➡️ Found 2357 new models to process.

--- 🧠 TASK 76: Loading DINOv2 model into VRAM... ---
Loading DinoV2 model...
✅ DinoV2 model loaded on cuda.
--- ✅ TASK 76: DINOv2 model loaded. ---

────────────────────────────────────────────────────────────────────────────────
📦 TASK 76: Processing Batch 1 / 3
--- 🚀 TASK 76: Starting Rendering with 8 workers... ---
✅ Generated 50 camera views for Blender.
❌ Failed to load mesh /scratch/gpfs/ZHUANGL/bz1474/Objaverse/dataset/Trellis500K/b49d0a81b2d441e5573d507c021fd172bf55191e1447cf2f07b21b15bcbcc472/model_normalized.glb: index 0 is out of bounds for axis 0 with size 0
❌ Failed to load mesh /scratch/gpfs/ZHUANGL/bz1474/Objaverse/dataset/Trellis500K/1aefec560544179a80f4582ed6b38e19400fe5df5a2f95b26a82bee9c38bfa0a/model_normalized.glb: index 0 is out of bounds for axis 0 with size 0
❌ Failed to load mesh /scratch/gpfs/ZHUANGL/bz1474/Objaverse/dataset/Trellis500K/3522b8c7651ca1686685f96c1db8999d277374111f0c2c9896b91bbf608faa61/model_normalized.glb: index 0 is out of bounds for axis 0 with size 0
--- ✅ TASK 76: Rendering for batch complete in 308.59s. ---
--- ⚙️ TASK 76: Encoding rendered images for the batch... ---
--- ✅ TASK 76: Batch 1 complete. Processed 997 models. ---
────────────────────────────────────────────────────────────────────────────────
📦 TASK 76: Processing Batch 2 / 3
--- 🚀 TASK 76: Starting Rendering with 8 workers... ---
✅ Generated 50 camera views for Blender.
--- ✅ TASK 76: Rendering for batch complete in 319.54s. ---
--- ⚙️ TASK 76: Encoding rendered images for the batch... ---
--- ✅ TASK 76: Batch 2 complete. Processed 1000 models. ---
────────────────────────────────────────────────────────────────────────────────
📦 TASK 76: Processing Batch 3 / 3
--- 🚀 TASK 76: Starting Rendering with 8 workers... ---
✅ Generated 50 camera views for Blender.
--- ✅ TASK 76: Rendering for batch complete in 112.35s. ---
--- ⚙️ TASK 76: Encoding rendered images for the batch... ---
--- ✅ TASK 76: Batch 3 complete. Processed 357 models. ---

✨✨✨✨✨✨✨✨✨✨✨✨✨✨✨✨✨✨✨✨
✨ TASK 76: All Batches Complete! ✨
Successfully processed 2354 models in this task.
Total time elapsed for this task: 6570.38 seconds.
--- Task 76 Finished ---
