--- Starting SLURM Job ---
Job ID: 66576568 | Array Task ID: 56 / 100
Running on host: della-l01g4
Allocated CPUs: 16
-----------------------------------------------------
⚠️ Warning: SAM2 library not found. The 'sam2' model type will not be available.
TASK 56/100: 🔍 Scanning for all models in '/scratch/gpfs/ZHUANGL/bz1474/Objaverse/dataset/Trellis500K'...
TASK 56/100: Found 235767 total models in source.
TASK 56/100: This task is responsible for 2358 models.
TASK 56/100: Skipping 0 completed models.
TASK 56/100: ➡️ Found 2358 new models to process.

--- 🧠 TASK 56: Loading DINOv2 model into VRAM... ---
Loading DinoV2 model...
✅ DinoV2 model loaded on cuda.
--- ✅ TASK 56: DINOv2 model loaded. ---

────────────────────────────────────────────────────────────────────────────────
📦 TASK 56: Processing Batch 1 / 3
--- 🚀 TASK 56: Starting Rendering with 8 workers... ---
✅ Generated 50 camera views for Blender.
❌ Failed to load mesh /scratch/gpfs/ZHUANGL/bz1474/Objaverse/dataset/Trellis500K/c53ceaa66ce49bbe0688cf102c4052319aab87d179f6340466f2f6780ce53d48/model_normalized.glb: index 0 is out of bounds for axis 0 with size 0
❌ Failed to load mesh /scratch/gpfs/ZHUANGL/bz1474/Objaverse/dataset/Trellis500K/dbba01805b68bbc8d06088a8649e5e1b94bcaa861a088370a8f01a6a12f9c24a/model_normalized.glb: index 0 is out of bounds for axis 0 with size 0
--- ✅ TASK 56: Rendering for batch complete in 1073.96s. ---
--- ⚙️ TASK 56: Encoding rendered images for the batch... ---
--- ✅ TASK 56: Batch 1 complete. Processed 998 models. ---
────────────────────────────────────────────────────────────────────────────────
📦 TASK 56: Processing Batch 2 / 3
--- 🚀 TASK 56: Starting Rendering with 8 workers... ---
✅ Generated 50 camera views for Blender.
--- ✅ TASK 56: Rendering for batch complete in 916.04s. ---
--- ⚙️ TASK 56: Encoding rendered images for the batch... ---
--- ✅ TASK 56: Batch 2 complete. Processed 1000 models. ---
────────────────────────────────────────────────────────────────────────────────
📦 TASK 56: Processing Batch 3 / 3
--- 🚀 TASK 56: Starting Rendering with 8 workers... ---
✅ Generated 50 camera views for Blender.
--- ✅ TASK 56: Rendering for batch complete in 329.35s. ---
--- ⚙️ TASK 56: Encoding rendered images for the batch... ---
--- ✅ TASK 56: Batch 3 complete. Processed 358 models. ---

✨✨✨✨✨✨✨✨✨✨✨✨✨✨✨✨✨✨✨✨
✨ TASK 56: All Batches Complete! ✨
Successfully processed 2356 models in this task.
Total time elapsed for this task: 13895.33 seconds.
--- Task 56 Finished ---
